year  n  hdr.sgml 200s  idxhdr 200s  hdr bytes(min/med/max)  item-codes parsed
2010  3   hdr=3/3     idxhdr=0/3    844/931/931   [['5.03', '5.07', '8.01', '9.01'], ['2.02', '8.01', '9.01'], ['2.02', '8.01', '9.01']]
2011  3   hdr=3/3     idxhdr=0/3    832/832/931   [['5.07', '8.01', '9.01'], ['2.02', '8.01', '9.01'], ['5.02', '8.01', '9.01']]
2012  3   hdr=3/3     idxhdr=0/3    812/829/983   [['8.01'], ['2.02', '8.01', '9.01'], ['8.01', '9.01']]
2013  3   hdr=3/3     idxhdr=0/3    812/852/971   [['7.01', '8.01', '9.01'], ['2.02', '8.01'], ['8.01', '9.01']]
2014  3   hdr=3/3     idxhdr=1/3    852/852/971   [['7.01', '8.01', '9.01'], ['7.01', '8.01', '9.01'], ['8.01', '9.01']]
2015  3   hdr=3/3     idxhdr=3/3    852/983/983   [['7.01', '8.01', '9.01'], ['2.02', '8.01', '9.01'], ['2.02', '8.01', '9.01']]
2016  3   hdr=3/3     idxhdr=3/3    892/969/984   [['8.01', '9.01'], ['7.01', '9.01'], ['2.02', '8.01', '9.01']]
2017  3   hdr=3/3     idxhdr=3/3    891/899/968   [['8.01', '9.01'], ['8.01', '9.01'], ['7.01', '9.01']]
2018  3   hdr=3/3     idxhdr=3/3    899/899/968   [['7.01', '9.01'], ['8.01', '9.01'], ['8.01', '9.01']]
2019  3   hdr=3/3     idxhdr=3/3    852/968/968   [['7.01', '8.01', '9.01'], ['7.01', '9.01'], ['7.01', '9.01']]
2020  3   hdr=3/3     idxhdr=3/3    847/968/968   [['7.01', '9.01'], ['7.01', '9.01'], ['7.01', '8.01', '9.01']]
2021  3   hdr=3/3     idxhdr=3/3    847/848/969   [['7.01', '8.01', '9.01'], ['7.01', '8.01', '9.01'], ['7.01', '9.01']]
2022  3   hdr=3/3     idxhdr=3/3    847/848/969   [['7.01', '8.01', '9.01'], ['7.01', '8.01', '9.01'], ['7.01', '9.01']]
2023  3   hdr=3/3     idxhdr=3/3    835/848/1166   [['7.01', '8.01', '9.01'], ['7.01', '9.01'], ['8.01', '9.01']]
2024  3   hdr=3/3     idxhdr=3/3    896/897/1144   [['7.01', '8.01', '9.01'], ['7.01', '8.01', '9.01'], ['8.01', '9.01']]
2025  3   hdr=3/3     idxhdr=3/3    896/897/1144   [['7.01', '8.01', '9.01'], ['7.01', '8.01', '9.01'], ['8.01', '9.01']]
2026  3   hdr=3/3     idxhdr=3/3    896/897/1144   [['7.01', '8.01', '9.01'], ['7.01', '8.01', '9.01'], ['8.01', '9.01']]

hdr.sgml size n=51 mean=921B median=897B max=1166B

--- amendments ---
forms=8-K    total={'value': 670, 'relation': 'eq'} forms_in_page={'8-K': 99, '8-K/A': 1} roots={('8-K',): 100}
forms=8-K/A  total={'value': 4, 'relation': 'eq'} forms_in_page={'8-K/A': 4} roots={('8-K',): 4}
q=the forms=8-K    Jan-2024 total={'value': 10000, 'relation': 'gte'}
q=the forms=8-K/A  Jan-2024 total={'value': 292, 'relation': 'eq'}
q=the forms=ZZ-NOTAFORM CONTROL total={'value': 0, 'relation': 'eq'}

--- daily index vs full index row counts for one date (PAC deletions) ---
  daily master.20210104.idx HTTP=200 rows=5327 8-K=241 8-K/A=6

[exited with code 0]
