['root', 'contract', 'ref', 'oi', 'cv'] [{'root': '6A', 'contract': '6AF0', 'ref': '2019-10-04', 'oi': 1, 'cv': 1}, {'root': '6A', 'contract': '6AF0', 'ref': '2019-10-07', 'oi': 1, 'cv': 1}]
CL n 1831 rho all/fall/rise 0.017 0.068 -0.013 sd_nxt 117.0
   fade_fall_big {'n': 266, 'gross_mean': -12.54, 'gross_median': -11.0, 't': -1.46, 'net_mean': -17.57, 'win': 0.45, 'trimmed': -12.5, 'pos_years': 2, 'n_years': 7, 'by_year_mean': {'2017': 6.58, '2018': -22.29, '2019': -19.11, '2020': -2.6, '2021': 10.59, '2022': -34.2, '2023': -13.36}}
   follow_rise_big {'n': 254, 'gross_mean': -6.72, 'gross_median': -2.5, 't': -1.01, 'net_mean': -11.75, 'win': 0.49, 'trimmed': -5.35, 'pos_years': 3, 'n_years': 7, 'by_year_mean': {'2017': 5.68, '2018': 18.84, '2019': 2.19, '2020': -0.77, '2021': -15.31, '2022': -49.92, '2023': -10.21}}
   fade_all_big {'n': 791, 'gross_mean': -0.7, 'gross_median': 0.0, 't': -0.15, 'net_mean': -5.73, 'win': 0.5, 'trimmed': -1.53, 'pos_years': 3, 'n_years': 7, 'by_year_mean': {'2017': 3.71, '2018': -10.44, '2019': -11.81, '2020': -0.96, '2021': 16.24, '2022': 9.07, '2023': -9.51}}
NG n 1838 rho all/fall/rise -0.023 0.013 -0.005 sd_nxt 108.9
   fade_fall_big {'n': 266, 'gross_mean': 4.58, 'gross_median': 1.0, 't': 0.57, 'net_mean': 0.58, 'win': 0.5, 'trimmed': 3.32, 'pos_years': 6, 'n_years': 7, 'by_year_mean': {'2017': 1.47, '2018': 18.31, '2019': -11.66, '2020': 1.38, '2021': 11.47, '2022': 5.8, '2023': 6.76}}
   follow_rise_big {'n': 273, 'gross_mean': -2.55, 'gross_median': 2.0, 't': -0.37, 'net_mean': -6.55, 'win': 0.51, 'trimmed': -3.23, 'pos_years': 4, 'n_years': 7, 'by_year_mean': {'2017': 3.91, '2018': 5.0, '2019': 1.67, '2020': -7.6, '2021': -2.63, '2022': -20.83, '2023': 5.34}}
   fade_all_big {'n': 796, 'gross_mean': 7.04, 'gross_median': -0.5, 't': 1.61, 'net_mean': 3.04, 'win': 0.49, 'trimmed': 6.1, 'pos_years': 4, 'n_years': 7, 'by_year_mean': {'2017': -3.91, '2018': -1.33, '2019': -1.18, '2020': 0.61, '2021': 14.49, '2022': 32.67, '2023': 2.11}}
GC n 1931 rho all/fall/rise -0.001 0.009 -0.001 sd_nxt 102.8
   fade_fall_big {'n': 284, 'gross_mean': -1.86, 'gross_median': -1.5, 't': -0.27, 'net_mean': -7.79, 'win': 0.48, 'trimmed': -1.44, 'pos_years': 3, 'n_years': 7, 'by_year_mean': {'2017': 17.32, '2018': -3.74, '2019': -0.27, '2020': -6.6, '2021': -30.27, '2022': 6.17, '2023': 2.61}}
   follow_rise_big {'n': 301, 'gross_mean': -3.56, 'gross_median': -2.0, 't': -0.62, 'net_mean': -9.49, 'win': 0.5, 'trimmed': -2.68, 'pos_years': 3, 'n_years': 7, 'by_year_mean': {'2017': -15.97, '2018': 0.53, '2019': 8.58, '2020': 16.38, '2021': -23.0, '2022': -6.81, '2023': -14.29}}
   fade_all_big {'n': 830, 'gross_mean': 0.6, 'gross_median': 0.5, 't': 0.16, 'net_mean': -5.34, 'win': 0.5, 'trimmed': 0.15, 'pos_years': 2, 'n_years': 7, 'by_year_mean': {'2017': 17.54, '2018': -2.84, '2019': -3.33, '2020': -0.96, '2021': -10.45, '2022': 6.26, '2023': -2.61}}
SI n 1933 rho all/fall/rise -0.021 -0.045 -0.045 sd_nxt 251.0
   fade_fall_big {'n': 299, 'gross_mean': 27.88, 'gross_median': 15.0, 't': 1.96, 'net_mean': 19.88, 'win': 0.53, 'trimmed': 20.56, 'pos_years': 4, 'n_years': 7, 'by_year_mean': {'2017': 45.14, '2018': 2.14, '2019': -6.59, '2020': 108.93, '2021': -38.95, '2022': 45.64, '2023': -11.09}}
   follow_rise_big {'n': 293, 'gross_mean': -13.02, 'gross_median': -15.0, 't': -0.89, 'net_mean': -21.02, 'win': 0.45, 'trimmed': -14.81, 'pos_years': 3, 'n_years': 7, 'by_year_mean': {'2017': -26.05, '2018': -37.68, '2019': 7.02, '2020': -52.74, '2021': -53.47, '2022': 51.6, '2023': 20.0}}
   fade_all_big {'n': 847, 'gross_mean': 12.78, 'gross_median': 15.0, 't': 1.44, 'net_mean': 4.78, 'win': 0.52, 'trimmed': 11.42, 'pos_years': 4, 'n_years': 7, 'by_year_mean': {'2017': 38.82, '2018': 9.83, '2019': -1.68, '2020': 60.09, '2021': 1.49, '2022': -9.72, '2023': -25.83}}
HG n 1931 rho all/fall/rise 0.022 0.053 -0.039 sd_nxt 70.5
   fade_fall_big {'n': 307, 'gross_mean': -5.19, 'gross_median': -3.75, 't': -1.31, 'net_mean': -9.44, 'win': 0.47, 'trimmed': -5.26, 'pos_years': 4, 'n_years': 7, 'by_year_mean': {'2017': 7.7, '2018': -20.59, '2019': 1.41, '2020': 1.07, '2021': -21.2, '2022': -1.1, '2023': 3.91}}
   follow_rise_big {'n': 289, 'gross_mean': -5.0, 'gross_median': 0.0, 't': -1.14, 'net_mean': -9.25, 'win': 0.48, 'trimmed': -5.1, 'pos_years': 3, 'n_years': 7, 'by_year_mean': {'2017': 2.87, '2018': -5.96, '2019': -1.59, '2020': -21.48, '2021': 2.91, '2022': -14.66, '2023': 11.15}}
   fade_all_big {'n': 834, 'gross_mean': -0.92, 'gross_median': 0.0, 't': -0.36, 'net_mean': -5.17, 'win': 0.5, 'trimmed': -0.51, 'pos_years': 4, 'n_years': 7, 'by_year_mean': {'2017': 2.62, '2018': -4.38, '2019': 4.25, '2020': 8.77, '2021': -14.26, '2022': 1.17, '2023': -3.08}}
6E n 1920 rho all/fall/rise 0.005 0.074 -0.014 sd_nxt 43.0
   fade_fall_big {'n': 258, 'gross_mean': -4.35, 'gross_median': -3.75, 't': -1.44, 'net_mean': -8.73, 'win': 0.47, 'trimmed': -3.96, 'pos_years': 4, 'n_years': 7, 'by_year_mean': {'2017': 21.29, '2018': -21.63, '2019': 2.12, '2020': -7.1, '2021': 1.76, '2022': -14.49, '2023': 0.23}}
   follow_rise_big {'n': 318, 'gross_mean': -1.59, 'gross_median': 0.0, 't': -0.69, 'net_mean': -5.97, 'win': 0.5, 'trimmed': -1.38, 'pos_years': 3, 'n_years': 7, 'by_year_mean': {'2017': -5.1, '2018': 2.11, '2019': 0.03, '2020': -2.58, '2021': 2.47, '2022': -0.61, '2023': -7.81}}
   fade_all_big {'n': 828, 'gross_mean': 0.12, 'gross_median': 0.0, 't': 0.08, 'net_mean': -4.26, 'win': 0.5, 'trimmed': 0.3, 'pos_years': 4, 'n_years': 7, 'by_year_mean': {'2017': 13.71, '2018': -5.27, '2019': 0.8, '2020': -3.4, '2021': 1.68, '2022': -7.84, '2023': 5.98}}
6A n 1920 rho all/fall/rise 0.007 0.004 0.028 sd_nxt 28.3
   fade_fall_big {'n': 260, 'gross_mean': -0.6, 'gross_median': -2.25, 't': -0.34, 'net_mean': nan, 'win': 0.45, 'trimmed': -0.55, 'pos_years': 3, 'n_years': 7, 'by_year_mean': {'2017': 3.68, '2018': -1.43, '2019': -5.72, '2020': -8.05, '2021': -2.93, '2022': 7.69, '2023': 1.7}}
   follow_rise_big {'n': 307, 'gross_mean': 0.64, 'gross_median': 0.0, 't': 0.41, 'net_mean': nan, 'win': 0.5, 'trimmed': 0.55, 'pos_years': 4, 'n_years': 7, 'by_year_mean': {'2017': 1.69, '2018': -2.98, '2019': 3.04, '2020': 0.66, '2021': -0.81, '2022': 4.09, '2023': -1.66}}
   fade_all_big {'n': 827, 'gross_mean': -1.18, 'gross_median': -1.5, 't': -1.21, 'net_mean': nan, 'win': 0.47, 'trimmed': -1.17, 'pos_years': 3, 'n_years': 7, 'by_year_mean': {'2017': 3.65, '2018': -2.09, '2019': -4.37, '2020': -4.28, '2021': 0.59, '2022': -1.08, '2023': 0.46}}
6B n 1920 rho all/fall/rise 0.022 0.063 0.01 sd_nxt 29.1
   fade_fall_big {'n': 276, 'gross_mean': -3.27, 'gross_median': -1.56, 't': -1.65, 'net_mean': nan, 'win': 0.47, 'trimmed': -2.85, 'pos_years': 3, 'n_years': 7, 'by_year_mean': {'2017': 6.1, '2018': -12.7, '2019': 4.21, '2020': -5.51, '2021': 1.71, '2022': -10.78, '2023': -2.85}}
   follow_rise_big {'n': 311, 'gross_mean': 0.74, 'gross_median': 3.12, 't': 0.45, 'net_mean': nan, 'win': 0.53, 'trimmed': 0.8, 'pos_years': 3, 'n_years': 7, 'by_year_mean': {'2017': -2.34, '2018': -0.24, '2019': 2.72, '2020': 5.26, '2021': -0.88, '2022': 5.07, '2023': -5.8}}
   fade_all_big {'n': 824, 'gross_mean': -2.41, 'gross_median': -0.94, 't': -2.27, 'net_mean': nan, 'win': 0.48, 'trimmed': -2.08, 'pos_years': 3, 'n_years': 7, 'by_year_mean': {'2017': 2.68, '2018': -4.69, '2019': -0.36, '2020': -4.17, '2021': 0.57, '2022': -8.64, '2023': 1.26}}
6J n 1920 rho all/fall/rise -0.022 -0.013 -0.037 sd_nxt 35.4
   fade_fall_big {'n': 289, 'gross_mean': 0.92, 'gross_median': 0.0, 't': 0.45, 'net_mean': nan, 'win': 0.5, 'trimmed': 0.7, 'pos_years': 2, 'n_years': 7, 'by_year_mean': {'2017': 10.61, '2018': -5.17, '2019': -3.91, '2020': 6.22, '2021': -1.52, '2022': -0.68, '2023': -2.63}}
   follow_rise_big {'n': 303, 'gross_mean': -1.42, 'gross_median': -0.62, 't': -0.8, 'net_mean': nan, 'win': 0.48, 'trimmed': -1.24, 'pos_years': 3, 'n_years': 7, 'by_year_mean': {'2017': -9.5, '2018': -3.49, '2019': 4.18, '2020': -4.58, '2021': -1.39, '2022': 0.81, '2023': 2.14}}
   fade_all_big {'n': 823, 'gross_mean': 1.51, 'gross_median': 0.62, 't': 1.31, 'net_mean': nan, 'win': 0.5, 'trimmed': 1.24, 'pos_years': 4, 'n_years': 7, 'by_year_mean': {'2017': 9.4, '2018': 1.33, '2019': -2.13, '2020': 3.3, '2021': -0.23, '2022': -0.88, '2023': 1.39}}
ZN n 1948 rho all/fall/rise -0.002 0.052 -0.019 sd_nxt 296.6
   fade_fall_big {'n': 284, 'gross_mean': -19.92, 'gross_median': -15.62, 't': -1.11, 'net_mean': nan, 'win': 0.45, 'trimmed': -21.36, 'pos_years': 1, 'n_years': 7, 'by_year_mean': {'2017': 13.79, '2018': -37.88, '2019': -1.8, '2020': -47.88, '2021': -35.62, '2022': -25.84, '2023': -5.37}}
   follow_rise_big {'n': 314, 'gross_mean': -2.49, 'gross_median': -15.62, 't': -0.14, 'net_mean': nan, 'win': 0.46, 'trimmed': -1.02, 'pos_years': 2, 'n_years': 7, 'by_year_mean': {'2017': -70.1, '2018': -4.23, '2019': 4.23, '2020': -47.45, '2021': -18.09, '2022': 89.77, '2023': -19.35}}
   fade_all_big {'n': 877, 'gross_mean': 3.71, 'gross_median': 0.0, 't': 0.34, 'net_mean': nan, 'win': 0.5, 'trimmed': -0.75, 'pos_years': 3, 'n_years': 7, 'by_year_mean': {'2017': 29.45, '2018': -12.15, '2019': -9.33, '2020': 33.31, '2021': -13.54, '2022': -14.36, '2023': 36.68}}
done
