{
 "n": 89244,
 "by_decile_abs_db": {
  "0": {
   "abs_db_lo": 0.0,
   "n": 8925,
   "fade15": -0.02,
   "fade30": -0.2,
   "fade60": -0.15,
   "fade120": -0.25,
   "fade30_t": -1.82,
   "fade30_median": 0.0
  },
  "1": {
   "abs_db_lo": 1.4,
   "n": 8924,
   "fade15": -0.02,
   "fade30": -0.04,
   "fade60": 0.14,
   "fade120": 0.23,
   "fade30_t": -0.37,
   "fade30_median": 0.0
  },
  "2": {
   "abs_db_lo": 3.0,
   "n": 8924,
   "fade15": 0.09,
   "fade30": 0.11,
   "fade60": -0.0,
   "fade120": -0.03,
   "fade30_t": 0.87,
   "fade30_median": 0.0
  },
  "3": {
   "abs_db_lo": 4.7,
   "n": 8925,
   "fade15": 0.18,
   "fade30": 0.26,
   "fade60": 0.14,
   "fade120": 0.23,
   "fade30_t": 2.21,
   "fade30_median": 0.0
  },
  "4": {
   "abs_db_lo": 6.6,
   "n": 8924,
   "fade15": 0.31,
   "fade30": 0.27,
   "fade60": 0.14,
   "fade120": 0.25,
   "fade30_t": 2.1,
   "fade30_median": 0.0
  },
  "5": {
   "abs_db_lo": 9.0,
   "n": 8924,
   "fade15": 0.13,
   "fade30": 0.3,
   "fade60": 0.09,
   "fade120": 0.12,
   "fade30_t": 2.06,
   "fade30_median": 0.0
  },
  "6": {
   "abs_db_lo": 12.3,
   "n": 8925,
   "fade15": 0.11,
   "fade30": -0.11,
   "fade60": -0.03,
   "fade120": -0.22,
   "fade30_t": -0.61,
   "fade30_median": 0.5
  },
  "7": {
   "abs_db_lo": 17.0,
   "n": 8924,
   "fade15": 0.49,
   "fade30": 0.27,
   "fade60": -0.11,
   "fade120": 0.11,
   "fade30_t": 1.3,
   "fade30_median": 0.5
  },
  "8": {
   "abs_db_lo": 25.0,
   "n": 8924,
   "fade15": 1.11,
   "fade30": 1.18,
   "fade60": 1.31,
   "fade120": 1.71,
   "fade30_t": 4.26,
   "fade30_median": 1.0
  },
  "9": {
   "abs_db_lo": 43.1,
   "n": 8925,
   "fade15": 2.06,
   "fade30": 2.34,
   "fade60": 2.62,
   "fade120": 1.75,
   "fade30_t": 6.04,
   "fade30_median": 2.0
  }
 },
 "top_5pct_in_sample_threshold": {
  "thr_usd": 64.24000000000524,
  "n": 4462,
  "fade30": {
   "label": "top 0.95",
   "n": 4462,
   "gross_mean": 3.3488346033168983,
   "gross_median": 3.0,
   "t": 5.444771379245397,
   "nw_t": 5.731359794060741,
   "net_mean": -0.9611653966831029,
   "cost": 4.31,
   "win": 0.5479605558045719,
   "skew": -0.4686281876601484,
   "ex_top1": 1.6875707493774055,
   "ex_bot1": 5.102558297486982,
   "trimmed": 3.4422461116193963,
   "net_sharpe_per_trade_ann": -0.37138090048411576,
   "pos_years": 3,
   "n_years": 6,
   "by_year_mean": {
    "2018": -1.23,
    "2019": -1.23,
    "2020": -0.82,
    "2021": 3.68,
    "2022": 2.7,
    "2023": 0.93
   },
   "by_year_n": {
    "2018": 39,
    "2019": 30,
    "2020": 52,
    "2021": 3614,
    "2022": 613,
    "2023": 114
   },
   "top_trade": 462.5,
   "top_share_of_total": 0.030951982599966538
  },
  "fade60": {
   "label": "top 0.95",
   "n": 4462,
   "gross_mean": 3.752017032720753,
   "gross_median": 3.5,
   "t": 4.792585777949416,
   "nw_t": 5.569870230413203,
   "net_mean": -0.5579829672792487,
   "cost": 4.31,
   "win": 0.5376512774540565,
   "skew": 0.09393941065878414,
   "ex_top1": 1.7550373556712702,
   "ex_bot1": 5.822730359972832,
   "trimmed": 3.8265096065873743,
   "net_sharpe_per_trade_ann": -0.16937976379479325,
   "pos_years": 4,
   "n_years": 6,
   "by_year_mean": {
    "2018": 1.04,
    "2019": -0.45,
    "2020": -0.56,
    "2021": 3.82,
    "2022": 4.31,
    "2023": 2.61
   },
   "by_year_n": {
    "2018": 39,
    "2019": 30,
    "2020": 52,
    "2021": 3614,
    "2022": 613,
    "2023": 114
   },
   "top_trade": 514.0,
   "top_share_of_total": 0.030702147358360958
  }
 },
 "top_2pct_in_sample_threshold": {
  "thr_usd": 94.28419999999865,
  "n": 1785,
  "fade30": {
   "label": "top 0.98",
   "n": 1785,
   "gross_mean": 3.757703081232493,
   "gross_median": 3.0,
   "t": 3.3474980124440967,
   "nw_t": 3.3183329140620814,
   "net_mean": -0.5522969187675081,
   "cost": 4.31,
   "win": 0.550140056022409,
   "skew": -0.8485422063109911,
   "ex_top1": 1.9286926994906621,
   "ex_bot1": 5.854272778720996,
   "trimmed": 4.028016009148085,
   "net_sharpe_per_trade_ann": -0.18486370269904745,
   "pos_years": 4,
   "n_years": 6,
   "by_year_mean": {
    "2018": -6.33,
    "2019": -1.89,
    "2020": 1.02,
    "2021": 3.98,
    "2022": 3.28,
    "2023": 1.3
   },
   "by_year_n": {
    "2018": 9,
    "2019": 9,
    "2020": 24,
    "2021": 1542,
    "2022": 178,
    "2023": 23
   },
   "top_trade": 295.0,
   "top_share_of_total": 0.04398061871039881
  },
  "fade60": {
   "label": "top 0.98",
   "n": 1785,
   "gross_mean": 4.1156862745098035,
   "gross_median": 4.5,
   "t": 3.038536516333572,
   "nw_t": 3.3180528848735493,
   "net_mean": -0.19431372549019763,
   "cost": 4.31,
   "win": 0.5400560224089636,
   "skew": -0.4449955792373262,
   "ex_top1": 2.182229767968308,
   "ex_bot1": 6.473967176004527,
   "trimmed": 4.544882790165809,
   "net_sharpe_per_trade_ann": -0.053902242805939506,
   "pos_years": 5,
   "n_years": 6,
   "by_year_mean": {
    "2018": -5.61,
    "2019": 1.78,
    "2020": 8.71,
    "2021": 4.23,
    "2022": 3.36,
    "2023": 2.0
   },
   "by_year_n": {
    "2018": 9,
    "2019": 9,
    "2020": 24,
    "2021": 1542,
    "2022": 178,
    "2023": 23
   },
   "top_trade": 246.5,
   "top_share_of_total": 0.033553392772068334
  }
 },
 "rho_lvl_yf30": -0.03785532031469705,
 "rho_lvl_yf60": -0.020817860756133455,
 "rho_lvl_yf120": -0.006189473630324999,
 "rho_lvl_ys60": 0.027056724135923155,
 "rho_lvl_yf60_by_year": {
  "2018": -0.043,
  "2019": -0.002,
  "2020": -0.016,
  "2021": -0.016,
  "2022": -0.018,
  "2023": -0.018
 },
 "lvl_fade_top3rd_h30": {
  "label": "level fade h30",
  "n": 25468,
  "gross_mean": 0.31985236375058895,
  "gross_median": 0.5,
  "t": 2.0761845274005513,
  "nw_t": 1.673312320288621,
  "net_mean": -3.9901476362494117,
  "cost": 4.31,
  "win": 0.5093843254279881,
  "skew": -0.3329056162652232,
  "ex_top1": -0.7619878634037996,
  "ex_bot1": 1.4863149543831813,
  "trimmed": 0.4052093768783811,
  "net_sharpe_per_trade_ann": -2.5763698037211866,
  "pos_years": 3,
  "n_years": 5,
  "by_year_mean": {
   "2019": -0.11,
   "2020": 0.1,
   "2021": 0.92,
   "2022": 0.58,
   "2023": -0.11
  },
  "by_year_n": {
   "2019": 4507,
   "2020": 4992,
   "2021": 7718,
   "2022": 2814,
   "2023": 5437
  },
  "top_trade": 526.5,
  "top_share_of_total": 0.06463294868647189
 },
 "lvl_fade_top3rd_h60": {
  "label": "level fade h60",
  "n": 25468,
  "gross_mean": -0.3056973456887074,
  "gross_median": 0.5,
  "t": -1.4706156410410958,
  "nw_t": -0.9688091332779379,
  "net_mean": -4.615697345688708,
  "cost": 4.31,
  "win": 0.5102481545468823,
  "skew": -1.20631730313919,
  "ex_top1": -1.7089679517689988,
  "ex_bot1": 1.3319052719266928,
  "trimmed": -0.06912996433294594,
  "net_sharpe_per_trade_ann": -2.2087557176545958,
  "pos_years": 2,
  "n_years": 5,
  "by_year_mean": {
   "2019": -0.36,
   "2020": 0.01,
   "2021": -0.59,
   "2022": 0.33,
   "2023": -0.49
  },
  "by_year_n": {
   "2019": 4507,
   "2020": 4992,
   "2021": 7718,
   "2022": 2814,
   "2023": 5437
  },
  "top_trade": 481.5,
  "top_share_of_total": -0.061845738873546975
 },
 "lvl_fade_top3rd_h120": {
  "label": "level fade h120",
  "n": 25468,
  "gross_mean": -1.1473417622114026,
  "gross_median": 0.5,
  "t": -4.059830904002546,
  "nw_t": -2.322888882721833,
  "net_mean": -5.457341762211405,
  "cost": 4.31,
  "win": 0.5075388723103502,
  "skew": -1.0023877162879158,
  "ex_top1": -2.9974812581809527,
  "ex_bot1": 1.0130091619402688,
  "trimmed": -0.8337874659400545,
  "net_sharpe_per_trade_ann": -1.9208751808632312,
  "pos_years": 1,
  "n_years": 5,
  "by_year_mean": {
   "2019": -1.11,
   "2020": 0.0,
   "2021": -2.35,
   "2022": -0.62,
   "2023": -0.79
  },
  "by_year_n": {
   "2019": 4507,
   "2020": 4992,
   "2021": 7718,
   "2022": 2814,
   "2023": 5437
  },
  "top_trade": 525.5,
  "top_share_of_total": -0.01798394962440752
 },
 "db_ge_3ticks_and_traded": {
  "n": 16113,
  "fade30": {
   "label": "3tick+traded",
   "n": 16113,
   "gross_mean": 0.77583317817911,
   "gross_median": 1.0,
   "t": 3.4479758759597003,
   "nw_t": 3.512682550966801,
   "net_mean": -3.534166821820891,
   "cost": 4.31,
   "win": 0.5188357227083721,
   "skew": -0.19529436350897833,
   "ex_top1": -0.4489373706977619,
   "ex_bot1": 2.0247006457275405,
   "trimmed": 0.8001773386534929,
   "net_sharpe_per_trade_ann": -1.9642419539052025,
   "pos_years": 6,
   "n_years": 6,
   "by_year_mean": {
    "2018": 1.17,
    "2019": 0.59,
    "2020": 0.35,
    "2021": 1.17,
    "2022": 0.56,
    "2023": 0.33
   },
   "by_year_n": {
    "2018": 829,
    "2019": 866,
    "2020": 1351,
    "2021": 6464,
    "2022": 3514,
    "2023": 3089
   },
   "top_trade": 459.5,
   "top_share_of_total": 0.03675705943524518
  },
  "fade60": {
   "label": "3tick+traded",
   "n": 16113,
   "gross_mean": 0.5815180289207472,
   "gross_median": 0.5,
   "t": 1.9398761211435276,
   "nw_t": 2.085603670096975,
   "net_mean": -3.7284819710792534,
   "cost": 4.31,
   "win": 0.5105194563396016,
   "skew": 0.3196961341286339,
   "ex_top1": -1.0226004639207573,
   "ex_bot1": 2.200614381543477,
   "trimmed": 0.5966495661536513,
   "net_sharpe_per_trade_ann": -1.5554459612585756,
   "pos_years": 5,
   "n_years": 6,
   "by_year_mean": {
    "2018": 1.14,
    "2019": 0.61,
    "2020": 0.26,
    "2021": 0.76,
    "2022": 0.88,
    "2023": -0.14
   },
   "by_year_n": {
    "2018": 829,
    "2019": 866,
    "2020": 1351,
    "2021": 6464,
    "2022": 3514,
    "2023": 3089
   },
   "top_trade": 683.5,
   "top_share_of_total": 0.07294557097118463
  }
 },
 "db_ge_6ticks": {
  "n": 14478,
  "fade30": {
   "label": "6tick",
   "n": 14478,
   "gross_mean": 2.0148155822627434,
   "gross_median": 1.5,
   "t": 7.251551097511713,
   "nw_t": 8.206506756678465,
   "net_mean": -2.295184417737257,
   "cost": 4.31,
   "win": 0.5334991020859234,
   "skew": 0.20042033458333103,
   "ex_top1": 0.5926184329868136,
   "ex_bot1": 3.386590385822926,
   "trimmed": 1.9638779250070482,
   "net_sharpe_per_trade_ann": -1.0898310613414803,
   "pos_years": 6,
   "n_years": 6,
   "by_year_mean": {
    "2018": 1.17,
    "2019": 1.07,
    "2020": 1.18,
    "2021": 2.49,
    "2022": 1.22,
    "2023": 1.38
   },
   "by_year_n": {
    "2018": 287,
    "2019": 303,
    "2020": 467,
    "2021": 8952,
    "2022": 3017,
    "2023": 1452
   },
   "top_trade": 462.5,
   "top_share_of_total": 0.01585505904938208
  },
  "fade60": {
   "label": "6tick",
   "n": 14478,
   "gross_mean": 2.4695399917115624,
   "gross_median": 2.0,
   "t": 6.658646732592555,
   "nw_t": 7.992827949210144,
   "net_mean": -1.8404600082884393,
   "cost": 4.31,
   "win": 0.5290786020168532,
   "skew": 0.5343657351790579,
   "ex_top1": 0.6383268210996371,
   "ex_bot1": 4.265857232572745,
   "trimmed": 2.434155798378569,
   "net_sharpe_per_trade_ann": -0.6546999084881321,
   "pos_years": 6,
   "n_years": 6,
   "by_year_mean": {
    "2018": 1.29,
    "2019": 2.06,
    "2020": 0.78,
    "2021": 2.99,
    "2022": 1.88,
    "2023": 1.31
   },
   "by_year_n": {
    "2018": 287,
    "2019": 303,
    "2020": 467,
    "2021": 8952,
    "2022": 3017,
    "2023": 1452
   },
   "top_trade": 683.5,
   "top_share_of_total": 0.019116742182692846
  }
 },
 "sd_xf": 155.03057635221728,
 "sd_xs": 149.34997903247307,
 "sd_db": 30.29455137714625
}
done
