spot minutes 3146974 2018-01-01 00:01:00 2023-12-31 23:59:00
{
 "minutes": 1509973,
 "span": [
  "2018-01-01 23:09:00",
  "2023-12-29 21:30:00"
 ],
 "share_traded_minutes": 0.7144386025445488,
 "sd_db5": 29.208357954058677,
 "median_abs_db5": 7.869999999998981,
 "sd_yf5_MBT": 8.002319278043144,
 "sd_yf15_MBT": 13.479484655022718,
 "sd_yf30_MBT": 18.270702695367227,
 "rho_db5_yf5": -0.10918237414657678,
 "rho_db5_ys5": 0.009402122208588532,
 "rho_db5_yf15": -0.06224928643770567,
 "rho_db5_ys15": 0.011850031426934195,
 "rho_db5_yf30": -0.04635563343013348,
 "rho_db5_ys30": 0.010222685132393524,
 "rho_db5_yf15_by_year": {
  "2018": -0.068,
  "2019": -0.067,
  "2020": -0.063,
  "2021": -0.067,
  "2022": -0.066,
  "2023": -0.063
 },
 "fade_by_decile_abs_db5": {
  "0": {
   "lo": 0.0,
   "n": 107592,
   "h5": 0.02,
   "h15": 0.02,
   "h30": 0.01
  },
  "1": {
   "lo": 1.2,
   "n": 107592,
   "h5": 0.05,
   "h15": 0.05,
   "h30": 0.03
  },
  "2": {
   "lo": 2.6,
   "n": 107591,
   "h5": 0.11,
   "h15": 0.08,
   "h30": 0.07
  },
  "3": {
   "lo": 4.0,
   "n": 107592,
   "h5": 0.14,
   "h15": 0.11,
   "h30": 0.14
  },
  "4": {
   "lo": 5.8,
   "n": 107592,
   "h5": 0.17,
   "h15": 0.13,
   "h30": 0.14
  },
  "5": {
   "lo": 7.9,
   "n": 107591,
   "h5": 0.26,
   "h15": 0.21,
   "h30": 0.17
  },
  "6": {
   "lo": 10.8,
   "n": 107592,
   "h5": 0.41,
   "h15": 0.35,
   "h30": 0.41
  },
  "7": {
   "lo": 15.1,
   "n": 107591,
   "h5": 0.57,
   "h15": 0.53,
   "h30": 0.56
  },
  "8": {
   "lo": 22.5,
   "n": 107592,
   "h5": 0.98,
   "h15": 0.8,
   "h30": 0.77
  },
  "9": {
   "lo": 38.6,
   "n": 107592,
   "h5": 2.16,
   "h15": 2.21,
   "h30": 2.21
  }
 },
 "fade_top_5pct_insample": {
  "thr": 57.279999999998836,
  "n": 53795,
  "h5": {
   "label": "top0.95 h5",
   "n": 52043,
   "gross_mean": 2.849787675575966,
   "gross_median": 2.5,
   "t": 33.88150311317766,
   "nw_t": 29.607815009902033,
   "net_mean": -1.460212324424034,
   "cost": 4.31,
   "win": 0.5831139634532982,
   "skew": 0.3065924945906145,
   "ex_top1": 2.0277518928363425,
   "ex_bot1": 3.6553019274442438,
   "trimmed": 2.8332385360687247,
   "net_sharpe_per_trade_ann": -1.2080510396846957,
   "pos_years": 6,
   "n_years": 6,
   "by_year_mean": {
    "2018": 2.02,
    "2019": 1.07,
    "2020": 2.29,
    "2021": 3.0,
    "2022": 2.63,
    "2023": 1.45
   },
   "by_year_n": {
    "2018": 1962,
    "2019": 332,
    "2020": 531,
    "2021": 40546,
    "2022": 7255,
    "2023": 1417
   },
   "top_trade": 376.0,
   "top_share_of_total": 0.002535204620005866
  },
  "h15": {
   "label": "top0.95 h15",
   "n": 51631,
   "gross_mean": 2.8794716352578877,
   "gross_median": 2.5,
   "t": 20.87739307183587,
   "nw_t": 18.798888029829726,
   "net_mean": -1.4305283647421132,
   "cost": 4.31,
   "win": 0.55046386860607,
   "skew": -0.21988552660534802,
   "ex_top1": 1.5642683833600752,
   "ex_bot1": 4.2010800446105385,
   "trimmed": 2.886021271548316,
   "net_sharpe_per_trade_ann": -0.7246110270505024,
   "pos_years": 6,
   "n_years": 6,
   "by_year_mean": {
    "2018": 2.2,
    "2019": 0.79,
    "2020": 2.1,
    "2021": 3.05,
    "2022": 2.58,
    "2023": 1.09
   },
   "by_year_n": {
    "2018": 1897,
    "2019": 330,
    "2020": 528,
    "2021": 40312,
    "2022": 7159,
    "2023": 1405
   },
   "top_trade": 493.0,
   "top_share_of_total": 0.0033160691464316945
  },
  "h30": {
   "label": "top0.95 h30",
   "n": 53795,
   "gross_mean": 2.9028348359512965,
   "gross_median": 2.5,
   "t": 16.441936990199103,
   "nw_t": 15.210178219023714,
   "net_mean": -1.4071651640487044,
   "cost": 4.31,
   "win": 0.5381355144530161,
   "skew": 0.21272130984969873,
   "ex_top1": 1.2082543139868938,
   "ex_bot1": 4.551853312302839,
   "trimmed": 2.856775674342729,
   "net_sharpe_per_trade_ann": -0.5455129224443043,
   "pos_years": 6,
   "n_years": 6,
   "by_year_mean": {
    "2018": 1.91,
    "2019": 1.21,
    "2020": 2.14,
    "2021": 3.01,
    "2022": 2.9,
    "2023": 1.84
   },
   "by_year_n": {
    "2018": 2154,
    "2019": 332,
    "2020": 536,
    "2021": 41769,
    "2022": 7564,
    "2023": 1440
   },
   "top_trade": 709.5,
   "top_share_of_total": 0.004543475198196699
  },
  "by_sess_h15": {
   "ASIA": 2.85,
   "EU": 3.05,
   "EVE": 2.93,
   "US": 2.79
  }
 },
 "fade_top_1pct_insample": {
  "thr": 106.15000000000087,
  "n": 10760,
  "h5": {
   "label": "top0.99 h5",
   "n": 10431,
   "gross_mean": 4.720832134982264,
   "gross_median": 4.0,
   "t": 18.63661800056918,
   "nw_t": 15.808237541977002,
   "net_mean": 0.4108321349822642,
   "cost": 4.31,
   "win": 0.6103921004697537,
   "skew": 0.9554732359841749,
   "ex_top1": 3.46682808716707,
   "ex_bot1": 5.779004454774356,
   "trimmed": 4.523091976516634,
   "net_sharpe_per_trade_ann": 0.2520868837810367,
   "pos_years": 6,
   "n_years": 6,
   "by_year_mean": {
    "2018": 3.3,
    "2019": 3.27,
    "2020": 1.26,
    "2021": 4.92,
    "2022": 4.46,
    "2023": 2.87
   },
   "by_year_n": {
    "2018": 563,
    "2019": 81,
    "2020": 105,
    "2021": 8670,
    "2022": 902,
    "2023": 110
   },
   "top_trade": 376.0,
   "top_share_of_total": 0.0076356030298722665
  },
  "h15": {
   "label": "top0.99 h15",
   "n": 10357,
   "gross_mean": 4.0544559235299795,
   "gross_median": 4.5,
   "t": 10.231077942439502,
   "nw_t": 8.76764949811087,
   "net_mean": -0.2555440764700212,
   "cost": 4.31,
   "win": 0.5652215892633001,
   "skew": -0.2873014428783862,
   "ex_top1": 2.35479465418008,
   "ex_bot1": 5.8526772651906755,
   "trimmed": 4.154380605104957,
   "net_sharpe_per_trade_ann": -0.10058608627143507,
   "pos_years": 6,
   "n_years": 6,
   "by_year_mean": {
    "2018": 3.19,
    "2019": 5.26,
    "2020": 2.16,
    "2021": 4.13,
    "2022": 4.2,
    "2023": 1.78
   },
   "by_year_n": {
    "2018": 543,
    "2019": 81,
    "2020": 104,
    "2021": 8636,
    "2022": 884,
    "2023": 109
   },
   "top_trade": 468.0,
   "top_share_of_total": 0.01114497999618975
  },
  "h30": {
   "label": "top0.99 h30",
   "n": 10760,
   "gross_mean": 4.591217472118959,
   "gross_median": 4.0,
   "t": 9.189786307200238,
   "nw_t": 7.862228319491076,
   "net_mean": 0.2812174721189577,
   "cost": 4.31,
   "win": 0.5473048327137546,
   "skew": 0.4138190132611021,
   "ex_top1": 2.3187494132006385,
   "ex_bot1": 6.697634024974181,
   "trimmed": 4.4234490608992605,
   "net_sharpe_per_trade_ann": 0.08614180804471756,
   "pos_years": 6,
   "n_years": 6,
   "by_year_mean": {
    "2018": 2.82,
    "2019": 5.27,
    "2020": 3.53,
    "2021": 4.52,
    "2022": 6.09,
    "2023": 7.61
   },
   "by_year_n": {
    "2018": 595,
    "2019": 81,
    "2020": 106,
    "2021": 8941,
    "2022": 927,
    "2023": 110
   },
   "top_trade": 546.5,
   "top_share_of_total": 0.011062417133083003
  },
  "by_sess_h15": {
   "ASIA": 4.72,
   "EU": 4.42,
   "EVE": 5.35,
   "US": 2.65
  }
 },
 "fade_top5_walkforward": {
  "n": 63578,
  "h5": {
   "label": "wf top5 h5",
   "n": 62081,
   "gross_mean": 1.6765999259032554,
   "gross_median": 1.0,
   "t": 29.735760067351322,
   "nw_t": 24.70803915465671,
   "net_mean": -2.6334000740967447,
   "cost": 4.31,
   "win": 0.5692240782203895,
   "skew": 1.1880556608067945,
   "ex_top1": 0.9854192771476461,
   "ex_bot1": 2.32983935285405,
   "trimmed": 1.6381292242924568,
   "net_sharpe_per_trade_ann": -2.9756877909754573,
   "pos_years": 6,
   "n_years": 6,
   "by_year_mean": {
    "2018": 0.29,
    "2019": 0.47,
    "2020": 0.75,
    "2021": 3.75,
    "2022": 2.09,
    "2023": 1.17
   },
   "by_year_n": {
    "2018": 2751,
    "2019": 9081,
    "2020": 14323,
    "2021": 15577,
    "2022": 6639,
    "2023": 13710
   },
   "top_trade": 376.0,
   "top_share_of_total": 0.0036124321468030936
  },
  "h15": {
   "label": "wf top5 h15",
   "n": 61709,
   "gross_mean": 1.515435349786903,
   "gross_median": 1.0,
   "t": 16.83578438249496,
   "nw_t": 14.318050993220439,
   "net_mean": -2.794564650213097,
   "cost": 4.31,
   "win": 0.5409259589362978,
   "skew": -0.35903321336659744,
   "ex_top1": 0.4511640090370322,
   "ex_bot1": 2.5798343400612223,
   "trimmed": 1.5156875392808706,
   "net_sharpe_per_trade_ann": -1.9839746497973683,
   "pos_years": 6,
   "n_years": 6,
   "by_year_mean": {
    "2018": 0.07,
    "2019": 0.57,
    "2020": 0.7,
    "2021": 3.3,
    "2022": 1.77,
    "2023": 1.14
   },
   "by_year_n": {
    "2018": 2718,
    "2019": 9055,
    "2020": 14230,
    "2021": 15511,
    "2022": 6532,
    "2023": 13663
   },
   "top_trade": 468.0,
   "top_share_of_total": 0.005004491210060311
  },
  "h30": {
   "label": "wf top5 h30",
   "n": 63578,
   "gross_mean": 1.6707980748057505,
   "gross_median": 1.0,
   "t": 14.415185604903916,
   "nw_t": 12.377364958152016,
   "net_mean": -2.63920192519425,
   "cost": 4.31,
   "win": 0.5338796439019786,
   "skew": 0.4351818885587971,
   "ex_top1": 0.2724520926685099,
   "ex_bot1": 3.0114320669876227,
   "trimmed": 1.612556788082128,
   "net_sharpe_per_trade_ann": -1.4335595265814505,
   "pos_years": 6,
   "n_years": 6,
   "by_year_mean": {
    "2018": 0.33,
    "2019": 0.54,
    "2020": 0.75,
    "2021": 3.5,
    "2022": 2.2,
    "2023": 1.32
   },
   "by_year_n": {
    "2018": 2815,
    "2019": 9261,
    "2020": 14629,
    "2021": 15972,
    "2022": 6865,
    "2023": 14036
   },
   "top_trade": 546.5,
   "top_share_of_total": 0.005144691506787416
  },
  "by_sess_h15": {
   "ASIA": 1.66,
   "EU": 1.76,
   "EVE": 1.55,
   "US": 1.26
  }
 },
 "rest_X40": {
  "fills_long": 119393,
  "fills_short": 113437,
  "fills_per_year": 38805.0,
  "h5": {
   "n": 229353,
   "gross_mean": -1.87,
   "gross_median": -0.9,
   "t": -52.29,
   "net_mean": -5.52,
   "win": 0.46,
   "ex_top1": -2.54,
   "trimmed": -1.76,
   "pos_years": 0,
   "n_years": 6,
   "by_year_mean": {
    "2018": -2.66,
    "2019": -1.2,
    "2020": -1.02,
    "2021": -2.38,
    "2022": -1.32,
    "2023": -0.87
   },
   "top_trade": 379.5,
   "net_at_taker_cost": -6.18
  },
  "h15": {
   "n": 228021,
   "gross_mean": -1.93,
   "gross_median": -0.78,
   "t": -34.2,
   "net_mean": -5.58,
   "win": 0.48,
   "ex_top1": -2.99,
   "trimmed": -1.8,
   "pos_years": 0,
   "n_years": 6,
   "by_year_mean": {
    "2018": -2.58,
    "2019": -1.23,
    "2020": -0.76,
    "2021": -2.44,
    "2022": -1.37,
    "2023": -1.05
   },
   "top_trade": 502.69,
   "net_at_taker_cost": -6.24
  },
  "h30": {
   "n": 232830,
   "gross_mean": -1.86,
   "gross_median": -0.64,
   "t": -25.03,
   "net_mean": -5.51,
   "win": 0.49,
   "ex_top1": -3.29,
   "trimmed": -1.77,
   "pos_years": 0,
   "n_years": 6,
   "by_year_mean": {
    "2018": -2.89,
    "2019": -1.07,
    "2020": -0.84,
    "2021": -2.19,
    "2022": -1.54,
    "2023": -1.24
   },
   "top_trade": 722.83,
   "net_at_taker_cost": -6.17
  },
  "both_sides_same_minute": 8724
 },
 "rest_X60": {
  "fills_long": 68793,
  "fills_short": 64304,
  "fills_per_year": 22182.8,
  "h5": {
   "n": 131512,
   "gross_mean": -1.96,
   "gross_median": -0.85,
   "t": -35.82,
   "net_mean": -5.61,
   "win": 0.47,
   "ex_top1": -2.74,
   "trimmed": -1.84,
   "pos_years": 0,
   "n_years": 6,
   "by_year_mean": {
    "2018": -3.65,
    "2019": -1.59,
    "2020": -1.01,
    "2021": -2.25,
    "2022": -1.44,
    "2023": -0.96
   },
   "top_trade": 381.5,
   "net_at_taker_cost": -6.27
  },
  "h15": {
   "n": 130787,
   "gross_mean": -2.01,
   "gross_median": -0.8,
   "t": -23.7,
   "net_mean": -5.66,
   "win": 0.48,
   "ex_top1": -3.2,
   "trimmed": -1.86,
   "pos_years": 0,
   "n_years": 6,
   "by_year_mean": {
    "2018": -3.71,
    "2019": -1.49,
    "2020": -0.5,
    "2021": -2.34,
    "2022": -1.42,
    "2023": -1.11
   },
   "top_trade": 504.69,
   "net_at_taker_cost": -6.32
  },
  "h30": {
   "n": 133097,
   "gross_mean": -1.89,
   "gross_median": -0.53,
   "t": -16.93,
   "net_mean": -5.54,
   "win": 0.49,
   "ex_top1": -3.51,
   "trimmed": -1.8,
   "pos_years": 0,
   "n_years": 6,
   "by_year_mean": {
    "2018": -4.2,
    "2019": -1.34,
    "2020": -0.64,
    "2021": -2.0,
    "2022": -1.78,
    "2023": -1.19
   },
   "top_trade": 724.83,
   "net_at_taker_cost": -6.2
  },
  "both_sides_same_minute": 3235
 },
 "rest_X100": {
  "fills_long": 27879,
  "fills_short": 25403,
  "fills_per_year": 8880.3,
  "h5": {
   "n": 52883,
   "gross_mean": -2.17,
   "gross_median": -0.74,
   "t": -20.11,
   "net_mean": -5.82,
   "win": 0.48,
   "ex_top1": -3.11,
   "trimmed": -1.98,
   "pos_years": 0,
   "n_years": 6,
   "by_year_mean": {
    "2018": -5.49,
    "2019": -2.6,
    "2020": -0.66,
    "2021": -2.27,
    "2022": -1.54,
    "2023": -1.65
   },
   "top_trade": 385.5,
   "net_at_taker_cost": -6.48
  },
  "h15": {
   "n": 52643,
   "gross_mean": -2.01,
   "gross_median": -0.56,
   "t": -12.26,
   "net_mean": -5.66,
   "win": 0.49,
   "ex_top1": -3.46,
   "trimmed": -1.78,
   "pos_years": 0,
   "n_years": 6,
   "by_year_mean": {
    "2018": -5.59,
    "2019": -2.05,
    "2020": -0.44,
    "2021": -2.15,
    "2022": -1.17,
    "2023": -1.55
   },
   "top_trade": 508.69,
   "net_at_taker_cost": -6.32
  },
  "h30": {
   "n": 53282,
   "gross_mean": -1.48,
   "gross_median": 0.04,
   "t": -6.89,
   "net_mean": -5.13,
   "win": 0.5,
   "ex_top1": -3.45,
   "trimmed": -1.35,
   "pos_years": 0,
   "n_years": 6,
   "by_year_mean": {
    "2018": -5.83,
    "2019": -1.55,
    "2020": -1.08,
    "2021": -1.33,
    "2022": -1.7,
    "2023": -1.04
   },
   "top_trade": 728.83,
   "net_at_taker_cost": -5.79
  },
  "both_sides_same_minute": 770
 },
 "rest_X150": {
  "fills_long": 11250,
  "fills_short": 10015,
  "fills_per_year": 3544.2,
  "h5": {
   "n": 21179,
   "gross_mean": -2.27,
   "gross_median": -0.59,
   "t": -10.76,
   "net_mean": -5.92,
   "win": 0.49,
   "ex_top1": -3.42,
   "trimmed": -1.99,
   "pos_years": 1,
   "n_years": 6,
   "by_year_mean": {
    "2018": -7.37,
    "2019": -2.4,
    "2020": 0.37,
    "2021": -2.29,
    "2022": -1.53,
    "2023": -2.27
   },
   "top_trade": 300.26,
   "net_at_taker_cost": -6.58
  },
  "h15": {
   "n": 21110,
   "gross_mean": -1.88,
   "gross_median": -0.08,
   "t": -6.03,
   "net_mean": -5.53,
   "win": 0.5,
   "ex_top1": -3.59,
   "trimmed": -1.52,
   "pos_years": 1,
   "n_years": 6,
   "by_year_mean": {
    "2018": -7.5,
    "2019": -1.38,
    "2020": 1.58,
    "2021": -2.14,
    "2022": -0.02,
    "2023": -1.33
   },
   "top_trade": 356.71,
   "net_at_taker_cost": -6.19
  },
  "h30": {
   "n": 21265,
   "gross_mean": -0.69,
   "gross_median": 1.0,
   "t": -1.72,
   "net_mean": -4.34,
   "win": 0.51,
   "ex_top1": -3.06,
   "trimmed": -0.49,
   "pos_years": 2,
   "n_years": 6,
   "by_year_mean": {
    "2018": -7.87,
    "2019": -1.21,
    "2020": 0.94,
    "2021": -0.64,
    "2022": -0.28,
    "2023": 0.44
   },
   "top_trade": 618.63,
   "net_at_taker_cost": -5.0
  },
  "both_sides_same_minute": 234
 }
}
done
