HG legs {
 "short_1205_1235": {
  "n": 2063,
  "gross_mean": 1.743,
  "gross_median": 2.5,
  "t": 5.078,
  "nw_t": 4.72,
  "net_mean": -2.507,
  "win": 0.543,
  "trimmed": 1.639,
  "pos_years": 8,
  "n_years": 8,
  "by_year_mean": {
   "2016": 2.3,
   "2017": 1.61,
   "2018": 2.29,
   "2019": 3.81,
   "2020": 1.0,
   "2021": 0.05,
   "2022": 2.86,
   "2023": 0.02
  },
  "top_trade": 130.0
 },
 "long_1235_1305": {
  "n": 2063,
  "gross_mean": 2.093,
  "gross_median": 2.5,
  "t": 5.034,
  "nw_t": 4.551,
  "net_mean": -2.157,
  "win": 0.566,
  "trimmed": 2.11,
  "pos_years": 7,
  "n_years": 8,
  "by_year_mean": {
   "2016": 3.6,
   "2017": 2.33,
   "2018": 2.97,
   "2019": 1.39,
   "2020": 3.63,
   "2021": -0.23,
   "2022": 2.22,
   "2023": 0.81
  },
  "top_trade": 130.0
 },
 "long_1235_1335": {
  "n": 2063,
  "gross_mean": 2.344,
  "gross_median": 3.75,
  "t": 3.251,
  "nw_t": 3.066,
  "net_mean": -1.906,
  "win": 0.551,
  "trimmed": 2.497,
  "pos_years": 7,
  "n_years": 8,
  "by_year_mean": {
   "2016": 4.72,
   "2017": 4.33,
   "2018": 3.17,
   "2019": 2.47,
   "2020": 4.61,
   "2021": -2.5,
   "2022": 0.39,
   "2023": 1.56
  },
  "top_trade": 240.0
 },
 "long_1235_1405": {
  "n": 2062,
  "gross_mean": 3.34,
  "gross_median": 5.0,
  "t": 3.625,
  "nw_t": 3.398,
  "net_mean": -0.91,
  "win": 0.553,
  "trimmed": 3.452,
  "pos_years": 7,
  "n_years": 8,
  "by_year_mean": {
   "2016": 3.79,
   "2017": 5.54,
   "2018": 3.41,
   "2019": 3.92,
   "2020": 5.89,
   "2021": 1.2,
   "2022": -2.8,
   "2023": 5.78
  },
  "top_trade": 252.5
 },
 "short_1200_1230": {
  "n": 2063,
  "gross_mean": 1.11,
  "gross_median": 1.25,
  "t": 3.285,
  "nw_t": 2.996,
  "net_mean": -3.14,
  "win": 0.51,
  "trimmed": 1.141,
  "pos_years": 7,
  "n_years": 8,
  "by_year_mean": {
   "2016": 1.59,
   "2017": 0.82,
   "2018": 0.78,
   "2019": 2.02,
   "2020": -0.32,
   "2021": 0.95,
   "2022": 2.15,
   "2023": 0.89
  },
  "top_trade": 140.0
 },
 "long_1230_1300": {
  "n": 2063,
  "gross_mean": 1.395,
  "gross_median": 1.25,
  "t": 3.672,
  "nw_t": 3.455,
  "net_mean": -2.855,
  "win": 0.53,
  "trimmed": 1.381,
  "pos_years": 8,
  "n_years": 8,
  "by_year_mean": {
   "2016": 1.71,
   "2017": 0.8,
   "2018": 1.88,
   "2019": 0.07,
   "2020": 2.79,
   "2021": 1.75,
   "2022": 1.03,
   "2023": 1.11
  },
  "top_trade": 92.5
 },
 "long_1230_1330": {
  "n": 2063,
  "gross_mean": 2.013,
  "gross_median": 2.5,
  "t": 2.919,
  "nw_t": 2.671,
  "net_mean": -2.237,
  "win": 0.542,
  "trimmed": 2.077,
  "pos_years": 7,
  "n_years": 8,
  "by_year_mean": {
   "2016": 3.5,
   "2017": 3.03,
   "2018": 2.76,
   "2019": 0.9,
   "2020": 4.12,
   "2021": -2.87,
   "2022": 2.1,
   "2023": 2.56
  },
  "top_trade": 233.75
 },
 "placebo_short_1130_1200": {
  "n": 2062,
  "gross_mean": 0.708,
  "gross_median": 0.0,
  "t": 2.255,
  "nw_t": 2.267,
  "net_mean": -3.542,
  "win": 0.5,
  "trimmed": 0.674,
  "pos_years": 7,
  "n_years": 8,
  "by_year_mean": {
   "2016": 0.64,
   "2017": 1.22,
   "2018": -0.56,
   "2019": 0.68,
   "2020": 0.42,
   "2021": 1.17,
   "2022": 0.54,
   "2023": 1.57
  },
  "top_trade": 102.5
 },
 "placebo_long_1100_1130": {
  "n": 2062,
  "gross_mean": -0.19,
  "gross_median": 0.0,
  "t": -0.602,
  "nw_t": -0.594,
  "net_mean": -4.44,
  "win": 0.481,
  "trimmed": -0.165,
  "pos_years": 3,
  "n_years": 8,
  "by_year_mean": {
   "2016": -1.67,
   "2017": 0.13,
   "2018": -0.51,
   "2019": -0.21,
   "2020": -0.05,
   "2021": 1.06,
   "2022": -0.48,
   "2023": 0.21
  },
  "top_trade": 98.75
 },
 "placebo_short_1030_1100": {
  "n": 2063,
  "gross_mean": 0.107,
  "gross_median": 0.0,
  "t": 0.326,
  "nw_t": 0.335,
  "net_mean": -4.143,
  "win": 0.471,
  "trimmed": 0.26,
  "pos_years": 5,
  "n_years": 8,
  "by_year_mean": {
   "2016": -0.77,
   "2017": 0.61,
   "2018": -0.46,
   "2019": 0.82,
   "2020": 1.1,
   "2021": -0.83,
   "2022": 0.02,
   "2023": 0.37
  },
  "top_trade": 71.25
 }
}
HG 1100 dose {
 "0": {
  "abs_x_lo": 0.0,
  "n": 413,
  "y30": 0.3,
  "y60": 0.8,
  "y90": 1.6,
  "t60": 1.19
 },
 "1": {
  "abs_x_lo": 2.5,
  "n": 412,
  "y30": 0.74,
  "y60": 2.0,
  "y90": 2.81,
  "t60": 2.37
 },
 "2": {
  "abs_x_lo": 5.0,
  "n": 412,
  "y30": 0.35,
  "y60": 0.79,
  "y90": 0.46,
  "t60": 0.95
 },
 "3": {
  "abs_x_lo": 8.7,
  "n": 412,
  "y30": -0.54,
  "y60": -0.77,
  "y90": -0.89,
  "t60": -0.75
 },
 "4": {
  "abs_x_lo": 15.0,
  "n": 413,
  "y30": 2.19,
  "y60": 3.25,
  "y90": 1.81,
  "t60": 2.42
 }
}
SI lbma_silver_1200 {
 "n": 2062,
 "mean_abs_x": 29.3,
 "sd_y": 52.8,
 "rho_x_y": -0.0512,
 "rho_x_y60": -0.0173,
 "mean_x": -4.05,
 "t_x": -3.78,
 "mean_y": 0.23,
 "t_y": 0.19,
 "rho_by_year": {
  "2016": -0.059,
  "2017": -0.071,
  "2018": -0.034,
  "2019": -0.042,
  "2020": -0.0,
  "2021": -0.049,
  "2022": -0.077,
  "2023": -0.049
 },
 "fade_y": {
  "n": 573,
  "gross_mean": 1.047,
  "gross_median": 0.0,
  "t": 0.363,
  "net_mean": -6.953,
  "win": 0.499,
  "trimmed": 0.839,
  "pos_years": 6,
  "n_years": 8,
  "by_year_mean": {
   "2016": 50.0,
   "2017": 2.06,
   "2018": 0.67,
   "2019": 3.75,
   "2020": 1.54,
   "2021": -0.0,
   "2022": 3.38,
   "2023": -6.29
  },
  "top_trade": 550.0
 },
 "fade_y60": {
  "n": 573,
  "gross_mean": -0.279,
  "gross_median": 0.0,
  "t": -0.071,
  "net_mean": -8.279,
  "win": 0.497,
  "trimmed": -0.107,
  "pos_years": 6,
  "n_years": 8,
  "by_year_mean": {
   "2016": 15.0,
   "2017": 1.67,
   "2018": 1.6,
   "2019": 5.86,
   "2020": 3.79,
   "2021": -21.48,
   "2022": 5.96,
   "2023": -9.07
  },
  "top_trade": 650.0
 },
 "rotation": {
  "obs": -0.0512,
  "p05": -0.0366,
  "p95": 0.036,
  "p": 0.021834061135371178
 }
}
SI placebo_1100 {
 "n": 2061,
 "mean_abs_x": 25.5,
 "sd_y": 40.3,
 "rho_x_y": -0.0929,
 "rho_x_y60": -0.1013,
 "mean_x": 1.42,
 "t_x": 1.69,
 "mean_y": -1.04,
 "t_y": -1.17,
 "rho_by_year": {
  "2016": -0.289,
  "2017": -0.127,
  "2018": -0.064,
  "2019": -0.152,
  "2020": -0.083,
  "2021": -0.093,
  "2022": -0.038,
  "2023": -0.024
 },
 "fade_y": {
  "n": 563,
  "gross_mean": 3.872,
  "gross_median": 5.0,
  "t": 1.879,
  "net_mean": -4.128,
  "win": 0.528,
  "trimmed": 3.829,
  "pos_years": 6,
  "n_years": 8,
  "by_year_mean": {
   "2016": -20.0,
   "2017": 3.75,
   "2018": 1.79,
   "2019": 4.87,
   "2020": -2.38,
   "2021": 10.73,
   "2022": 10.15,
   "2023": 2.54
  },
  "top_trade": 280.0
 },
 "fade_y60": {
  "n": 563,
  "gross_mean": 4.343,
  "gross_median": 5.0,
  "t": 1.263,
  "net_mean": -3.657,
  "win": 0.529,
  "trimmed": 6.007,
  "pos_years": 6,
  "n_years": 8,
  "by_year_mean": {
   "2016": -45.0,
   "2017": 10.0,
   "2018": 4.05,
   "2019": 5.4,
   "2020": -6.15,
   "2021": 13.73,
   "2022": 12.18,
   "2023": 0.22
  },
  "top_trade": 445.0
 },
 "rotation": {
  "obs": -0.0929,
  "p05": -0.0371,
  "p95": 0.0354,
  "p": 0.0
 }
}
SI placebo_1500 {
 "n": 2060,
 "mean_abs_x": 68.2,
 "sd_y": 92.9,
 "rho_x_y": -0.0159,
 "rho_x_y60": -0.0099,
 "mean_x": -3.46,
 "t_x": -1.5,
 "mean_y": 0.07,
 "t_y": 0.04,
 "rho_by_year": {
  "2016": -0.019,
  "2017": -0.046,
  "2018": -0.06,
  "2019": -0.099,
  "2020": -0.013,
  "2021": 0.044,
  "2022": -0.034,
  "2023": -0.033
 },
 "fade_y": {
  "n": 608,
  "gross_mean": 3.076,
  "gross_median": 5.0,
  "t": 0.649,
  "net_mean": -4.924,
  "win": 0.51,
  "trimmed": 5.589,
  "pos_years": 6,
  "n_years": 8,
  "by_year_mean": {
   "2016": -12.5,
   "2017": 7.9,
   "2018": 2.54,
   "2019": 7.98,
   "2020": -7.67,
   "2021": 0.85,
   "2022": 14.3,
   "2023": 3.0
  },
  "top_trade": 445.0
 },
 "fade_y60": {
  "n": 608,
  "gross_mean": 5.872,
  "gross_median": 5.0,
  "t": 1.021,
  "net_mean": -2.128,
  "win": 0.521,
  "trimmed": 7.786,
  "pos_years": 4,
  "n_years": 8,
  "by_year_mean": {
   "2016": -30.0,
   "2017": 12.02,
   "2018": -7.76,
   "2019": 6.18,
   "2020": 3.75,
   "2021": -4.44,
   "2022": 30.86,
   "2023": -3.0
  },
  "top_trade": 785.0
 },
 "rotation": {
  "obs": -0.0159,
  "p05": -0.0359,
  "p95": 0.037,
  "p": 0.4720738222438077
 }
}
SI placebo_1300 {
 "n": 2062,
 "mean_abs_x": 34.7,
 "sd_y": 76.0,
 "rho_x_y": -0.0216,
 "rho_x_y60": -0.0253,
 "mean_x": 0.82,
 "t_x": 0.71,
 "mean_y": 1.35,
 "t_y": 0.81,
 "rho_by_year": {
  "2016": 0.013,
  "2017": 0.085,
  "2018": -0.072,
  "2019": -0.053,
  "2020": -0.07,
  "2021": 0.027,
  "2022": -0.01,
  "2023": -0.049
 },
 "fade_y": {
  "n": 583,
  "gross_mean": 5.386,
  "gross_median": 5.0,
  "t": 1.557,
  "net_mean": -2.614,
  "win": 0.535,
  "trimmed": 5.42,
  "pos_years": 6,
  "n_years": 8,
  "by_year_mean": {
   "2016": 18.33,
   "2017": -0.93,
   "2018": 5.0,
   "2019": 6.74,
   "2020": 3.74,
   "2021": -8.23,
   "2022": 16.61,
   "2023": 11.97
  },
  "top_trade": 500.0
 },
 "fade_y60": {
  "n": 583,
  "gross_mean": 14.828,
  "gross_median": 10.0,
  "t": 2.671,
  "net_mean": 6.828,
  "win": 0.54,
  "trimmed": 13.958,
  "pos_years": 7,
  "n_years": 8,
  "by_year_mean": {
   "2016": 25.0,
   "2017": 6.07,
   "2018": 9.74,
   "2019": 5.58,
   "2020": 24.92,
   "2021": -13.31,
   "2022": 28.21,
   "2023": 31.62
  },
  "top_trade": 645.0
 },
 "rotation": {
  "obs": -0.0216,
  "p05": -0.0354,
  "p95": 0.0382,
  "p": 0.33915574963609896
 }
}
GC lbma_am_1030 {
 "n": 2063,
 "mean_abs_x": 11.8,
 "sd_y": 18.5,
 "rho_x_y": -0.0422,
 "rho_x_y60": -0.0056,
 "mean_x": -0.52,
 "t_x": -1.26,
 "mean_y": 0.64,
 "t_y": 1.57,
 "rho_by_year": {
  "2016": 0.128,
  "2017": -0.126,
  "2018": -0.008,
  "2019": 0.01,
  "2020": -0.132,
  "2021": -0.056,
  "2022": -0.031,
  "2023": -0.065
 },
 "fade_y": {
  "n": 606,
  "gross_mean": 0.789,
  "gross_median": 2.0,
  "t": 0.741,
  "net_mean": -5.145,
  "win": 0.54,
  "trimmed": 1.522,
  "pos_years": 4,
  "n_years": 7,
  "by_year_mean": {
   "2017": 0.71,
   "2018": -0.3,
   "2019": -1.09,
   "2020": 1.82,
   "2021": 3.59,
   "2022": 1.3,
   "2023": -0.26
  },
  "top_trade": 117.0
 },
 "fade_y60": {
  "n": 606,
  "gross_mean": -0.109,
  "gross_median": 1.0,
  "t": -0.085,
  "net_mean": -6.042,
  "win": 0.518,
  "trimmed": 0.662,
  "pos_years": 4,
  "n_years": 7,
  "by_year_mean": {
   "2017": 1.56,
   "2018": -1.31,
   "2019": 1.01,
   "2020": -3.2,
   "2021": -0.61,
   "2022": 2.44,
   "2023": 1.39
  },
  "top_trade": 129.0
 },
 "rotation": {
  "obs": -0.0422,
  "p05": -0.036,
  "p95": 0.0356,
  "p": 0.05771096023278371
 }
}
GC placebo_1130 {
 "n": 2063,
 "mean_abs_x": 11.1,
 "sd_y": 18.7,
 "rho_x_y": -0.0366,
 "rho_x_y60": -0.0505,
 "mean_x": -0.21,
 "t_x": -0.57,
 "mean_y": -0.16,
 "t_y": -0.38,
 "rho_by_year": {
  "2016": -0.032,
  "2017": -0.114,
  "2018": -0.091,
  "2019": -0.072,
  "2020": -0.05,
  "2021": 0.055,
  "2022": 0.005,
  "2023": -0.028
 },
 "fade_y": {
  "n": 596,
  "gross_mean": -1.087,
  "gross_median": 1.0,
  "t": -1.135,
  "net_mean": -7.021,
  "win": 0.51,
  "trimmed": -0.622,
  "pos_years": 4,
  "n_years": 8,
  "by_year_mean": {
   "2016": 2.0,
   "2017": 0.22,
   "2018": 0.9,
   "2019": 1.2,
   "2020": -2.29,
   "2021": -2.15,
   "2022": -3.41,
   "2023": -1.46
  },
  "top_trade": 87.0
 },
 "fade_y60": {
  "n": 596,
  "gross_mean": -0.475,
  "gross_median": 2.0,
  "t": -0.311,
  "net_mean": -6.408,
  "win": 0.54,
  "trimmed": -0.18,
  "pos_years": 3,
  "n_years": 8,
  "by_year_mean": {
   "2016": -0.5,
   "2017": 1.66,
   "2018": 1.55,
   "2019": 1.66,
   "2020": -0.5,
   "2021": -1.95,
   "2022": -1.11,
   "2023": -5.46
  },
  "top_trade": 252.0
 },
 "rotation": {
  "obs": -0.0366,
  "p05": -0.0356,
  "p95": 0.0364,
  "p": 0.09553831231813772
 }
}
GC placebo_0930 {
 "n": 2063,
 "mean_abs_x": 13.2,
 "sd_y": 17.9,
 "rho_x_y": -0.0418,
 "rho_x_y60": -0.0343,
 "mean_x": -0.48,
 "t_x": -1.1,
 "mean_y": 0.75,
 "t_y": 1.89,
 "rho_by_year": {
  "2016": -0.037,
  "2017": -0.054,
  "2018": 0.104,
  "2019": 0.052,
  "2020": 0.019,
  "2021": -0.096,
  "2022": -0.106,
  "2023": -0.181
 },
 "fade_y": {
  "n": 605,
  "gross_mean": 0.729,
  "gross_median": 1.0,
  "t": 0.828,
  "net_mean": -5.205,
  "win": 0.517,
  "trimmed": 0.747,
  "pos_years": 5,
  "n_years": 8,
  "by_year_mean": {
   "2016": 11.0,
   "2017": 0.44,
   "2018": -1.03,
   "2019": -2.26,
   "2020": -2.29,
   "2021": 6.16,
   "2022": 3.05,
   "2023": 4.03
  },
  "top_trade": 140.0
 },
 "fade_y60": {
  "n": 605,
  "gross_mean": -1.238,
  "gross_median": 1.0,
  "t": -0.934,
  "net_mean": -7.171,
  "win": 0.506,
  "trimmed": -0.543,
  "pos_years": 3,
  "n_years": 8,
  "by_year_mean": {
   "2016": 12.0,
   "2017": -0.02,
   "2018": -1.58,
   "2019": -2.76,
   "2020": -8.65,
   "2021": 4.88,
   "2022": -0.2,
   "2023": 5.68
  },
  "top_trade": 154.0
 },
 "rotation": {
  "obs": -0.0418,
  "p05": -0.0368,
  "p95": 0.0375,
  "p": 0.06741028128031037
 }
}
done
