{
 "n_minutes": 1075025,
 "insample_top1pct_thr": 106.12759999999874,
 "same_bar_h5": {
  "gross_mean": 4.73,
  "gross_median": 4.5,
  "t": 18.65,
  "nw_t": 15.84,
  "net_mean": 0.42,
  "cost": 4.31,
  "win": 0.61,
  "skew": 0.95,
  "ex_top1": 3.47,
  "ex_bot1": 5.79,
  "trimmed": 4.53,
  "net_sharpe_per_trade_ann": 0.26,
  "top_trade": 376.0,
  "top_share_of_total": 0.01
 },
 "delayed_h5": {
  "label": "delayed h5",
  "n": 10404,
  "gross_mean": 0.8662533640907343,
  "gross_median": 1.0,
  "t": 3.5120466733253126,
  "nw_t": 3.03161375414324,
  "net_mean": -3.4437466359092657,
  "cost": 4.31,
  "win": 0.5184544405997693,
  "skew": 0.43142028218555384,
  "ex_top1": -0.2813167605360264,
  "ex_bot1": 1.9261578794057677,
  "trimmed": 0.7777886785048562,
  "net_sharpe_per_trade_ann": -2.1729344993321256,
  "pos_years": 5,
  "n_years": 6,
  "by_year_mean": {
   "2018": 2.71,
   "2019": 2.49,
   "2020": 0.46,
   "2021": 0.75,
   "2022": 1.13,
   "2023": -2.27
  },
  "by_year_n": {
   "2018": 569,
   "2019": 80,
   "2020": 106,
   "2021": 8640,
   "2022": 902,
   "2023": 107
  },
  "top_trade": 291.5,
  "top_share_of_total": 0.03234396671289875
 },
 "same_bar_h15": {
  "gross_mean": 4.03,
  "gross_median": 4.5,
  "t": 10.15,
  "nw_t": 8.7,
  "net_mean": -0.28,
  "cost": 4.31,
  "win": 0.56,
  "skew": -0.29,
  "ex_top1": 2.33,
  "ex_bot1": 5.83,
  "trimmed": 4.13,
  "net_sharpe_per_trade_ann": -0.11,
  "top_trade": 468.0,
  "top_share_of_total": 0.01
 },
 "delayed_h15": {
  "label": "delayed h15",
  "n": 10325,
  "gross_mean": 0.3724455205811138,
  "gross_median": 1.0,
  "t": 0.9557622381080955,
  "nw_t": 0.8334001946714118,
  "net_mean": -3.9375544794188877,
  "cost": 4.31,
  "win": 0.5107021791767554,
  "skew": -0.45189758276968106,
  "ex_top1": -1.267149427536941,
  "ex_bot1": 2.200078270227962,
  "trimmed": 0.5627780523974295,
  "net_sharpe_per_trade_ann": -1.5785884765923046,
  "pos_years": 5,
  "n_years": 6,
  "by_year_mean": {
   "2018": 1.6,
   "2019": 5.96,
   "2020": 1.0,
   "2021": 0.12,
   "2022": 1.64,
   "2023": -1.01
  },
  "by_year_n": {
   "2018": 544,
   "2019": 80,
   "2020": 105,
   "2021": 8597,
   "2022": 892,
   "2023": 107
  },
  "top_trade": 366.5,
  "top_share_of_total": 0.09530620205434924
 },
 "same_bar_h30": {
  "gross_mean": 4.55,
  "gross_median": 4.0,
  "t": 8.97,
  "nw_t": 7.67,
  "net_mean": 0.24,
  "cost": 4.31,
  "win": 0.55,
  "skew": 0.41,
  "ex_top1": 2.27,
  "ex_bot1": 6.65,
  "trimmed": 4.37,
  "net_sharpe_per_trade_ann": 0.07,
  "top_trade": 546.5,
  "top_share_of_total": 0.01
 },
 "delayed_h30": {
  "label": "delayed h30",
  "n": 10751,
  "gross_mean": 0.8636870988745233,
  "gross_median": 0.5,
  "t": 1.7391217002296833,
  "nw_t": 1.4994634040118482,
  "net_mean": -3.4463129011254785,
  "cost": 4.31,
  "win": 0.5040461352432332,
  "skew": 0.3672598592273782,
  "ex_top1": -1.4029787633903401,
  "ex_bot1": 2.9743939109190003,
  "trimmed": 0.706114117535365,
  "net_sharpe_per_trade_ann": -1.0624392018683382,
  "pos_years": 6,
  "n_years": 6,
  "by_year_mean": {
   "2018": 1.88,
   "2019": 5.22,
   "2020": 1.58,
   "2021": 0.43,
   "2022": 3.4,
   "2023": 5.03
  },
  "by_year_n": {
   "2018": 600,
   "2019": 80,
   "2020": 106,
   "2021": 8923,
   "2022": 935,
   "2023": 107
  },
  "top_trade": 526.5,
  "top_share_of_total": 0.05670130849173442
 },
 "wf_top1pct_events": 13119,
 "wf_nonoverlap_delayed_h5": {
  "label": "wf top1% delayed non-overlap h5",
  "n": 7538,
  "gross_mean": 0.17027062881400903,
  "gross_median": 0.0,
  "t": 0.911497338596697,
  "nw_t": 0.8798207025140322,
  "net_mean": -4.139729371185991,
  "cost": 4.31,
  "win": 0.4916423454497214,
  "skew": 1.0472237147627024,
  "ex_top1": -0.6405307599517491,
  "ex_bot1": 0.9313672922252011,
  "trimmed": 0.11993769470404984,
  "net_sharpe_per_trade_ann": -4.051910272369313,
  "pos_years": 5,
  "n_years": 6,
  "by_year_mean": {
   "2018": 0.01,
   "2019": -0.15,
   "2020": 0.13,
   "2021": 0.28,
   "2022": 0.41,
   "2023": 0.17
  },
  "by_year_n": {
   "2018": 235,
   "2019": 879,
   "2020": 1819,
   "2021": 2047,
   "2022": 741,
   "2023": 1817
  },
  "top_trade": 291.5,
  "top_share_of_total": 0.2271133619010518,
  "top10_share_of_total": NaN,
  "trades_per_year": 1274.0,
  "net_plus_one_tick": -5.13972937118599,
  "by_sess_mean": {
   "ASIA": 0.34,
   "EU": 0.03,
   "EVE": -0.13,
   "US": 0.2
  },
  "by_sess_n_per_year": {
   "ASIA": 376.0,
   "EU": 282.0,
   "EVE": 133.0,
   "US": 483.0
  },
  "daily_sharpe_ann": -6.481150605922941
 },
 "wf_nonoverlap_samebar_h5_gross": 2.7846836113317446,
 "wf_nonoverlap_delayed_h15": {
  "label": "wf top1% delayed non-overlap h15",
  "n": 5865,
  "gross_mean": -0.022421142369991477,
  "gross_median": 0.0,
  "t": -0.07241862520741779,
  "nw_t": -0.074154371221866,
  "net_mean": -4.332421142369991,
  "cost": 4.31,
  "win": 0.4999147485080989,
  "skew": -1.7186025192101206,
  "ex_top1": -1.0617464691698244,
  "ex_bot1": 1.1767998622115052,
  "trimmed": 0.13911606055333217,
  "net_sharpe_per_trade_ann": -2.9006108573611553,
  "pos_years": 3,
  "n_years": 6,
  "by_year_mean": {
   "2018": -0.47,
   "2019": 0.29,
   "2020": -0.45,
   "2021": -0.52,
   "2022": 0.46,
   "2023": 0.65
  },
  "by_year_n": {
   "2018": 183,
   "2019": 632,
   "2020": 1438,
   "2021": 1566,
   "2022": 563,
   "2023": 1483
  },
  "top_trade": 207.5,
  "top_share_of_total": -1.5779467680608366,
  "top10_share_of_total": NaN,
  "trades_per_year": 1002.0,
  "net_plus_one_tick": -5.332421142369991,
  "by_sess_mean": {
   "ASIA": 0.28,
   "EU": -0.16,
   "EVE": -0.36,
   "US": -0.08
  },
  "by_sess_n_per_year": {
   "ASIA": 294.0,
   "EU": 224.0,
   "EVE": 105.0,
   "US": 378.0
  },
  "daily_sharpe_ann": -5.074899006360846
 },
 "wf_nonoverlap_samebar_h15_gross": 2.3682777399591557,
 "wf_nonoverlap_delayed_h30": {
  "label": "wf top1% delayed non-overlap h30",
  "n": 4984,
  "gross_mean": 0.2257223113964687,
  "gross_median": 0.0,
  "t": 0.5576918453824741,
  "nw_t": 0.5670880195744983,
  "net_mean": -4.084277688603532,
  "cost": 4.31,
  "win": 0.49979935794542535,
  "skew": 0.07764622301813466,
  "ex_top1": -1.1041962294749645,
  "ex_bot1": 1.542975876748429,
  "trimmed": 0.21292503072511265,
  "net_sharpe_per_trade_ann": -2.269061781741663,
  "pos_years": 3,
  "n_years": 6,
  "by_year_mean": {
   "2018": -0.2,
   "2019": 0.63,
   "2020": -0.59,
   "2021": 0.43,
   "2022": -0.24,
   "2023": 0.86
  },
  "by_year_n": {
   "2018": 165,
   "2019": 523,
   "2020": 1213,
   "2021": 1322,
   "2022": 494,
   "2023": 1267
  },
  "top_trade": 320.0,
  "top_share_of_total": 0.28444444444444444,
  "top10_share_of_total": 1.7977777777777777,
  "trades_per_year": 831.0,
  "net_plus_one_tick": -5.084277688603531,
  "by_sess_mean": {
   "ASIA": 1.04,
   "EU": -0.5,
   "EVE": 0.12,
   "US": 0.04
  },
  "by_sess_n_per_year": {
   "ASIA": 246.0,
   "EU": 184.0,
   "EVE": 89.0,
   "US": 311.0
  },
  "daily_sharpe_ann": -4.213779447397881
 },
 "wf_nonoverlap_samebar_h30_gross": 2.6653767820773933
}
done
