7 files
decoded 3189971 front minutes in 2.2 min
si_1300 {'n': 1301, 'mean_abs_x': 58.4, 'sd_y': 169.3, 'rho_x_y': -0.0406, 'rho_by_year': {'2010': -0.069, '2011': -0.043, '2012': 0.07, '2013': -0.039, '2014': -0.084, '2015': -0.215}, 'rotation': {'obs': -0.0406, 'p05': -0.0453, 'p95': 0.0448, 'p': 0.14}}
   top3rd wf {'n': 289, 'gross_mean': 10.03, 'gross_median': 15.0, 't': 0.91, 'net_mean': 2.03, 'win': 0.54, 'trimmed': 8.8, 'pos_years': 4, 'n_years': 5, 'by_year_mean': {'2011': 36.75, '2012': 19.04, '2013': -22.09, '2014': 12.5, '2015': 24.05}, 'top_trade': 920.0}
   top3rd is {'n': 424, 'gross_mean': 1.96, 'gross_median': 7.5, 't': 0.2, 'net_mean': -6.04, 'win': 0.51, 'trimmed': 2.55, 'pos_years': 4, 'n_years': 6, 'by_year_mean': {'2010': 9.12, '2011': 3.77, '2012': -3.09, '2013': -10.85, '2014': 8.5, '2015': 40.79}, 'top_trade': 920.0}
   all {'n': 1301, 'gross_mean': 6.33, 'gross_median': 0.0, 't': 1.36, 'net_mean': -1.67, 'win': 0.5, 'trimmed': 6.87, 'pos_years': 5, 'n_years': 6, 'by_year_mean': {'2010': 2.02, '2011': 11.16, '2012': -10.37, '2013': 10.16, '2014': 8.07, '2015': 20.71}, 'top_trade': 920.0}
si_1300_x45 {'n': 1300, 'mean_abs_x': 67.1, 'sd_y': 169.4, 'rho_x_y': -0.0666, 'rho_by_year': {'2010': -0.033, '2011': -0.1, '2012': 0.017, '2013': -0.089, '2014': -0.075, '2015': -0.179}, 'rotation': {'obs': -0.0666, 'p05': -0.0462, 'p95': 0.0459, 'p': 0.024634334103156273}}
   top3rd wf {'n': 292, 'gross_mean': 5.62, 'gross_median': 12.5, 't': 0.58, 'net_mean': -2.38, 'win': 0.53, 'trimmed': 6.12, 'pos_years': 3, 'n_years': 5, 'by_year_mean': {'2011': 13.17, '2012': -10.68, '2013': -3.15, '2014': 13.28, '2015': 17.72}, 'top_trade': 655.0}
   top3rd is {'n': 411, 'gross_mean': 12.27, 'gross_median': 15.0, 't': 1.32, 'net_mean': 4.27, 'win': 0.53, 'trimmed': 12.77, 'pos_years': 5, 'n_years': 6, 'by_year_mean': {'2010': 5.81, '2011': 25.23, '2012': 0.82, '2013': -0.32, '2014': 6.67, '2015': 37.89}, 'top_trade': 655.0}
   all {'n': 1300, 'gross_mean': 10.87, 'gross_median': 5.0, 't': 2.34, 'net_mean': 2.87, 'win': 0.51, 'trimmed': 10.48, 'pos_years': 5, 'n_years': 6, 'by_year_mean': {'2010': 3.24, '2011': 25.1, '2012': -6.6, '2013': 22.12, '2014': 3.59, '2015': 16.01}, 'top_trade': 920.0}
si_1300_y30 {'n': 1301, 'mean_abs_x': 58.4, 'sd_y': 119.5, 'rho_x_y': -0.018, 'rho_by_year': {'2010': -0.066, '2011': -0.057, '2012': 0.088, '2013': 0.068, '2014': -0.051, '2015': -0.189}, 'rotation': {'obs': -0.018, 'p05': -0.0451, 'p95': 0.0482, 'p': 0.5307692307692308}}
   top3rd wf {'n': 289, 'gross_mean': -5.07, 'gross_median': 0.0, 't': -0.69, 'net_mean': -13.07, 'win': 0.47, 'trimmed': -5.18, 'pos_years': 2, 'n_years': 5, 'by_year_mean': {'2011': 15.71, '2012': -3.62, '2013': -26.51, '2014': -11.79, '2015': 17.7}, 'top_trade': 405.0}
   top3rd is {'n': 424, 'gross_mean': -5.59, 'gross_median': 0.0, 't': -0.79, 'net_mean': -13.59, 'win': 0.48, 'trimmed': -4.24, 'pos_years': 2, 'n_years': 6, 'by_year_mean': {'2010': 14.85, '2011': -1.16, '2012': -7.39, '2013': -23.78, '2014': -11.5, '2015': 21.58}, 'top_trade': 565.0}
   all {'n': 1301, 'gross_mean': 1.67, 'gross_median': 0.0, 't': 0.51, 'net_mean': -6.33, 'win': 0.48, 'trimmed': 2.29, 'pos_years': 4, 'n_years': 6, 'by_year_mean': {'2010': 0.69, '2011': 8.1, '2012': -4.57, '2013': -5.0, '2014': 3.27, '2015': 10.45}, 'top_trade': 770.0}
si_placebo_1100 {'n': 1293, 'mean_abs_x': 45.9, 'sd_y': 121.7, 'rho_x_y': -0.0225, 'rho_by_year': {'2010': -0.097, '2011': 0.034, '2012': -0.076, '2013': 0.051, '2014': -0.074, '2015': -0.092}, 'rotation': {'obs': -0.0225, 'p05': -0.0455, 'p95': 0.0461, 'p': 0.42492260061919507}}
   top3rd wf {'n': 276, 'gross_mean': 0.49, 'gross_median': 5.0, 't': 0.07, 'net_mean': -7.51, 'win': 0.51, 'trimmed': 2.48, 'pos_years': 3, 'n_years': 5, 'by_year_mean': {'2011': -7.18, '2012': -7.8, '2013': 1.01, '2014': 11.48, '2015': 1.67}, 'top_trade': 445.0}
   top3rd is {'n': 419, 'gross_mean': -2.94, 'gross_median': 5.0, 't': -0.36, 'net_mean': -10.94, 'win': 0.5, 'trimmed': 0.68, 'pos_years': 3, 'n_years': 6, 'by_year_mean': {'2010': 22.56, '2011': -16.15, '2012': -1.17, '2013': 4.77, '2014': 10.13, '2015': -8.81}, 'top_trade': 770.0}
   all {'n': 1293, 'gross_mean': -0.86, 'gross_median': 0.0, 't': -0.25, 'net_mean': -8.86, 'win': 0.47, 'trimmed': 1.18, 'pos_years': 4, 'n_years': 6, 'by_year_mean': {'2010': 1.36, '2011': -14.9, '2012': 6.85, '2013': -0.9, '2014': 3.14, '2015': 1.55}, 'top_trade': 770.0}
si_placebo_1500 {'n': 1300, 'mean_abs_x': 93.7, 'sd_y': 186.3, 'rho_x_y': -0.0525, 'rho_by_year': {'2010': 0.044, '2011': -0.091, '2012': -0.064, '2013': 0.033, '2014': -0.027, '2015': -0.106}, 'rotation': {'obs': -0.0525, 'p05': -0.0451, 'p95': 0.0453, 'p': 0.06004618937644342}}
   top3rd wf {'n': 276, 'gross_mean': 4.55, 'gross_median': 15.0, 't': 0.38, 'net_mean': -3.45, 'win': 0.55, 'trimmed': 1.54, 'pos_years': 2, 'n_years': 5, 'by_year_mean': {'2011': 62.46, '2012': -20.33, '2013': -21.7, '2014': -11.9, '2015': 8.79}, 'top_trade': 1295.0}
   top3rd is {'n': 433, 'gross_mean': 3.14, 'gross_median': 20.0, 't': 0.28, 'net_mean': -4.86, 'win': 0.55, 'trimmed': 0.83, 'pos_years': 2, 'n_years': 6, 'by_year_mean': {'2010': -34.88, '2011': 32.41, '2012': 5.39, '2013': -30.15, '2014': -32.32, '2015': -9.35}, 'top_trade': 1295.0}
   all {'n': 1300, 'gross_mean': 2.92, 'gross_median': 5.0, 't': 0.57, 'net_mean': -5.08, 'win': 0.51, 'trimmed': 1.77, 'pos_years': 4, 'n_years': 6, 'by_year_mean': {'2010': 4.58, '2011': 9.34, '2012': 13.25, '2013': -11.05, '2014': 0.68, '2015': -0.07}, 'top_trade': 1295.0}
si_1200_auction {'n': 1297, 'mean_abs_x': 55.8, 'sd_y': 125.8, 'rho_x_y': -0.0919, 'rho_by_year': {'2010': -0.122, '2011': -0.124, '2012': -0.209, '2013': 0.014, '2014': -0.095, '2015': 0.047}, 'rotation': {'obs': -0.0919, 'p05': -0.0453, 'p95': 0.0459, 'p': 0.0}}
   top3rd wf {'n': 268, 'gross_mean': -1.42, 'gross_median': 7.5, 't': -0.16, 'net_mean': -9.42, 'win': 0.51, 'trimmed': 0.84, 'pos_years': 3, 'n_years': 5, 'by_year_mean': {'2011': -27.18, '2012': 28.07, '2013': -1.64, '2014': 2.87, '2015': 0.79}, 'top_trade': 515.0}
   top3rd is {'n': 428, 'gross_mean': 14.88, 'gross_median': 15.0, 't': 1.86, 'net_mean': 6.88, 'win': 0.55, 'trimmed': 17.37, 'pos_years': 4, 'n_years': 6, 'by_year_mean': {'2010': 18.51, '2011': 15.99, '2012': 32.41, '2013': -2.6, '2014': -10.15, '2015': 12.19}, 'top_trade': 760.0}
   all {'n': 1297, 'gross_mean': 9.47, 'gross_median': 0.0, 't': 2.75, 'net_mean': 1.47, 'win': 0.5, 'trimmed': 9.77, 'pos_years': 5, 'n_years': 6, 'by_year_mean': {'2010': 10.0, '2011': 19.46, '2012': 18.5, '2013': 1.55, '2014': 3.85, '2015': -0.85}, 'top_trade': 1020.0}
hg_1100 {'n': 1297, 'mean_abs_x': 10.9, 'sd_y': 21.6, 'rho_x_y': -0.0328, 'rho_by_year': {'2010': -0.136, '2011': -0.063, '2012': -0.0, '2013': 0.053, '2014': -0.053, '2015': -0.051}, 'rotation': {'obs': -0.0328, 'p05': -0.0439, 'p95': 0.0445, 'p': 0.22839506172839505}}
   top3rd wf {'n': 300, 'gross_mean': -1.32, 'gross_median': -1.25, 't': -0.94, 'net_mean': -5.57, 'win': 0.45, 'trimmed': -1.5, 'pos_years': 1, 'n_years': 5, 'by_year_mean': {'2011': 4.57, '2012': -1.68, '2013': -4.2, '2014': -1.73, '2015': -2.57}, 'top_trade': 142.5}
   top3rd is {'n': 429, 'gross_mean': -0.06, 'gross_median': 0.0, 't': -0.05, 'net_mean': -4.31, 'win': 0.48, 'trimmed': -0.03, 'pos_years': 2, 'n_years': 6, 'by_year_mean': {'2010': 4.59, '2011': 3.32, '2012': -1.83, '2013': -4.24, '2014': -4.21, '2015': -2.55}, 'top_trade': 142.5}
   all {'n': 1297, 'gross_mean': 0.76, 'gross_median': 0.0, 't': 1.28, 'net_mean': -3.49, 'win': 0.48, 'trimmed': 0.9, 'pos_years': 5, 'n_years': 6, 'by_year_mean': {'2010': 2.85, '2011': 1.62, '2012': 0.04, '2013': -0.58, '2014': 0.39, '2015': 1.5}, 'top_trade': 142.5}
hg_1100_y30 {'n': 1297, 'mean_abs_x': 10.9, 'sd_y': 15.6, 'rho_x_y': -0.0628, 'rho_by_year': {'2010': -0.072, '2011': -0.093, '2012': -0.072, '2013': 0.07, '2014': -0.101, '2015': -0.064}, 'rotation': {'obs': -0.0628, 'p05': -0.0449, 'p95': 0.0458, 'p': 0.027777777777777776}}
   top3rd wf {'n': 301, 'gross_mean': -0.51, 'gross_median': 0.0, 't': -0.53, 'net_mean': -4.76, 'win': 0.48, 'trimmed': -0.64, 'pos_years': 2, 'n_years': 5, 'by_year_mean': {'2011': 2.96, '2012': -2.34, '2013': -2.38, '2014': 0.45, '2015': -1.4}, 'top_trade': 122.5}
   top3rd is {'n': 429, 'gross_mean': 0.28, 'gross_median': 1.25, 't': 0.31, 'net_mean': -3.97, 'win': 0.5, 'trimmed': 0.27, 'pos_years': 2, 'n_years': 6, 'by_year_mean': {'2010': 0.43, '2011': 2.43, '2012': -0.41, '2013': -2.27, '2014': -0.37, '2015': -1.01}, 'top_trade': 122.5}
   all {'n': 1297, 'gross_mean': 0.9, 'gross_median': 0.0, 't': 2.12, 'net_mean': -3.35, 'win': 0.5, 'trimmed': 0.93, 'pos_years': 5, 'n_years': 6, 'by_year_mean': {'2010': 1.17, '2011': 1.65, '2012': 1.18, '2013': -0.69, '2014': 1.03, '2015': 1.39}, 'top_trade': 122.5}
hg_1235_ring {'n': 1298, 'mean_abs_x': 14.3, 'sd_y': 19.9, 'rho_x_y': -0.0116, 'rho_by_year': {'2010': 0.014, '2011': 0.011, '2012': -0.066, '2013': 0.124, '2014': -0.053, '2015': -0.049}, 'rotation': {'obs': -0.0116, 'p05': -0.0463, 'p95': 0.0489, 'p': 0.7093292212798766}}
   top3rd wf {'n': 319, 'gross_mean': -0.29, 'gross_median': 0.0, 't': -0.26, 'net_mean': -4.54, 'win': 0.49, 'trimmed': -0.3, 'pos_years': 3, 'n_years': 5, 'by_year_mean': {'2011': -0.44, '2012': 1.93, '2013': -3.5, '2014': 0.32, '2015': 0.65}, 'top_trade': 81.25}
   top3rd is {'n': 401, 'gross_mean': 0.11, 'gross_median': 1.25, 't': 0.11, 'net_mean': -4.14, 'win': 0.51, 'trimmed': 0.12, 'pos_years': 3, 'n_years': 6, 'by_year_mean': {'2010': -1.39, '2011': -0.43, '2012': 2.13, '2013': -3.37, '2014': 2.97, '2015': 0.8}, 'top_trade': 81.25}
   all {'n': 1298, 'gross_mean': 0.52, 'gross_median': 0.0, 't': 0.94, 'net_mean': -3.73, 'win': 0.5, 'trimmed': 0.39, 'pos_years': 4, 'n_years': 6, 'by_year_mean': {'2010': 1.33, '2011': 0.84, '2012': 1.48, '2013': -1.25, '2014': -0.09, '2015': 1.56}, 'top_trade': 233.75}
hg_placebo_1500 {'n': 1305, 'mean_abs_x': 17.0, 'sd_y': 38.7, 'rho_x_y': -0.0021, 'rho_by_year': {'2010': -0.042, '2011': -0.035, '2012': 0.084, '2013': 0.026, '2014': 0.071, '2015': -0.117}, 'rotation': {'obs': -0.0021, 'p05': -0.0468, 'p95': 0.045, 'p': 0.9447852760736196}}
   top3rd wf {'n': 317, 'gross_mean': -0.39, 'gross_median': 2.5, 't': -0.18, 'net_mean': -4.64, 'win': 0.52, 'trimmed': -0.37, 'pos_years': 3, 'n_years': 5, 'by_year_mean': {'2011': 5.81, '2012': -4.64, '2013': 0.55, '2014': -4.11, '2015': 1.2}, 'top_trade': 175.0}
   top3rd is {'n': 435, 'gross_mean': -0.93, 'gross_median': 1.25, 't': -0.42, 'net_mean': -5.18, 'win': 0.51, 'trimmed': -1.0, 'pos_years': 2, 'n_years': 6, 'by_year_mean': {'2010': 0.15, '2011': 1.42, '2012': -2.74, '2013': -0.12, '2014': -8.6, '2015': -1.54}, 'top_trade': 310.0}
   all {'n': 1305, 'gross_mean': -0.51, 'gross_median': 0.0, 't': -0.48, 'net_mean': -4.76, 'win': 0.49, 'trimmed': -0.78, 'pos_years': 3, 'n_years': 6, 'by_year_mean': {'2010': 0.54, '2011': 4.09, '2012': -4.78, '2013': -1.58, '2014': -1.6, '2015': 1.46}, 'top_trade': 310.0}
done
