rows 39000907 cols ['ts_event', 'rtype', 'publisher_id', 'instrument_id', 'action', 'reason', 'trading_event', 'is_trading', 'is_quoting', 'is_short_sell_restricted', 'symbol'] 439s
                                                               ts_event  rtype  publisher_id  instrument_id  action  reason  trading_event is_trading is_quoting is_short_sell_restricted     symbol
ts_recv                                                                                                                                                                                             
2022-01-02 20:00:06.823758654+00:00 2022-01-02 20:00:06.725866303+00:00     18             1          82914      15       2              0          N          N                        ~  6AK2-6AH2
2022-01-02 20:00:06.823758654+00:00 2022-01-02 20:00:06.725866303+00:00     18             1         165657      15       2              0          N          N                        ~  6AU3-6AM3
2022-01-02 20:00:06.823758654+00:00 2022-01-02 20:00:06.725866303+00:00     18             1          21027      15       2              0          N          N                        ~  6AZ2-6AM2
symbology keys ['symbols', 'stype_in', 'stype_out', 'start_date', 'end_date']
action {0: 15160133, 1: 8885557, 7: 4627840, 6: 4424148, 12: 3849094, 15: 1139530, 8: 567449, 13: 346610, 2: 273, 4: 273}
reason {1: 33435276, 3: 3480345, 2: 2071202, 5: 14084}
trading_event {0: 15594262, 3: 8499253, 4: 6660880, 1: 4343384, 2: 3903128}
is_trading {'N': 19863907, 'Y': 17343147, '~': 1793853}
is_quoting {'Y': 26910001, 'N': 10297053, '~': 1793853}
    root  action  reason        n
65    NG       0       1  1461847
17    CL       0       1  1249154
69    NG       1       1   993064
21    CL       1       1   850038
19    CL       0       3   842804
67    NG       0       3   794946
52    HG       0       1   663046
71    NG       6       1   494580
73    NG       7       1   494580
75    NG      12       1   483918
56    HG       1       1   441790
23    CL       6       1   425019
25    CL       7       1   425019
27    CL      12       1   414090
60    HG       7       1   220895
58    HG       6       1   220895
62    HG      12       1   215258
39    GC       0       1   189770
18    CL       0       2   172503
96    SI       0       1   157276
43    GC       1       1   153466
100   SI       1       1   131854
66    NG       0       2   101985
76    NG      15       2    99843
47    GC       7       1    90343
28    CL      15       2    85408
104   SI       7       1    79537
45    GC       6       1    76733
49    GC      12       1    76057
102   SI       6       1    65927
106   SI      12       1    65536
70    NG       1       3    64054
74    NG       7       3    63996
72    NG       6       3    63631
54    HG       0       3    54413
22    CL       1       3    48444
26    CL       7       3    48385
24    CL       6       3    48101
53    HG       0       2    45733
63    HG      15       2    44382
0     6E       1       1    35566
3     6E       7       1    35564
2     6E       6       1    17783
5     6E      12       1    17479
30    ES       1       1    16888
34    ES       7       1    16819
50    GC      15       2    15061
40    GC       0       2    13224
107   SI      15       2    12885
97    SI       0       2    10959
78    NQ       1       1     9388
82    NQ       7       1     9329
32    ES       6       1     8444
36    ES      12       1     8251
41    GC       0       3     8037
98    SI       0       3     7544
109   YM       1       1     6586
113   YM       7       1     6585
8    BTC       1       1     4900
12   BTC       7       1     4772
intraday 09-16 ET by root/action/reason:
   root  action  reason       n
52   NG       0       3  572749
13   CL       0       3  475112
12   CL       0       2  170816
51   NG       0       2   99843
59   NG      15       2   99843
20   CL      15       2   85408
41   HG       0       2   44382
48   HG      15       2   44382
55   NG       1       3   40827
57   NG       7       3   40782
56   NG       6       3   40500
42   HG       0       3   39838
50   NG       0       1   15522
38   GC      15       2   15026
54   NG       1       1   13494
11   CL       0       1   13327
84   SI      15       2   12850
30   GC       0       2   12696
15   CL       1       1   11610
76   SI       0       2   10520
16   CL       1       3    8791
18   CL       7       3    8772
17   CL       6       3    8591
40   HG       0       1    6907
44   HG       1       1    6039
3    6E      15       2    3540
77   SI       0       3    3322
31   GC       0       3    2675
33   GC       1       1    2061
58   NG      12       1    2028
29   GC       0       1    1998
79   SI       1       1    1741
19   CL      12       1    1717
27   ES      15       2    1700
75   SI       0       1    1635
39   GC      15       5    1419
85   SI      15       5    1395
60   NG      15       5     973
66   NQ      15       2     944
47   HG      12       1     868
done
