11 files
glbx-mdp3-20160101-20161231.ohlcv-1m.dbn.zst 50604555 119153 23.3
glbx-mdp3-20170101-20171231.ohlcv-1m.dbn.zst 49989121 132756 26.8
glbx-mdp3-20180101-20180723.ohlcv-1m.dbn.zst 32153793 97755 17.4
glbx-mdp3-20180724-20181231.ohlcv-1m.dbn.zst 24713186 82387 15.4
glbx-mdp3-20190101-20191231.ohlcv-1m.dbn.zst 58051976 208037 35.2
glbx-mdp3-20200101-20201231.ohlcv-1m.dbn.zst 67058153 225563 39.4
glbx-mdp3-20210101-20211231.ohlcv-1m.dbn.zst 68752439 229818 45.0
glbx-mdp3-20220101-20220816.ohlcv-1m.dbn.zst 55424065 165257 34.2
glbx-mdp3-20220817-20221231.ohlcv-1m.dbn.zst 33062368 108130 19.7
glbx-mdp3-20230101-20230822.ohlcv-1m.dbn.zst 55951485 182500 37.8
glbx-mdp3-20230823-20231231.ohlcv-1m.dbn.zst 31602486 111731 21.9
rows 1663087
        rows       vol               first                last
kind                                                          
BZT    51792   2185795 2016-01-03 21:09:00 2023-12-29 14:27:00
ESQ     1778    154589 2018-05-14 15:24:00 2023-12-28 07:32:00
EST   334897  57925141 2016-01-04 10:29:00 2023-12-29 15:59:00
GCT    99494   1923215 2016-01-04 09:26:00 2023-12-29 13:29:00
HGT   153000   3088453 2016-01-04 04:45:00 2023-12-29 12:59:00
HOT   394942  13850737 2016-01-03 18:00:00 2023-12-29 14:29:00
NQQ      258      7356 2020-05-12 07:59:00 2023-12-14 08:36:00
NQT   122989   5651374 2016-01-04 11:06:00 2023-12-29 15:59:00
PLT    25076    150995 2017-05-25 12:18:00 2023-12-29 13:04:00
RBT   372216  16954364 2016-01-03 21:19:00 2023-12-29 14:29:00
SIT    81630   1257302 2016-01-04 08:35:00 2023-12-29 13:24:00
YMT    24950   1396815 2016-01-05 09:33:00 2023-12-29 15:59:00
ZBT       65       637 2021-11-24 14:59:00 2023-11-29 10:27:00
BZT close distribution: {'mean': -0.156, 'std': 0.441, 'min': -10.0, '50%': 0.0, 'max': 6.5} vol by hour: {14: 582217, 13: 297064, 12: 245605, 9: 201198}
ESQ close distribution: {'mean': 5.337, 'std': 13.366, 'min': -11.85, '50%': 1.25, 'max': 52.0} vol by hour: {9: 68996, 8: 60910, 7: 6908, 15: 6064}
EST close distribution: {'mean': 3.351, 'std': 12.991, 'min': -21.75, '50%': -0.05, 'max': 58.75} vol by hour: {15: 21794980, 14: 7703388, 10: 6592542, 11: 6579686}
GCT close distribution: {'mean': 0.0, 'std': 0.324, 'min': -10.0, '50%': 0.0, 'max': 10.0} vol by hour: {13: 790114, 12: 369186, 11: 336485, 10: 216623}
HGT close distribution: {'mean': -0.036, 'std': 0.988, 'min': -40.0, '50%': 0.0, 'max': 45.0} vol by hour: {11: 1113580, 12: 1025843, 10: 411335, 9: 229947}
HOT close distribution: {'mean': 0.04, 'std': 0.797, 'min': -10.0, '50%': 0.0, 'max': 10.0} vol by hour: {14: 6457365, 13: 2862802, 12: 1434088, 11: 1007674}
NQQ close distribution: {'mean': 48.732, 'std': 50.257, 'min': -19.4, '50%': 49.775, 'max': 169.5} vol by hour: {8: 2310, 9: 1349, 7: 777, 14: 673}
NQT close distribution: {'mean': 38.546, 'std': 56.509, 'min': -30.0, '50%': 14.8, 'max': 227.1} vol by hour: {15: 1384393, 10: 898404, 11: 840085, 14: 799777}
PLT close distribution: {'mean': 0.002, 'std': 0.65, 'min': -10.0, '50%': 0.0, 'max': 10.0} vol by hour: {12: 59126, 13: 28873, 11: 27532, 10: 19914}
RBT close distribution: {'mean': 0.088, 'std': 0.787, 'min': -10.0, '50%': 0.0, 'max': 10.0} vol by hour: {14: 7916007, 13: 3284542, 12: 1743653, 11: 1140583}
SIT close distribution: {'mean': -0.0, 'std': 0.612, 'min': -10.0, '50%': 0.0, 'max': 10.0} vol by hour: {13: 610420, 12: 244782, 11: 206388, 10: 105363}
YMT close distribution: {'mean': -13.152, 'std': 104.739, 'min': -152.0, '50%': -25.0, 'max': 403.0} vol by hour: {10: 243798, 14: 238515, 11: 218041, 15: 217353}
ZBT close distribution: {'mean': -0.02, 'std': 0.02, 'min': -0.031, '50%': -0.031, 'max': 0.031} vol by hour: {9: 160, 1: 135, 14: 111, 2: 50}
