minutes 2482535 days 2483 median |spread| 0.29
{
 "K": 30,
 "H": 30,
 "n": 20442,
 "rho_dspr_y": -0.003,
 "rho_dfront_y": 0.006,
 "rho_dsecond_y": 0.007,
 "sd_y_usd": 33.9,
 "sd_dspr_ticks": 4.4,
 "fade_dspr_top": {
  "n": 6156,
  "gross": -0.49,
  "t": -0.9,
  "med": 0.0,
  "trim": -0.44,
  "win": 0.493,
  "net": -5.52
 },
 "fade_dspr_all": {
  "n": 17169,
  "gross": -0.25,
  "t": -0.96,
  "med": 0.0,
  "trim": -0.23,
  "win": 0.487,
  "net": -5.28
 },
 "fade_dspr_top_pure_front_specific": {
  "n": 2451,
  "gross": -0.2,
  "t": -0.3,
  "med": 0.0,
  "trim": -0.32,
  "win": 0.492,
  "net": -5.23
 },
 "control_fade_dfront_top": {
  "n": 6925,
  "gross": -0.01,
  "t": -0.02,
  "med": 1.0,
  "trim": 0.14,
  "win": 0.512,
  "net": -5.04
 },
 "fade_dspr_top_years": {
  "2016": [
   734,
   -0.59
  ],
  "2017": [
   360,
   -0.79
  ],
  "2018": [
   711,
   -0.03
  ],
  "2019": [
   476,
   -1.2
  ],
  "2020": [
   717,
   -1.93
  ],
  "2021": [
   701,
   0.61
  ],
  "2022": [
   1609,
   -0.65
  ],
  "2023": [
   848,
   0.36
  ]
 }
}
{
 "K": 30,
 "H": 60,
 "n": 20383,
 "rho_dspr_y": -0.011,
 "rho_dfront_y": 0.007,
 "rho_dsecond_y": 0.009,
 "sd_y_usd": 47.7,
 "sd_dspr_ticks": 4.4,
 "fade_dspr_top": {
  "n": 6137,
  "gross": -0.64,
  "t": -0.82,
  "med": 0.0,
  "trim": -0.53,
  "win": 0.499,
  "net": -5.67
 },
 "fade_dspr_all": {
  "n": 17120,
  "gross": -0.29,
  "t": -0.78,
  "med": 0.0,
  "trim": -0.28,
  "win": 0.496,
  "net": -5.32
 },
 "fade_dspr_top_pure_front_specific": {
  "n": 2437,
  "gross": -0.32,
  "t": -0.34,
  "med": 1.0,
  "trim": -0.27,
  "win": 0.502,
  "net": -5.35
 },
 "control_fade_dfront_top": {
  "n": 6920,
  "gross": -0.54,
  "t": -0.73,
  "med": 1.0,
  "trim": -0.61,
  "win": 0.502,
  "net": -5.57
 },
 "fade_dspr_top_years": {
  "2016": [
   732,
   -0.09
  ],
  "2017": [
   357,
   -0.87
  ],
  "2018": [
   707,
   0.93
  ],
  "2019": [
   474,
   -1.5
  ],
  "2020": [
   716,
   -1.73
  ],
  "2021": [
   699,
   3.28
  ],
  "2022": [
   1607,
   -2.38
  ],
  "2023": [
   845,
   -0.87
  ]
 }
}
{
 "K": 15,
 "H": 30,
 "n": 20429,
 "rho_dspr_y": -0.013,
 "rho_dfront_y": -0.014,
 "rho_dsecond_y": -0.013,
 "sd_y_usd": 33.9,
 "sd_dspr_ticks": 3.21,
 "fade_dspr_top": {
  "n": 6663,
  "gross": -0.47,
  "t": -0.89,
  "med": -1.0,
  "trim": -0.49,
  "win": 0.483,
  "net": -5.5
 },
 "fade_dspr_all": {
  "n": 16772,
  "gross": -0.35,
  "t": -1.28,
  "med": 0.0,
  "trim": -0.36,
  "win": 0.487,
  "net": -5.38
 },
 "fade_dspr_top_pure_front_specific": {
  "n": 2792,
  "gross": -0.27,
  "t": -0.45,
  "med": -1.0,
  "trim": -0.45,
  "win": 0.477,
  "net": -5.3
 },
 "control_fade_dfront_top": {
  "n": 6939,
  "gross": 0.13,
  "t": 0.25,
  "med": 1.0,
  "trim": 0.26,
  "win": 0.505,
  "net": -4.9
 },
 "fade_dspr_top_years": {
  "2016": [
   780,
   0.37
  ],
  "2017": [
   392,
   -0.9
  ],
  "2018": [
   775,
   -1.29
  ],
  "2019": [
   540,
   -1.15
  ],
  "2020": [
   735,
   0.36
  ],
  "2021": [
   807,
   0.98
  ],
  "2022": [
   1659,
   -1.01
  ],
  "2023": [
   975,
   -0.84
  ]
 }
}
SETTLEMENT {
 "n": 1898,
 "rho_dspr_y30": -0.062,
 "rho_dspr_y60": 0.07,
 "rho_dfront_y30": -0.065,
 "fade_top_y30": {
  "n": 585,
  "gross": 1.04,
  "t": 0.95,
  "med": 0.0,
  "trim": 0.73,
  "win": 0.474,
  "net": -3.99
 },
 "fade_top_y60": {
  "n": 585,
  "gross": 0.86,
  "t": 0.61,
  "med": -1.0,
  "trim": 0.4,
  "win": 0.468,
  "net": -4.17
 },
 "fade_all_y60": {
  "n": 1649,
  "gross": 0.02,
  "t": 0.04,
  "med": 0.0,
  "trim": -0.04,
  "win": 0.477,
  "net": -5.01
 },
 "years_y60": {
  "2016": [
   67,
   -2.12
  ],
  "2017": [
   28,
   0.5
  ],
  "2018": [
   72,
   -6.03
  ],
  "2019": [
   25,
   -0.84
  ],
  "2020": [
   65,
   2.22
  ],
  "2021": [
   75,
   -2.39
  ],
  "2022": [
   153,
   6.98
  ],
  "2023": [
   100,
   0.52
  ]
 }
}
