CL {
 "MonThu": {
  "n": 323,
  "per_year": 46.1,
  "1min_1459": {
   "n": 323,
   "gross": 3.72,
   "t": 2.98,
   "median": 3.0,
   "win": 0.573,
   "trim": 3.3,
   "top10_share": 0.64,
   "net": -1.31,
   "net_plus_tick": -2.31
  },
  "1min_1529": {
   "n": 323,
   "gross": 5.05,
   "t": 3.01,
   "median": 4.0,
   "win": 0.601,
   "trim": 4.55,
   "top10_share": 0.61,
   "net": 0.02,
   "net_plus_tick": -0.98
  },
  "1min_1529_years": {
   "2017": [
    15,
    1.93,
    0.02
   ],
   "2018": [
    26,
    -5.58,
    -0.09
   ],
   "2019": [
    4,
    13.25,
    0.03
   ],
   "2020": [
    49,
    13.82,
    0.41
   ],
   "2021": [
    81,
    2.62,
    0.13
   ],
   "2022": [
    83,
    6.64,
    0.34
   ],
   "2023": [
    65,
    3.92,
    0.16
   ]
  },
  "1min_1559": {
   "n": 323,
   "gross": 3.44,
   "t": 1.79,
   "median": 3.0,
   "win": 0.579,
   "trim": 3.0,
   "top10_share": 0.98,
   "net": -1.59,
   "net_plus_tick": -2.59
  },
  "1min_1559_years": {
   "2017": [
    15,
    0.47,
    0.01
   ],
   "2018": [
    26,
    -6.92,
    -0.16
   ],
   "2019": [
    4,
    6.25,
    0.02
   ],
   "2020": [
    49,
    14.84,
    0.65
   ],
   "2021": [
    81,
    1.68,
    0.12
   ],
   "2022": [
    83,
    3.22,
    0.24
   ],
   "2023": [
    65,
    1.98,
    0.12
   ]
  },
  "1s_1459": {
   "n": 323,
   "gross": 3.47,
   "t": 2.72,
   "median": 2.0,
   "win": 0.56,
   "trim": 3.24,
   "top10_share": 0.68,
   "net": -1.56,
   "net_plus_tick": -2.56
  },
  "1s_1559": {
   "n": 323,
   "gross": 3.2,
   "t": 1.69,
   "median": 4.0,
   "win": 0.591,
   "trim": 2.83,
   "top10_share": 1.02,
   "net": -1.83,
   "net_plus_tick": -2.83
  },
  "1s_1559_years": {
   "2017": [
    15,
    0.53,
    0.01
   ],
   "2018": [
    26,
    -4.96,
    -0.12
   ],
   "2019": [
    4,
    6.75,
    0.03
   ],
   "2020": [
    49,
    15.16,
    0.72
   ],
   "2021": [
    81,
    2.51,
    0.2
   ],
   "2022": [
    83,
    1.47,
    0.12
   ],
   "2023": [
    65,
    0.89,
    0.06
   ]
  },
  "1s_1435": {
   "n": 323,
   "gross": 1.27,
   "t": 1.94,
   "median": 1.0,
   "win": 0.502,
   "trim": 0.98,
   "top10_share": 0.9,
   "net": -3.76,
   "net_plus_tick": -4.76
  },
  "1s_1445": {
   "n": 323,
   "gross": 2.18,
   "t": 1.97,
   "median": 2.0,
   "win": 0.548,
   "trim": 2.19,
   "top10_share": 0.81,
   "net": -2.85,
   "net_plus_tick": -3.85
  },
  "long_side_1min_1559": {
   "n": 86,
   "gross": 5.56,
   "t": 1.41,
   "median": 7.5,
   "win": 0.605,
   "trim": 5.39,
   "top10_share": 1.44,
   "net": 0.53,
   "net_plus_tick": -0.47
  },
  "short_side_1min_1559": {
   "n": 237,
   "gross": 2.67,
   "t": 1.22,
   "median": 3.0,
   "win": 0.57,
   "trim": 2.1,
   "top10_share": 1.41,
   "net": -2.36,
   "net_plus_tick": -3.36
  }
 },
 "Fri": {
  "n": 87,
  "per_year": 12.4,
  "1min_1459": {
   "n": 87,
   "gross": -0.31,
   "t": -0.17,
   "median": 0.0,
   "win": 0.494,
   "trim": -0.11,
   "top10_share": null,
   "net": -5.34,
   "net_plus_tick": -6.34
  },
  "1min_1529": {
   "n": 87,
   "gross": -1.14,
   "t": -0.54,
   "median": -2.0,
   "win": 0.437,
   "trim": -1.19,
   "top10_share": null,
   "net": -6.17,
   "net_plus_tick": -7.17
  },
  "1min_1529_years": {
   "2017": [
    6,
    3.5,
    null
   ],
   "2018": [
    7,
    -7.0,
    null
   ],
   "2019": [
    2,
    -13.5,
    null
   ],
   "2020": [
    8,
    4.63,
    null
   ],
   "2021": [
    21,
    0.95,
    null
   ],
   "2022": [
    24,
    -3.83,
    null
   ],
   "2023": [
    19,
    -0.47,
    null
   ]
  },
  "1min_1559": {
   "n": 87,
   "gross": 0.25,
   "t": 0.1,
   "median": 0.0,
   "win": 0.483,
   "trim": 0.16,
   "top10_share": 17.5,
   "net": -4.78,
   "net_plus_tick": -5.78
  },
  "1min_1559_years": {
   "2017": [
    6,
    0.67,
    0.18
   ],
   "2018": [
    7,
    -0.29,
    -0.09
   ],
   "2019": [
    2,
    -13.0,
    -1.18
   ],
   "2020": [
    8,
    7.0,
    2.55
   ],
   "2021": [
    21,
    1.43,
    1.36
   ],
   "2022": [
    24,
    -0.5,
    -0.55
   ],
   "2023": [
    19,
    -1.47,
    -1.27
   ]
  },
  "1s_1459": {
   "n": 87,
   "gross": 0.45,
   "t": 0.24,
   "median": 1.0,
   "win": 0.517,
   "trim": 0.49,
   "top10_share": 6.87,
   "net": -4.58,
   "net_plus_tick": -5.58
  },
  "1s_1559": {
   "n": 87,
   "gross": 1.01,
   "t": 0.39,
   "median": 1.0,
   "win": 0.529,
   "trim": 0.65,
   "top10_share": 4.72,
   "net": -4.02,
   "net_plus_tick": -5.02
  },
  "1s_1559_years": {
   "2017": [
    6,
    2.83,
    0.19
   ],
   "2018": [
    7,
    3.29,
    0.26
   ],
   "2019": [
    2,
    -16.0,
    -0.36
   ],
   "2020": [
    8,
    11.12,
    1.01
   ],
   "2021": [
    21,
    -0.76,
    -0.18
   ],
   "2022": [
    24,
    1.79,
    0.49
   ],
   "2023": [
    19,
    -1.89,
    -0.41
   ]
  },
  "1s_1435": {
   "n": 87,
   "gross": 3.36,
   "t": 2.4,
   "median": 2.0,
   "win": 0.575,
   "trim": 3.12,
   "top10_share": 0.99,
   "net": -1.67,
   "net_plus_tick": -2.67
  },
  "1s_1445": {
   "n": 87,
   "gross": 1.53,
   "t": 0.89,
   "median": 1.0,
   "win": 0.517,
   "trim": 1.27,
   "top10_share": 2.29,
   "net": -3.5,
   "net_plus_tick": -4.5
  },
  "long_side_1min_1559": {
   "n": 21,
   "gross": 4.62,
   "t": 0.74,
   "median": 1.0,
   "win": 0.571,
   "trim": 2.89,
   "top10_share": 2.62,
   "net": -0.41,
   "net_plus_tick": -1.41
  },
  "short_side_1min_1559": {
   "n": 66,
   "gross": -1.14,
   "t": -0.42,
   "median": -0.5,
   "win": 0.455,
   "trim": -0.61,
   "top10_share": null,
   "net": -6.17,
   "net_plus_tick": -7.17
  }
 },
 "AllDays": {
  "n": 410,
  "per_year": 58.6,
  "1min_1459": {
   "n": 410,
   "gross": 2.86,
   "t": 2.71,
   "median": 3.0,
   "win": 0.556,
   "trim": 2.66,
   "top10_share": 0.65,
   "net": -2.17,
   "net_plus_tick": -3.17
  },
  "1min_1529": {
   "n": 410,
   "gross": 3.74,
   "t": 2.67,
   "median": 3.0,
   "win": 0.566,
   "trim": 3.12,
   "top10_share": 0.65,
   "net": -1.29,
   "net_plus_tick": -2.29
  },
  "1min_1529_years": {
   "2017": [
    21,
    2.38,
    0.03
   ],
   "2018": [
    33,
    -5.88,
    -0.13
   ],
   "2019": [
    6,
    4.33,
    0.02
   ],
   "2020": [
    57,
    12.53,
    0.47
   ],
   "2021": [
    102,
    2.27,
    0.15
   ],
   "2022": [
    107,
    4.29,
    0.3
   ],
   "2023": [
    84,
    2.93,
    0.16
   ]
  },
  "1min_1559": {
   "n": 410,
   "gross": 2.76,
   "t": 1.72,
   "median": 3.0,
   "win": 0.559,
   "trim": 2.4,
   "top10_share": 0.98,
   "net": -2.27,
   "net_plus_tick": -3.27
  },
  "1min_1559_years": {
   "2017": [
    21,
    0.52,
    0.01
   ],
   "2018": [
    33,
    -5.52,
    -0.16
   ],
   "2019": [
    6,
    -0.17,
    -0.0
   ],
   "2020": [
    57,
    13.74,
    0.69
   ],
   "2021": [
    102,
    1.63,
    0.15
   ],
   "2022": [
    107,
    2.38,
    0.23
   ],
   "2023": [
    84,
    1.2,
    0.09
   ]
  },
  "1s_1459": {
   "n": 410,
   "gross": 2.83,
   "t": 2.62,
   "median": 2.0,
   "win": 0.551,
   "trim": 2.62,
   "top10_share": 0.66,
   "net": -2.2,
   "net_plus_tick": -3.2
  },
  "1s_1559": {
   "n": 410,
   "gross": 2.73,
   "t": 1.72,
   "median": 4.0,
   "win": 0.578,
   "trim": 2.4,
   "top10_share": 0.97,
   "net": -2.3,
   "net_plus_tick": -3.3
  },
  "1s_1559_years": {
   "2017": [
    21,
    1.19,
    0.02
   ],
   "2018": [
    33,
    -3.21,
    -0.09
   ],
   "2019": [
    6,
    -0.83,
    -0.0
   ],
   "2020": [
    57,
    14.6,
    0.74
   ],
   "2021": [
    102,
    1.83,
    0.17
   ],
   "2022": [
    107,
    1.54,
    0.15
   ],
   "2023": [
    84,
    0.26,
    0.02
   ]
  },
  "1s_1435": {
   "n": 410,
   "gross": 1.71,
   "t": 2.87,
   "median": 1.0,
   "win": 0.517,
   "trim": 1.43,
   "top10_share": 0.6,
   "net": -3.32,
   "net_plus_tick": -4.32
  },
  "1s_1445": {
   "n": 410,
   "gross": 2.04,
   "t": 2.16,
   "median": 2.0,
   "win": 0.541,
   "trim": 1.89,
   "top10_share": 0.73,
   "net": -2.99,
   "net_plus_tick": -3.99
  },
  "long_side_1min_1559": {
   "n": 107,
   "gross": 5.37,
   "t": 1.58,
   "median": 5.0,
   "win": 0.598,
   "trim": 5.33,
   "top10_share": 1.3,
   "net": 0.34,
   "net_plus_tick": -0.66
  },
  "short_side_1min_1559": {
   "n": 303,
   "gross": 1.84,
   "t": 1.02,
   "median": 2.0,
   "win": 0.545,
   "trim": 1.4,
   "top10_share": 1.61,
   "net": -3.19,
   "net_plus_tick": -4.19
  }
 },
 "control_MonThu_window_move_fade_1559": {
  "n": 939,
  "gross": 1.05,
  "t": 1.12,
  "median": 0.0,
  "win": 0.495,
  "trim": 0.65,
  "top10_share": 1.35,
  "net": -3.98,
  "net_plus_tick": -4.98
 },
 "control_MonThu_x1400_fade_1559": {
  "n": 925,
  "gross": 1.03,
  "t": 1.09,
  "median": 0.0,
  "win": 0.499,
  "trim": 0.94,
  "top10_share": 1.24,
  "net": -4.0,
  "net_plus_tick": -5.0
 }
}
NG {
 "MonThu": {
  "n": 288,
  "per_year": 41.1,
  "1min_1459": {
   "n": 288,
   "gross": 3.31,
   "t": 2.23,
   "median": 1.0,
   "win": 0.507,
   "trim": 2.85,
   "top10_share": 0.85,
   "net": -0.69,
   "net_plus_tick": -1.69
  },
  "1min_1529": {
   "n": 288,
   "gross": 2.66,
   "t": 1.34,
   "median": 1.0,
   "win": 0.521,
   "trim": 2.23,
   "top10_share": 1.36,
   "net": -1.34,
   "net_plus_tick": -2.34
  },
  "1min_1529_years": {
   "2017": [
    10,
    -0.3,
    -0.0
   ],
   "2018": [
    27,
    -2.04,
    -0.07
   ],
   "2019": [
    33,
    1.42,
    0.06
   ],
   "2020": [
    31,
    3.1,
    0.13
   ],
   "2021": [
    51,
    -1.08,
    -0.07
   ],
   "2022": [
    75,
    8.37,
    0.82
   ],
   "2023": [
    61,
    1.79,
    0.14
   ]
  },
  "1min_1559": {
   "n": 288,
   "gross": 4.7,
   "t": 2.19,
   "median": 1.0,
   "win": 0.524,
   "trim": 4.25,
   "top10_share": 0.93,
   "net": 0.7,
   "net_plus_tick": -0.3
  },
  "1min_1559_years": {
   "2017": [
    10,
    -0.2,
    -0.0
   ],
   "2018": [
    27,
    1.74,
    0.03
   ],
   "2019": [
    33,
    1.18,
    0.03
   ],
   "2020": [
    31,
    2.45,
    0.06
   ],
   "2021": [
    51,
    -1.12,
    -0.04
   ],
   "2022": [
    75,
    14.45,
    0.8
   ],
   "2023": [
    61,
    2.75,
    0.12
   ]
  },
  "1s_1459": {
   "n": 288,
   "gross": 4.9,
   "t": 3.07,
   "median": 2.0,
   "win": 0.535,
   "trim": 4.35,
   "top10_share": 0.68,
   "net": 0.9,
   "net_plus_tick": -0.1
  },
  "1s_1559": {
   "n": 288,
   "gross": 6.75,
   "t": 2.97,
   "median": 1.5,
   "win": 0.531,
   "trim": 6.14,
   "top10_share": 0.68,
   "net": 2.75,
   "net_plus_tick": 1.75
  },
  "1s_1559_years": {
   "2017": [
    10,
    0.0,
    0.0
   ],
   "2018": [
    27,
    10.07,
    0.14
   ],
   "2019": [
    33,
    1.39,
    0.02
   ],
   "2020": [
    31,
    2.77,
    0.04
   ],
   "2021": [
    51,
    -1.49,
    -0.04
   ],
   "2022": [
    75,
    19.89,
    0.77
   ],
   "2023": [
    61,
    2.05,
    0.06
   ]
  },
  "1s_1435": {
   "n": 288,
   "gross": 2.63,
   "t": 3.15,
   "median": 2.0,
   "win": 0.556,
   "trim": 2.57,
   "top10_share": 0.59,
   "net": -1.37,
   "net_plus_tick": -2.37
  },
  "1s_1445": {
   "n": 288,
   "gross": 4.3,
   "t": 3.22,
   "median": 2.0,
   "win": 0.552,
   "trim": 3.73,
   "top10_share": 0.62,
   "net": 0.3,
   "net_plus_tick": -0.7
  },
  "long_side_1min_1559": {
   "n": 104,
   "gross": 7.77,
   "t": 2.33,
   "median": 5.0,
   "win": 0.635,
   "trim": 7.24,
   "top10_share": 0.93,
   "net": 3.77,
   "net_plus_tick": 2.77
  },
  "short_side_1min_1559": {
   "n": 184,
   "gross": 2.97,
   "t": 1.07,
   "median": -1.0,
   "win": 0.462,
   "trim": 2.23,
   "top10_share": 2.0,
   "net": -1.03,
   "net_plus_tick": -2.03
  }
 },
 "Fri": {
  "n": 63,
  "per_year": 9.0,
  "1min_1459": {
   "n": 63,
   "gross": -1.68,
   "t": -0.6,
   "median": -1.0,
   "win": 0.397,
   "trim": -1.72,
   "top10_share": null,
   "net": -5.68,
   "net_plus_tick": -6.68
  },
  "1min_1529": {
   "n": 63,
   "gross": -1.78,
   "t": -0.41,
   "median": 2.0,
   "win": 0.524,
   "trim": -2.08,
   "top10_share": null,
   "net": -5.78,
   "net_plus_tick": -6.78
  },
  "1min_1529_years": {
   "2017": [
    4,
    1.25,
    null
   ],
   "2018": [
    3,
    1.33,
    null
   ],
   "2019": [
    5,
    -7.2,
    null
   ],
   "2020": [
    3,
    -0.67,
    null
   ],
   "2021": [
    12,
    2.75,
    null
   ],
   "2022": [
    18,
    -9.89,
    null
   ],
   "2023": [
    18,
    3.44,
    null
   ]
  },
  "1min_1559": {
   "n": 63,
   "gross": 1.7,
   "t": 0.38,
   "median": 1.0,
   "win": 0.524,
   "trim": 1.61,
   "top10_share": 5.54,
   "net": -2.3,
   "net_plus_tick": -3.3
  },
  "1min_1559_years": {
   "2017": [
    4,
    2.0,
    0.07
   ],
   "2018": [
    3,
    1.33,
    0.04
   ],
   "2019": [
    5,
    -4.8,
    -0.22
   ],
   "2020": [
    3,
    0.33,
    0.01
   ],
   "2021": [
    12,
    6.67,
    0.75
   ],
   "2022": [
    18,
    -4.78,
    -0.8
   ],
   "2023": [
    18,
    6.89,
    1.16
   ]
  },
  "1s_1459": {
   "n": 63,
   "gross": -1.9,
   "t": -0.66,
   "median": 0.0,
   "win": 0.46,
   "trim": -1.79,
   "top10_share": null,
   "net": -5.9,
   "net_plus_tick": -6.9
  },
  "1s_1559": {
   "n": 63,
   "gross": 1.48,
   "t": 0.33,
   "median": 4.0,
   "win": 0.556,
   "trim": 1.46,
   "top10_share": 6.29,
   "net": -2.52,
   "net_plus_tick": -3.52
  },
  "1s_1559_years": {
   "2017": [
    4,
    2.0,
    0.09
   ],
   "2018": [
    3,
    0.33,
    0.01
   ],
   "2019": [
    5,
    -5.2,
    -0.28
   ],
   "2020": [
    3,
    0.67,
    0.02
   ],
   "2021": [
    12,
    7.58,
    0.98
   ],
   "2022": [
    18,
    -5.5,
    -1.06
   ],
   "2023": [
    18,
    6.44,
    1.25
   ]
  },
  "1s_1435": {
   "n": 63,
   "gross": 1.22,
   "t": 0.66,
   "median": 1.0,
   "win": 0.54,
   "trim": 1.2,
   "top10_share": 2.97,
   "net": -2.78,
   "net_plus_tick": -3.78
  },
  "1s_1445": {
   "n": 63,
   "gross": -0.87,
   "t": -0.4,
   "median": 1.0,
   "win": 0.54,
   "trim": -0.48,
   "top10_share": null,
   "net": -4.87,
   "net_plus_tick": -5.87
  },
  "long_side_1min_1559": {
   "n": 33,
   "gross": 6.21,
   "t": 0.81,
   "median": 3.0,
   "win": 0.606,
   "trim": 6.32,
   "top10_share": 2.53,
   "net": 2.21,
   "net_plus_tick": 1.21
  },
  "short_side_1min_1559": {
   "n": 30,
   "gross": -3.27,
   "t": -0.82,
   "median": -3.0,
   "win": 0.433,
   "trim": -3.25,
   "top10_share": null,
   "net": -7.27,
   "net_plus_tick": -8.27
  }
 },
 "AllDays": {
  "n": 351,
  "per_year": 50.1,
  "1min_1459": {
   "n": 351,
   "gross": 2.41,
   "t": 1.83,
   "median": 0.0,
   "win": 0.487,
   "trim": 2.21,
   "top10_share": 0.96,
   "net": -1.59,
   "net_plus_tick": -2.59
  },
  "1min_1529": {
   "n": 351,
   "gross": 1.87,
   "t": 1.03,
   "median": 1.0,
   "win": 0.521,
   "trim": 1.46,
   "top10_share": 1.7,
   "net": -2.13,
   "net_plus_tick": -3.13
  },
  "1min_1529_years": {
   "2017": [
    14,
    0.14,
    0.0
   ],
   "2018": [
    30,
    -1.7,
    -0.08
   ],
   "2019": [
    38,
    0.29,
    0.02
   ],
   "2020": [
    34,
    2.76,
    0.14
   ],
   "2021": [
    63,
    -0.35,
    -0.03
   ],
   "2022": [
    93,
    4.84,
    0.69
   ],
   "2023": [
    79,
    2.16,
    0.26
   ]
  },
  "1min_1559": {
   "n": 351,
   "gross": 4.17,
   "t": 2.15,
   "median": 1.0,
   "win": 0.524,
   "trim": 3.71,
   "top10_share": 0.92,
   "net": 0.17,
   "net_plus_tick": -0.83
  },
  "1min_1559_years": {
   "2017": [
    14,
    0.43,
    0.0
   ],
   "2018": [
    30,
    1.7,
    0.03
   ],
   "2019": [
    38,
    0.39,
    0.01
   ],
   "2020": [
    34,
    2.26,
    0.05
   ],
   "2021": [
    63,
    0.37,
    0.02
   ],
   "2022": [
    93,
    10.73,
    0.68
   ],
   "2023": [
    79,
    3.7,
    0.2
   ]
  },
  "1s_1459": {
   "n": 351,
   "gross": 3.68,
   "t": 2.6,
   "median": 1.0,
   "win": 0.521,
   "trim": 3.14,
   "top10_share": 0.74,
   "net": -0.32,
   "net_plus_tick": -1.32
  },
  "1s_1559": {
   "n": 351,
   "gross": 5.81,
   "t": 2.85,
   "median": 2.0,
   "win": 0.536,
   "trim": 5.23,
   "top10_share": 0.67,
   "net": 1.81,
   "net_plus_tick": 0.81
  },
  "1s_1559_years": {
   "2017": [
    14,
    0.57,
    0.0
   ],
   "2018": [
    30,
    9.1,
    0.13
   ],
   "2019": [
    38,
    0.53,
    0.01
   ],
   "2020": [
    34,
    2.59,
    0.04
   ],
   "2021": [
    63,
    0.24,
    0.01
   ],
   "2022": [
    93,
    14.98,
    0.68
   ],
   "2023": [
    79,
    3.05,
    0.12
   ]
  },
  "1s_1435": {
   "n": 351,
   "gross": 2.38,
   "t": 3.12,
   "median": 2.0,
   "win": 0.553,
   "trim": 2.33,
   "top10_share": 0.56,
   "net": -1.62,
   "net_plus_tick": -2.62
  },
  "1s_1445": {
   "n": 351,
   "gross": 3.37,
   "t": 2.88,
   "median": 2.0,
   "win": 0.55,
   "trim": 2.91,
   "top10_share": 0.64,
   "net": -0.63,
   "net_plus_tick": -1.63
  },
  "long_side_1min_1559": {
   "n": 137,
   "gross": 7.39,
   "t": 2.36,
   "median": 4.0,
   "win": 0.628,
   "trim": 7.32,
   "top10_share": 0.92,
   "net": 3.39,
   "net_plus_tick": 2.39
  },
  "short_side_1min_1559": {
   "n": 214,
   "gross": 2.1,
   "t": 0.85,
   "median": -1.0,
   "win": 0.458,
   "trim": 1.19,
   "top10_share": 2.44,
   "net": -1.9,
   "net_plus_tick": -2.9
  }
 },
 "control_MonThu_window_move_fade_1559": {
  "n": 938,
  "gross": -0.26,
  "t": -0.26,
  "median": 0.0,
  "win": 0.485,
  "trim": -0.61,
  "top10_share": null,
  "net": -4.26,
  "net_plus_tick": -5.26
 },
 "control_MonThu_x1400_fade_1559": {
  "n": 911,
  "gross": 0.45,
  "t": 0.43,
  "median": 0.0,
  "win": 0.492,
  "trim": 0.25,
  "top10_share": 3.56,
  "net": -3.55,
  "net_plus_tick": -4.55
 }
}
SIL {
 "top_third": {
  "n_top": 428,
  "n_agree": 265,
  "per_year": 33.1,
  "agree_y60": {
   "n": 265,
   "gross": 20.13,
   "t": 3.98,
   "median": 15.0,
   "win": 0.619,
   "trim": 17.55,
   "top10_share": 0.58,
   "net": 12.13,
   "net_plus_tick": 7.13
  },
  "agree_y30": {
   "n": 265,
   "gross": 15.15,
   "t": 4.42,
   "median": 10.0,
   "win": 0.611,
   "trim": 13.46,
   "top10_share": 0.48,
   "net": 7.15,
   "net_plus_tick": 2.15
  },
  "agree_y60_delayed5": {
   "n": 265,
   "gross": 14.7,
   "t": 3.11,
   "median": 10.0,
   "win": 0.555,
   "trim": 13.24,
   "top10_share": 0.71,
   "net": 6.7,
   "net_plus_tick": 1.7
  },
  "agree_years_y60": {
   "2016": [
    52,
    17.31,
    0.17
   ],
   "2017": [
    48,
    11.77,
    0.11
   ],
   "2018": [
    7,
    23.57,
    0.03
   ],
   "2019": [
    13,
    12.31,
    0.03
   ],
   "2020": [
    44,
    59.89,
    0.49
   ],
   "2021": [
    51,
    24.31,
    0.23
   ],
   "2022": [
    19,
    -3.16,
    -0.01
   ],
   "2023": [
    31,
    -8.71,
    -0.05
   ]
  },
  "disagree_y60": {
   "n": 143,
   "gross": -0.87,
   "t": -0.16,
   "median": 5.0,
   "win": 0.503,
   "trim": 0.5,
   "top10_share": null,
   "net": -8.87,
   "net_plus_tick": -13.87
  },
  "agree_eras_y60": {
   "16-19": {
    "n": 120,
    "gross": 14.92,
    "t": 2.96,
    "median": 12.5,
    "win": 0.642,
    "trim": 14.18,
    "top10_share": 0.7,
    "net": 6.92,
    "net_plus_tick": 1.92
   },
   "20-21": {
    "n": 95,
    "gross": 40.79,
    "t": 3.54,
    "median": 25.0,
    "win": 0.663,
    "trim": 37.1,
    "top10_share": 0.75,
    "net": 32.79,
    "net_plus_tick": 27.79
   },
   "22-23": {
    "n": 50,
    "gross": -6.6,
    "t": -0.84,
    "median": -2.5,
    "win": 0.48,
    "trim": -5.73,
    "top10_share": null,
    "net": -14.6,
    "net_plus_tick": -19.6
   }
  },
  "agree_wd_y60": {
   "0": [
    56,
    15.09
   ],
   "1": [
    60,
    27.42
   ],
   "2": [
    58,
    21.12
   ],
   "3": [
    51,
    13.33
   ],
   "4": [
    40,
    23.5
   ]
  }
 },
 "top_half": {
  "n_top": 642,
  "n_agree": 377,
  "per_year": 47.1,
  "agree_y60": {
   "n": 377,
   "gross": 17.92,
   "t": 4.49,
   "median": 10.0,
   "win": 0.602,
   "trim": 15.85,
   "top10_share": 0.46,
   "net": 9.92,
   "net_plus_tick": 4.92
  },
  "agree_y30": {
   "n": 377,
   "gross": 14.23,
   "t": 5.25,
   "median": 10.0,
   "win": 0.589,
   "trim": 12.71,
   "top10_share": 0.4,
   "net": 6.23,
   "net_plus_tick": 1.23
  },
  "agree_y60_delayed5": {
   "n": 377,
   "gross": 12.79,
   "t": 3.42,
   "median": 10.0,
   "win": 0.557,
   "trim": 11.54,
   "top10_share": 0.58,
   "net": 4.79,
   "net_plus_tick": -0.21
  },
  "agree_years_y60": {
   "2016": [
    66,
    15.23,
    0.15
   ],
   "2017": [
    66,
    11.74,
    0.11
   ],
   "2018": [
    9,
    23.33,
    0.03
   ],
   "2019": [
    31,
    18.06,
    0.08
   ],
   "2020": [
    63,
    45.95,
    0.43
   ],
   "2021": [
    65,
    25.77,
    0.25
   ],
   "2022": [
    37,
    -3.92,
    -0.02
   ],
   "2023": [
    40,
    -5.5,
    -0.03
   ]
  },
  "disagree_y60": {
   "n": 231,
   "gross": -4.03,
   "t": -0.86,
   "median": 0.0,
   "win": 0.468,
   "trim": -3.07,
   "top10_share": null,
   "net": -12.03,
   "net_plus_tick": -17.03
  },
  "agree_eras_y60": {
   "16-19": {
    "n": 172,
    "gross": 14.83,
    "t": 3.64,
    "median": 10.0,
    "win": 0.61,
    "trim": 13.81,
    "top10_share": 0.6,
    "net": 6.83,
    "net_plus_tick": 1.83
   },
   "20-21": {
    "n": 128,
    "gross": 35.7,
    "t": 3.89,
    "median": 22.5,
    "win": 0.664,
    "trim": 31.81,
    "top10_share": 0.64,
    "net": 27.7,
    "net_plus_tick": 22.7
   },
   "22-23": {
    "n": 77,
    "gross": -4.74,
    "t": -0.66,
    "median": 0.0,
    "win": 0.481,
    "trim": -4.53,
    "top10_share": null,
    "net": -12.74,
    "net_plus_tick": -17.74
   }
  },
  "agree_wd_y60": {
   "0": [
    85,
    17.82
   ],
   "1": [
    74,
    22.84
   ],
   "2": [
    76,
    17.63
   ],
   "3": [
    78,
    13.97
   ],
   "4": [
    64,
    17.5
   ]
  }
 },
 "all_nz": {
  "n_top": 1284,
  "n_agree": 715,
  "per_year": 89.4,
  "agree_y60": {
   "n": 715,
   "gross": 12.34,
   "t": 4.53,
   "median": 10.0,
   "win": 0.583,
   "trim": 11.61,
   "top10_share": 0.36,
   "net": 4.34,
   "net_plus_tick": -0.66
  },
  "agree_y30": {
   "n": 715,
   "gross": 8.83,
   "t": 4.64,
   "median": 5.0,
   "win": 0.544,
   "trim": 8.2,
   "top10_share": 0.35,
   "net": 0.83,
   "net_plus_tick": -4.17
  },
  "agree_y60_delayed5": {
   "n": 715,
   "gross": 7.84,
   "t": 2.95,
   "median": 5.0,
   "win": 0.538,
   "trim": 7.8,
   "top10_share": 0.5,
   "net": -0.16,
   "net_plus_tick": -5.16
  },
  "agree_years_y60": {
   "2016": [
    117,
    11.54,
    0.15
   ],
   "2017": [
    104,
    10.29,
    0.12
   ],
   "2018": [
    31,
    17.58,
    0.06
   ],
   "2019": [
    80,
    12.37,
    0.11
   ],
   "2020": [
    108,
    30.74,
    0.38
   ],
   "2021": [
    97,
    15.46,
    0.17
   ],
   "2022": [
    89,
    5.73,
    0.06
   ],
   "2023": [
    89,
    -5.17,
    -0.05
   ]
  },
  "disagree_y60": {
   "n": 497,
   "gross": -2.99,
   "t": -0.86,
   "median": 0.0,
   "win": 0.467,
   "trim": -1.04,
   "top10_share": null,
   "net": -10.99,
   "net_plus_tick": -15.99
  },
  "agree_eras_y60": {
   "16-19": {
    "n": 332,
    "gross": 11.91,
    "t": 4.43,
    "median": 10.0,
    "win": 0.599,
    "trim": 10.92,
    "top10_share": 0.43,
    "net": 3.91,
    "net_plus_tick": -1.09
   },
   "20-21": {
    "n": 205,
    "gross": 23.51,
    "t": 3.17,
    "median": 20.0,
    "win": 0.649,
    "trim": 22.99,
    "top10_share": 0.62,
    "net": 15.51,
    "net_plus_tick": 10.51
   },
   "22-23": {
    "n": 178,
    "gross": 0.28,
    "t": 0.06,
    "median": 0.0,
    "win": 0.478,
    "trim": 0.37,
    "top10_share": 27.2,
    "net": -7.72,
    "net_plus_tick": -12.72
   }
  },
  "agree_wd_y60": {
   "0": [
    144,
    17.26
   ],
   "1": [
    150,
    8.6
   ],
   "2": [
    149,
    10.57
   ],
   "3": [
    143,
    13.53
   ],
   "4": [
    129,
    11.94
   ]
  }
 }
}
