{
 "root": "CL",
 "n": 1275,
 "Wl_nonzero": 1229,
 "Wa_nonzero": 1272,
 "rho": {
  "Wl_xw": -0.076,
  "Wl_x": 0.243,
  "Wl_y": -0.119,
  "Wl_y2": -0.124,
  "Wl_y5": -0.074,
  "Wa_y": -0.099,
  "Wa_y2": -0.163,
  "xw_y": -0.06,
  "x_y": -0.052
 },
 "sd_usd": {
  "xw": 9.4,
  "y": 17.9,
  "y2": 24.2
 },
 "fade_Wl_top": {
  "y1": {
   "n": 410,
   "gross": 0.95,
   "t": 3.0,
   "median": 1.0,
   "net": -4.08,
   "win": 0.541,
   "trim": 0.9,
   "top": 33.0,
   "top_share": 0.09
  },
  "y5": {
   "n": 410,
   "gross": 1.74,
   "t": 3.3,
   "median": 1.0,
   "net": -3.29,
   "win": 0.505,
   "trim": 1.69,
   "top": 48.0,
   "top_share": 0.07
  },
  "y": {
   "n": 410,
   "gross": 2.86,
   "t": 2.7,
   "median": 3.0,
   "net": -2.17,
   "win": 0.556,
   "trim": 2.66,
   "top": 131.0,
   "top_share": 0.11
  },
  "y2": {
   "n": 410,
   "gross": 3.74,
   "t": 2.7,
   "median": 3.0,
   "net": -1.29,
   "win": 0.566,
   "trim": 3.12,
   "top": 255.0,
   "top_share": 0.17
  }
 },
 "fade_Wl_top_rot_y": {
  "p50": 0.08,
  "p95": 1.65
 },
 "fade_Wl_top_eras_y": {
  "2017-19": {
   "n": 60,
   "gross": -1.25,
   "t": -1.0,
   "median": -0.5,
   "net": -6.28,
   "win": 0.417,
   "trim": -1.09,
   "top": 19.0,
   "top_share": null
  },
  "2020-21": {
   "n": 159,
   "gross": 3.9,
   "t": 3.3,
   "median": 3.0,
   "net": -1.13,
   "win": 0.591,
   "trim": 3.81,
   "top": 57.0,
   "top_share": 0.09
  },
  "2022-23": {
   "n": 191,
   "gross": 3.29,
   "t": 1.6,
   "median": 4.0,
   "net": -1.74,
   "win": 0.571,
   "trim": 3.1,
   "top": 131.0,
   "top_share": 0.21
  }
 },
 "fade_Wl_top_years_y": {
  "2017": [
   21,
   1.57
  ],
  "2018": [
   33,
   -3.24
  ],
  "2019": [
   6,
   -0.17
  ],
  "2020": [
   57,
   7.14
  ],
  "2021": [
   102,
   2.09
  ],
  "2022": [
   107,
   3.29
  ],
  "2023": [
   84,
   3.29
  ]
 },
 "fade_Wl_all_nz": {
  "y": {
   "n": 1229,
   "gross": 1.54,
   "t": 3.0,
   "median": 1.0,
   "net": -3.49,
   "win": 0.514,
   "trim": 1.48,
   "top": 131.0,
   "top_share": 0.07
  },
  "y2": {
   "n": 1229,
   "gross": 1.84,
   "t": 2.7,
   "median": 1.0,
   "net": -3.19,
   "win": 0.524,
   "trim": 1.69,
   "top": 255.0,
   "top_share": 0.11
  }
 },
 "fade_Wl_pos_side(short)": {
  "n": 831,
  "gross": 0.94,
  "t": 1.6,
  "median": 1.0,
  "net": -4.09,
  "win": 0.502,
  "trim": 0.87,
  "top": 131.0,
  "top_share": 0.17
 },
 "fade_Wl_neg_side(long)": {
  "n": 398,
  "gross": 2.81,
  "t": 2.7,
  "median": 2.0,
  "net": -2.22,
  "win": 0.54,
  "trim": 2.87,
  "top": 119.0,
  "top_share": 0.11
 },
 "dose_Wl": {
  "0": {
   "meanW": -0.128,
   "xw": 1.67,
   "y": 4.39,
   "y2": 6.24,
   "n": 246
  },
  "1": {
   "meanW": -0.004,
   "xw": -0.08,
   "y": -0.55,
   "y2": 0.04,
   "n": 246
  },
  "2": {
   "meanW": 0.016,
   "xw": -1.33,
   "y": 0.3,
   "y2": -0.27,
   "n": 245
  },
  "3": {
   "meanW": 0.065,
   "xw": -1.97,
   "y": -0.49,
   "y2": -0.33,
   "n": 246
  },
  "4": {
   "meanW": 0.243,
   "xw": -1.52,
   "y": -2.27,
   "y2": -2.33,
   "n": 246
  }
 },
 "fade_Wa_top": {
  "y1": {
   "n": 424,
   "gross": 0.66,
   "t": 2.0,
   "median": 1.0,
   "net": -4.37,
   "win": 0.517,
   "trim": 0.77,
   "top": 33.0,
   "top_share": 0.12
  },
  "y5": {
   "n": 424,
   "gross": 2.13,
   "t": 3.6,
   "median": 1.0,
   "net": -2.9,
   "win": 0.533,
   "trim": 2.11,
   "top": 70.0,
   "top_share": 0.08
  },
  "y": {
   "n": 424,
   "gross": 3.23,
   "t": 3.4,
   "median": 2.5,
   "net": -1.8,
   "win": 0.559,
   "trim": 3.05,
   "top": 119.0,
   "top_share": 0.09
  },
  "y2": {
   "n": 424,
   "gross": 3.01,
   "t": 2.4,
   "median": 2.0,
   "net": -2.02,
   "win": 0.552,
   "trim": 2.81,
   "top": 178.0,
   "top_share": 0.14
  }
 },
 "fade_Wa_top_rot_y": {
  "p50": -0.38,
  "p95": 1.09
 },
 "fade_Wa_top_eras_y": {
  "2017-19": {
   "n": 87,
   "gross": 1.78,
   "t": 1.9,
   "median": 1.0,
   "net": -3.25,
   "win": 0.517,
   "trim": 1.73,
   "top": 24.0,
   "top_share": 0.15
  },
  "2020-21": {
   "n": 168,
   "gross": 4.21,
   "t": 3.4,
   "median": 3.0,
   "net": -0.82,
   "win": 0.571,
   "trim": 3.99,
   "top": 68.0,
   "top_share": 0.1
  },
  "2022-23": {
   "n": 169,
   "gross": 2.99,
   "t": 1.5,
   "median": 4.0,
   "net": -2.04,
   "win": 0.568,
   "trim": 2.81,
   "top": 119.0,
   "top_share": 0.24
  }
 },
 "fade_Wa_top_years_y": {
  "2017": [
   33,
   1.06
  ],
  "2018": [
   44,
   1.48
  ],
  "2019": [
   10,
   5.5
  ],
  "2020": [
   59,
   9.47
  ],
  "2021": [
   109,
   1.36
  ],
  "2022": [
   100,
   2.21
  ],
  "2023": [
   69,
   4.13
  ]
 },
 "fade_Wa_all_nz": {
  "y": {
   "n": 1272,
   "gross": 1.29,
   "t": 2.6,
   "median": 1.0,
   "net": -3.74,
   "win": 0.502,
   "trim": 1.25,
   "top": 131.0,
   "top_share": 0.08
  },
  "y2": {
   "n": 1272,
   "gross": 1.81,
   "t": 2.7,
   "median": 1.0,
   "net": -3.22,
   "win": 0.518,
   "trim": 1.4,
   "top": 255.0,
   "top_share": 0.11
  }
 },
 "fade_Wa_pos_side(short)": {
  "n": 906,
  "gross": 0.68,
  "t": 1.2,
  "median": 0.0,
  "net": -4.35,
  "win": 0.49,
  "trim": 0.7,
  "top": 131.0,
  "top_share": 0.21
 },
 "fade_Wa_neg_side(long)": {
  "n": 366,
  "gross": 2.81,
  "t": 2.6,
  "median": 2.0,
  "net": -2.22,
  "win": 0.533,
  "trim": 2.88,
  "top": 119.0,
  "top_share": 0.12
 },
 "dose_Wa": {
  "0": {
   "meanW": -0.06,
   "xw": 0.92,
   "y": 4.13,
   "y2": 6.28,
   "n": 255
  },
  "1": {
   "meanW": 0.0,
   "xw": 0.73,
   "y": 0.94,
   "y2": 0.41,
   "n": 254
  },
  "2": {
   "meanW": 0.012,
   "xw": -1.23,
   "y": -0.35,
   "y2": -0.68,
   "n": 254
  },
  "3": {
   "meanW": 0.038,
   "xw": -1.97,
   "y": -1.39,
   "y2": -0.81,
   "n": 254
  },
  "4": {
   "meanW": 0.128,
   "xw": -1.65,
   "y": -1.72,
   "y2": -1.17,
   "n": 255
  }
 },
 "absy_by_Vl_rel_tercile": {
  "0": 10.0,
  "1": 12.27,
  "2": 13.41
 },
 "window_fade_xw_by_Vl_rel_tercile": {
  "0": {
   "n": 419,
   "gross": 0.89,
   "t": 1.2,
   "median": 0.0,
   "net": -4.14,
   "win": 0.461,
   "trim": 0.78,
   "top": 131.0,
   "top_share": 0.35
  },
  "1": {
   "n": 418,
   "gross": 0.79,
   "t": 0.9,
   "median": 0.0,
   "net": -4.24,
   "win": 0.471,
   "trim": 0.95,
   "top": 119.0,
   "top_share": 0.36
  },
  "2": {
   "n": 418,
   "gross": 0.99,
   "t": 1.1,
   "median": 0.0,
   "net": -4.04,
   "win": 0.49,
   "trim": 0.87,
   "top": 95.0,
   "top_share": 0.23
  }
 }
}
{
 "root": "NG",
 "n": 1267,
 "Wl_nonzero": 1052,
 "Wa_nonzero": 1132,
 "rho": {
  "Wl_xw": -0.213,
  "Wl_x": 0.231,
  "Wl_y": -0.077,
  "Wl_y2": -0.04,
  "Wl_y5": -0.065,
  "Wa_y": -0.069,
  "Wa_y2": -0.027,
  "xw_y": 0.041,
  "x_y": 0.029
 },
 "sd_usd": {
  "xw": 9.9,
  "y": 21.1,
  "y2": 26.9
 },
 "fade_Wl_top": {
  "y1": {
   "n": 351,
   "gross": 0.11,
   "t": 0.3,
   "median": 0.0,
   "net": -3.89,
   "win": 0.476,
   "trim": 0.21,
   "top": 28.0,
   "top_share": 0.72
  },
  "y5": {
   "n": 351,
   "gross": 1.11,
   "t": 1.7,
   "median": 1.0,
   "net": -2.89,
   "win": 0.53,
   "trim": 1.35,
   "top": 59.0,
   "top_share": 0.15
  },
  "y": {
   "n": 351,
   "gross": 2.41,
   "t": 1.8,
   "median": 0.0,
   "net": -1.59,
   "win": 0.487,
   "trim": 2.21,
   "top": 135.0,
   "top_share": 0.16
  },
  "y2": {
   "n": 351,
   "gross": 1.87,
   "t": 1.0,
   "median": 1.0,
   "net": -2.13,
   "win": 0.521,
   "trim": 1.46,
   "top": 188.0,
   "top_share": 0.29
  }
 },
 "fade_Wl_top_rot_y": {
  "p50": -0.36,
  "p95": 1.96
 },
 "fade_Wl_top_eras_y": {
  "2017-19": {
   "n": 82,
   "gross": -0.76,
   "t": -0.6,
   "median": 0.0,
   "net": -4.76,
   "win": 0.451,
   "trim": -0.57,
   "top": 33.0,
   "top_share": null
  },
  "2020-21": {
   "n": 97,
   "gross": -0.36,
   "t": -0.2,
   "median": -1.0,
   "net": -4.36,
   "win": 0.392,
   "trim": -0.28,
   "top": 49.0,
   "top_share": null
  },
  "2022-23": {
   "n": 172,
   "gross": 5.49,
   "t": 2.2,
   "median": 5.0,
   "net": 1.49,
   "win": 0.558,
   "trim": 4.89,
   "top": 135.0,
   "top_share": 0.14
  }
 },
 "fade_Wl_top_years_y": {
  "2017": [
   14,
   0.86
  ],
  "2018": [
   30,
   -1.57
  ],
  "2019": [
   38,
   -0.71
  ],
  "2020": [
   34,
   1.0
  ],
  "2021": [
   63,
   -1.1
  ],
  "2022": [
   93,
   7.47
  ],
  "2023": [
   79,
   3.15
  ]
 },
 "fade_Wl_all_nz": {
  "y": {
   "n": 1052,
   "gross": 0.41,
   "t": 0.6,
   "median": 0.0,
   "net": -3.59,
   "win": 0.477,
   "trim": 0.44,
   "top": 135.0,
   "top_share": 0.31
  },
  "y2": {
   "n": 1052,
   "gross": 0.49,
   "t": 0.6,
   "median": 0.0,
   "net": -3.51,
   "win": 0.493,
   "trim": 0.37,
   "top": 188.0,
   "top_share": 0.37
  }
 },
 "fade_Wl_pos_side(short)": {
  "n": 588,
  "gross": -1.09,
  "t": -1.3,
  "median": -1.0,
  "net": -5.09,
  "win": 0.44,
  "trim": -0.99,
  "top": 117.0,
  "top_share": null
 },
 "fade_Wl_neg_side(long)": {
  "n": 464,
  "gross": 2.31,
  "t": 2.1,
  "median": 1.0,
  "net": -1.69,
  "win": 0.524,
  "trim": 2.25,
  "top": 135.0,
  "top_share": 0.13
 },
 "dose_Wl": {
  "0": {
   "meanW": -0.214,
   "xw": 3.98,
   "y": 4.16,
   "y2": 4.98,
   "n": 211
  },
  "1": {
   "meanW": -0.028,
   "xw": 0.6,
   "y": 1.27,
   "y2": 2.9,
   "n": 210
  },
  "2": {
   "meanW": 0.008,
   "xw": -0.16,
   "y": 1.61,
   "y2": 3.07,
   "n": 210
  },
  "3": {
   "meanW": 0.073,
   "xw": -1.07,
   "y": 1.86,
   "y2": 1.75,
   "n": 210
  },
  "4": {
   "meanW": 0.296,
   "xw": -2.4,
   "y": -0.74,
   "y2": 0.65,
   "n": 211
  }
 },
 "fade_Wa_top": {
  "y1": {
   "n": 378,
   "gross": 0.27,
   "t": 0.7,
   "median": 0.0,
   "net": -3.73,
   "win": 0.474,
   "trim": 0.35,
   "top": 29.0,
   "top_share": 0.28
  },
  "y5": {
   "n": 378,
   "gross": 1.02,
   "t": 1.5,
   "median": 1.0,
   "net": -2.98,
   "win": 0.524,
   "trim": 1.33,
   "top": 59.0,
   "top_share": 0.15
  },
  "y": {
   "n": 378,
   "gross": 1.93,
   "t": 1.4,
   "median": 0.0,
   "net": -2.07,
   "win": 0.492,
   "trim": 2.13,
   "top": 135.0,
   "top_share": 0.19
  },
  "y2": {
   "n": 378,
   "gross": 0.85,
   "t": 0.5,
   "median": 1.0,
   "net": -3.15,
   "win": 0.503,
   "trim": 0.64,
   "top": 188.0,
   "top_share": 0.58
  }
 },
 "fade_Wa_top_rot_y": {
  "p50": -0.27,
  "p95": 1.75
 },
 "fade_Wa_top_eras_y": {
  "2017-19": {
   "n": 109,
   "gross": -0.56,
   "t": -0.6,
   "median": 0.0,
   "net": -4.56,
   "win": 0.477,
   "trim": -0.39,
   "top": 33.0,
   "top_share": null
  },
  "2020-21": {
   "n": 103,
   "gross": 0.75,
   "t": 0.5,
   "median": -1.0,
   "net": -3.25,
   "win": 0.417,
   "trim": 0.73,
   "top": 49.0,
   "top_share": 0.64
  },
  "2022-23": {
   "n": 166,
   "gross": 4.3,
   "t": 1.5,
   "median": 4.5,
   "net": 0.3,
   "win": 0.548,
   "trim": 4.52,
   "top": 135.0,
   "top_share": 0.19
  }
 },
 "fade_Wa_top_years_y": {
  "2017": [
   17,
   1.47
  ],
  "2018": [
   47,
   -1.83
  ],
  "2019": [
   45,
   0.0
  ],
  "2020": [
   34,
   0.35
  ],
  "2021": [
   69,
   0.94
  ],
  "2022": [
   104,
   4.24
  ],
  "2023": [
   62,
   4.39
  ]
 },
 "fade_Wa_all_nz": {
  "y": {
   "n": 1132,
   "gross": 1.16,
   "t": 1.8,
   "median": 0.0,
   "net": -2.84,
   "win": 0.481,
   "trim": 0.95,
   "top": 140.0,
   "top_share": 0.11
  },
  "y2": {
   "n": 1132,
   "gross": 1.39,
   "t": 1.7,
   "median": 0.0,
   "net": -2.61,
   "win": 0.496,
   "trim": 1.15,
   "top": 188.0,
   "top_share": 0.12
  }
 },
 "fade_Wa_pos_side(short)": {
  "n": 626,
  "gross": -0.38,
  "t": -0.5,
  "median": -1.0,
  "net": -4.38,
  "win": 0.442,
  "trim": -0.44,
  "top": 117.0,
  "top_share": null
 },
 "fade_Wa_neg_side(long)": {
  "n": 506,
  "gross": 3.07,
  "t": 2.9,
  "median": 1.0,
  "net": -0.93,
  "win": 0.53,
  "trim": 2.81,
  "top": 140.0,
  "top_share": 0.09
 },
 "dose_Wa": {
  "0": {
   "meanW": -0.111,
   "xw": 3.67,
   "y": 4.5,
   "y2": 5.67,
   "n": 227
  },
  "1": {
   "meanW": -0.013,
   "xw": 0.57,
   "y": 2.73,
   "y2": 4.62,
   "n": 226
  },
  "2": {
   "meanW": 0.003,
   "xw": -0.24,
   "y": 0.93,
   "y2": 2.98,
   "n": 226
  },
  "3": {
   "meanW": 0.032,
   "xw": -0.29,
   "y": 0.06,
   "y2": -1.54,
   "n": 226
  },
  "4": {
   "meanW": 0.167,
   "xw": -2.81,
   "y": -0.33,
   "y2": 2.01,
   "n": 227
  }
 },
 "absy_by_Vl_rel_tercile": {
  "0": 11.86,
  "1": 10.81,
  "2": 14.6
 },
 "window_fade_xw_by_Vl_rel_tercile": {
  "0": {
   "n": 416,
   "gross": 0.0,
   "t": 0.0,
   "median": 0.0,
   "net": -4.0,
   "win": 0.435,
   "trim": -0.11,
   "top": 119.0,
   "top_share": 59.5
  },
  "1": {
   "n": 415,
   "gross": -1.1,
   "t": -1.2,
   "median": 0.0,
   "net": -5.1,
   "win": 0.41,
   "trim": -1.05,
   "top": 107.0,
   "top_share": null
  },
  "2": {
   "n": 416,
   "gross": -0.52,
   "t": -0.4,
   "median": 0.0,
   "net": -4.52,
   "win": 0.438,
   "trim": -0.46,
   "top": 140.0,
   "top_share": null
  }
 }
}
