CL days 1679 with TAS on front 1677 median V 6120.0
{
 "root": "CL",
 "n": 1672,
 "W_nonzero": 1599,
 "W_abs_median": 0.008,
 "I_abs_median": 0.008,
 "rho_W_x": -0.08,
 "rho_W_y": -0.042,
 "rho_W_y2": -0.111,
 "rho_I_x": -0.042,
 "rho_I_y": -0.044,
 "rho_x_y": -0.032,
 "rho_V_absx": 0.11,
 "rho_V_absy": 0.059,
 "sd_x_usd": 36.0,
 "sd_y_usd": 18.6,
 "book_a_tas_fade_topW": {
  "n": 533,
  "gross": 1.78,
  "t": 2.2,
  "median": 1.0,
  "net": -3.25,
  "win": 0.516,
  "trim": 1.63,
  "top": 132.0,
  "top_share": 0.14
 },
 "book_a_rot": {
  "p50": -0.09,
  "p95": 0.91
 },
 "book_a_years": {
  "2017": {
   "n": 83,
   "gross": 0.59,
   "t": 0.8,
   "median": 0.0,
   "net": -4.44,
   "win": 0.47,
   "trim": 0.52,
   "top": 19.0,
   "top_share": 0.39
  },
  "2018": {
   "n": 71,
   "gross": 0.69,
   "t": 0.5,
   "median": 1.0,
   "net": -4.34,
   "win": 0.507,
   "trim": 0.68,
   "top": 35.0,
   "top_share": 0.71
  },
  "2019": {
   "n": 28,
   "gross": 1.11,
   "t": 0.6,
   "median": 0.0,
   "net": -3.92,
   "win": 0.5,
   "trim": 0.92,
   "top": 24.0,
   "top_share": 0.77
  },
  "2020": {
   "n": 63,
   "gross": 5.94,
   "t": 2.5,
   "median": 1.0,
   "net": 0.91,
   "win": 0.556,
   "trim": 5.38,
   "top": 68.0,
   "top_share": 0.18
  },
  "2021": {
   "n": 102,
   "gross": 0.35,
   "t": 0.3,
   "median": 0.0,
   "net": -4.68,
   "win": 0.49,
   "trim": 0.36,
   "top": 35.0,
   "top_share": 0.97
  },
  "2022": {
   "n": 113,
   "gross": 3.7,
   "t": 1.2,
   "median": 5.0,
   "net": -1.33,
   "win": 0.584,
   "trim": 3.17,
   "top": 132.0,
   "top_share": 0.32
  },
  "2023": {
   "n": 73,
   "gross": -0.14,
   "t": -0.1,
   "median": 0.0,
   "net": -5.17,
   "win": 0.479,
   "trim": -0.14,
   "top": 47.0,
   "top_share": null
  }
 },
 "book_a_tas_fade_topW_y2": {
  "n": 533,
  "gross": 1.36,
  "t": 1.2,
  "median": 0.0,
  "net": -3.67,
  "win": 0.499,
  "trim": 1.24,
  "top": 178.0,
  "top_share": 0.25
 },
 "book_b_tas_follow_into_window_topW": {
  "n": 533,
  "gross": -0.43,
  "t": -0.2,
  "median": 1.0,
  "net": -5.46,
  "win": 0.516,
  "trim": -0.36,
  "top": 217.0,
  "top_share": null
 },
 "book_b_follow_14_1428": {
  "n": 533,
  "gross": 1.16,
  "t": 0.6,
  "median": 2.0,
  "net": -3.87,
  "win": 0.542,
  "trim": 1.24,
  "top": 239.0,
  "top_share": 0.39
 },
 "book_b_rot": {
  "p50": -0.51,
  "p95": 1.69
 },
 "book_b_years": {
  "2017": {
   "n": 83,
   "gross": 1.48,
   "t": 0.8,
   "median": 2.0,
   "net": -3.55,
   "win": 0.518,
   "trim": 1.6,
   "top": 51.0,
   "top_share": 0.41
  },
  "2018": {
   "n": 71,
   "gross": -1.23,
   "t": -0.5,
   "median": 0.0,
   "net": -6.26,
   "win": 0.493,
   "trim": -1.3,
   "top": 53.0,
   "top_share": null
  },
  "2019": {
   "n": 28,
   "gross": 1.21,
   "t": 0.3,
   "median": 5.5,
   "net": -3.82,
   "win": 0.571,
   "trim": 0.81,
   "top": 54.0,
   "top_share": 1.59
  },
  "2020": {
   "n": 63,
   "gross": 3.86,
   "t": 0.4,
   "median": 2.0,
   "net": -1.17,
   "win": 0.54,
   "trim": 4.66,
   "top": 217.0,
   "top_share": 0.89
  },
  "2021": {
   "n": 102,
   "gross": -2.83,
   "t": -1.1,
   "median": 0.5,
   "net": -7.86,
   "win": 0.5,
   "trim": -1.88,
   "top": 62.0,
   "top_share": null
  },
  "2022": {
   "n": 113,
   "gross": 1.06,
   "t": 0.2,
   "median": 4.0,
   "net": -3.97,
   "win": 0.549,
   "trim": 1.12,
   "top": 166.0,
   "top_share": 1.38
  },
  "2023": {
   "n": 73,
   "gross": -5.1,
   "t": -1.4,
   "median": 0.0,
   "net": -10.13,
   "win": 0.466,
   "trim": -5.32,
   "top": 81.0,
   "top_share": null
  }
 },
 "book_a_allW_nonzero": {
  "n": 1599,
  "gross": 1.4,
  "t": 3.0,
  "median": 0.0,
  "net": -3.63,
  "win": 0.486,
  "trim": 1.25,
  "top": 150.0,
  "top_share": 0.07
 },
 "book_b_allW_nonzero": {
  "n": 1599,
  "gross": -0.22,
  "t": -0.2,
  "median": 1.0,
  "net": -5.25,
  "win": 0.502,
  "trim": -0.3,
  "top": 222.0,
  "top_share": null
 },
 "book_c_uncond_fade": {
  "n": 1672,
  "gross": 0.09,
  "t": 0.2,
  "median": 0.0,
  "net": -4.94,
  "win": 0.475,
  "trim": -0.05,
  "top": 150.0,
  "top_share": 0.95
 },
 "book_c_uncond_fade_topabsx": {
  "n": 570,
  "gross": -0.16,
  "t": -0.2,
  "median": 0.0,
  "net": -5.19,
  "win": 0.482,
  "trim": -0.4,
  "top": 150.0,
  "top_share": null
 },
 "book_d_confirmed_fade": {
  "n": 803,
  "gross": 1.36,
  "t": 2.0,
  "median": 1.0,
  "net": -3.67,
  "win": 0.502,
  "trim": 1.05,
  "top": 150.0,
  "top_share": 0.14
 },
 "book_d_unconfirmed_fade": {
  "n": 748,
  "gross": -1.34,
  "t": -2.0,
  "median": 0.0,
  "net": -6.37,
  "win": 0.476,
  "trim": -1.28,
  "top": 95.0,
  "top_share": null
 },
 "dose_fade_by_W_quintile": {
  "0": {
   "meanW": -0.036,
   "x_usd": -2.33,
   "y_usd": 2.9,
   "n": 335
  },
  "1": {
   "meanW": 0.001,
   "x_usd": -1.41,
   "y_usd": -1.04,
   "n": 334
  },
  "2": {
   "meanW": 0.005,
   "x_usd": -0.14,
   "y_usd": -0.31,
   "n": 334
  },
  "3": {
   "meanW": 0.015,
   "x_usd": -0.26,
   "y_usd": -1.13,
   "n": 334
  },
  "4": {
   "meanW": 0.068,
   "x_usd": -1.19,
   "y_usd": -0.66,
   "n": 335
  }
 },
 "absy_by_V_tercile": {
  "0": 12.53,
  "1": 12.15,
  "2": 11.2
 },
 "top_trade_book_a": {
  "day": "2022-03-14",
  "gross": 132.0,
  "W": 0.04,
  "V": 5123
 }
}
NG days 1677 with TAS on front 1663 median V 1659.0
{
 "root": "NG",
 "n": 1657,
 "W_nonzero": 792,
 "W_abs_median": 0.0,
 "I_abs_median": 0.0,
 "rho_W_x": 0.019,
 "rho_W_y": -0.077,
 "rho_W_y2": -0.067,
 "rho_I_x": 0.019,
 "rho_I_y": -0.077,
 "rho_x_y": 0.052,
 "rho_V_absx": -0.03,
 "rho_V_absy": -0.037,
 "sd_x_usd": 33.7,
 "sd_y_usd": 21.0,
 "book_a_tas_fade_topW": {
  "n": 264,
  "gross": 3.22,
  "t": 2.0,
  "median": 1.5,
  "net": -0.78,
  "win": 0.557,
  "trim": 2.52,
  "top": 151.0,
  "top_share": 0.18
 },
 "book_a_rot": {
  "p50": -0.36,
  "p95": 2.05
 },
 "book_a_years": {
  "2017": {
   "n": 19
  },
  "2018": {
   "n": 38,
   "gross": -0.32,
   "t": -0.2,
   "median": 1.0,
   "net": -4.32,
   "win": 0.579,
   "trim": -0.31,
   "top": 28.0,
   "top_share": null
  },
  "2019": {
   "n": 19
  },
  "2020": {
   "n": 31,
   "gross": 0.58,
   "t": 0.3,
   "median": 1.0,
   "net": -3.42,
   "win": 0.548,
   "trim": -0.17,
   "top": 40.0,
   "top_share": 2.22
  },
  "2021": {
   "n": 47,
   "gross": 3.74,
   "t": 1.5,
   "median": 2.0,
   "net": -0.26,
   "win": 0.532,
   "trim": 3.69,
   "top": 49.0,
   "top_share": 0.28
  },
  "2022": {
   "n": 62,
   "gross": 5.27,
   "t": 0.9,
   "median": 4.5,
   "net": 1.27,
   "win": 0.516,
   "trim": 4.32,
   "top": 151.0,
   "top_share": 0.46
  },
  "2023": {
   "n": 48,
   "gross": 6.23,
   "t": 2.5,
   "median": 2.5,
   "net": 2.23,
   "win": 0.604,
   "trim": 6.46,
   "top": 47.0,
   "top_share": 0.16
  }
 },
 "book_a_tas_fade_topW_y2": {
  "n": 264,
  "gross": 3.49,
  "t": 1.7,
  "median": 2.0,
  "net": -0.51,
  "win": 0.53,
  "trim": 2.77,
  "top": 217.0,
  "top_share": 0.24
 },
 "book_b_tas_follow_into_window_topW": {
  "n": 264,
  "gross": -2.75,
  "t": -1.1,
  "median": 0.5,
  "net": -6.75,
  "win": 0.5,
  "trim": -1.72,
  "top": 138.0,
  "top_share": null
 },
 "book_b_follow_14_1428": {
  "n": 264,
  "gross": -1.53,
  "t": -0.6,
  "median": 0.0,
  "net": -5.53,
  "win": 0.492,
  "trim": -0.67,
  "top": 172.0,
  "top_share": null
 },
 "book_b_rot": {
  "p50": 0.26,
  "p95": 4.54
 },
 "book_b_years": {
  "2017": {
   "n": 19
  },
  "2018": {
   "n": 38,
   "gross": 1.5,
   "t": 0.5,
   "median": 4.0,
   "net": -2.5,
   "win": 0.605,
   "trim": 2.36,
   "top": 50.0,
   "top_share": 0.88
  },
  "2019": {
   "n": 19
  },
  "2020": {
   "n": 31,
   "gross": 2.65,
   "t": 0.5,
   "median": 0.0,
   "net": -1.35,
   "win": 0.452,
   "trim": 3.1,
   "top": 80.0,
   "top_share": 0.98
  },
  "2021": {
   "n": 47,
   "gross": 3.66,
   "t": 0.9,
   "median": 7.0,
   "net": -0.34,
   "win": 0.574,
   "trim": 3.64,
   "top": 80.0,
   "top_share": 0.47
  },
  "2022": {
   "n": 62,
   "gross": -17.69,
   "t": -2.0,
   "median": -15.5,
   "net": -21.69,
   "win": 0.403,
   "trim": -14.88,
   "top": 138.0,
   "top_share": null
  },
  "2023": {
   "n": 48,
   "gross": 2.58,
   "t": 0.6,
   "median": 3.5,
   "net": -1.42,
   "win": 0.542,
   "trim": 2.28,
   "top": 97.0,
   "top_share": 0.78
  }
 },
 "book_a_allW_nonzero": {
  "n": 792,
  "gross": 1.16,
  "t": 1.3,
  "median": 1.0,
  "net": -2.84,
  "win": 0.524,
  "trim": 0.94,
  "top": 195.0,
  "top_share": 0.21
 },
 "book_b_allW_nonzero": {
  "n": 792,
  "gross": -1.37,
  "t": -1.0,
  "median": 0.0,
  "net": -5.37,
  "win": 0.47,
  "trim": -0.7,
  "top": 208.0,
  "top_share": null
 },
 "book_c_uncond_fade": {
  "n": 1657,
  "gross": -1.01,
  "t": -2.0,
  "median": 0.0,
  "net": -5.01,
  "win": 0.458,
  "trim": -0.76,
  "top": 135.0,
  "top_share": null
 },
 "book_c_uncond_fade_topabsx": {
  "n": 560,
  "gross": -2.31,
  "t": -1.7,
  "median": -1.0,
  "net": -6.31,
  "win": 0.477,
  "trim": -1.98,
  "top": 135.0,
  "top_share": null
 },
 "book_d_confirmed_fade": {
  "n": 372,
  "gross": -1.15,
  "t": -1.0,
  "median": 1.0,
  "net": -5.15,
  "win": 0.535,
  "trim": -0.93,
  "top": 75.0,
  "top_share": null
 },
 "book_d_unconfirmed_fade": {
  "n": 383,
  "gross": -3.54,
  "t": -2.5,
  "median": -1.0,
  "net": -7.54,
  "win": 0.431,
  "trim": -2.97,
  "top": 135.0,
  "top_share": null
 },
 "dose_fade_by_W_quintile": {
  "0": {
   "meanW": -0.058,
   "x_usd": -0.35,
   "y_usd": 4.12,
   "n": 332
  },
  "1": {
   "meanW": -0.0,
   "x_usd": -1.32,
   "y_usd": -0.87,
   "n": 331
  },
  "2": {
   "meanW": 0.0,
   "x_usd": -1.17,
   "y_usd": 0.57,
   "n": 331
  },
  "3": {
   "meanW": 0.0,
   "x_usd": -4.78,
   "y_usd": 2.0,
   "n": 331
  },
  "4": {
   "meanW": 0.082,
   "x_usd": -3.63,
   "y_usd": 0.74,
   "n": 332
  }
 },
 "absy_by_V_tercile": {
  "0": 12.56,
  "1": 12.51,
  "2": 11.22
 },
 "top_trade_book_a": {
  "day": "2022-04-25",
  "gross": 151.0,
  "W": -0.04,
  "V": 604
 }
}
