glbx-mdp3-20160101-20161231.status.dbn.zst 30156400 1.5
glbx-mdp3-20170101-20171231.status.dbn.zst 30791426 1.8
glbx-mdp3-20180101-20181231.status.dbn.zst 33457442 2.2
glbx-mdp3-20190101-20191231.status.dbn.zst 34891698 2.5
glbx-mdp3-20200101-20201231.status.dbn.zst 37224140 2.7
glbx-mdp3-20210101-20211231.status.dbn.zst 35791947 2.8
glbx-mdp3-20220101-20221231.status.dbn.zst 39000907 2.8
glbx-mdp3-20230101-20231231.status.dbn.zst 36419332 2.6
raw rows 85925
action  reason
1       2           149
        3         28995
        6           645
6       3         26366
7       2           217
        3         28467
8       2            23
        6          1063
events 27179
year  2016  2017  2018  2019  2020  2021  2022  2023
root                                                
6E      40     0     0     0     0     0     0     0
6J      30     0     3     3     0     0    15    20
BTC      0     4   181   149   338  1502   749   599
CL       0     0     7   571  6322     0  4432   526
ES      10     0    77    26   290    46   623    99
GC       0    22     0    21    43    43   150     0
HG       0     0     0    36     4    41    81    81
MES      0     0     0     4    80     0    99    22
MNQ      0     0     0   107   610   139   294    61
NG       0     1   150     0   163   155  4817   308
NQ      26    25   297   123   507   129   401    87
RTY      0     1    17    26   146    21   125    92
SI      60    19     0    16   298   195   133    21
YM       4     5    61    16    55     0    37    34
ZB       0     0     1     0     0     0     0     4
ZN       1     0     1     0     0     0     1     0
count    2.717900e+04
mean     6.607274e+05
std      6.716721e+06
min      0.000000e+00
25%      4.999935e+00
50%      9.999535e+00
75%      1.199991e+02
max      2.334726e+08
start_reason
2       36
3    26734
6      409
hh
0      518
1      144
2      151
3      619
4      487
5     1016
6      119
7      287
8     3230
9     1996
10    2935
11     728
12    1435
13    1312
14    1166
15     621
16     374
17      21
18    7551
19     791
20     429
21     644
22     185
23     420
