{
 "root": "ES",
 "n5": 313844,
 "n_big": 62771,
 "rho_z_g15_big": -0.0022,
 "RTH_H15": {
  "all_big": {
   "n": 16664,
   "gross": 0.69,
   "t": 2.0,
   "median": 0.0,
   "net": -3.73,
   "win": 0.492
  },
  "z_top": {
   "n": 4617,
   "gross": 0.74,
   "t": 1.0,
   "median": -1.25,
   "net": -3.68,
   "win": 0.487
  },
  "z_bottom": {
   "n": 2018,
   "gross": 0.02,
   "t": 0.0,
   "median": 0.0,
   "net": -4.4,
   "win": 0.489
  },
  "z_top_by_year": {
   "2019": {
    "n": 713,
    "gross": -0.56,
    "t": -0.7,
    "median": -1.25,
    "net": -4.98,
    "win": 0.461
   },
   "2020": {
    "n": 1159,
    "gross": 1.61,
    "t": 0.8,
    "median": 1.25,
    "net": -2.81,
    "win": 0.502
   },
   "2021": {
    "n": 905,
    "gross": 2.16,
    "t": 1.7,
    "median": 1.25,
    "net": -2.26,
    "win": 0.512
   },
   "2022": {
    "n": 845,
    "gross": 1.04,
    "t": 0.5,
    "median": -1.25,
    "net": -3.38,
    "win": 0.491
   },
   "2023": {
    "n": 995,
    "gross": -0.89,
    "t": -0.8,
    "median": -2.5,
    "net": -5.31,
    "win": 0.462
   }
  }
 },
 "OFF_H15": {
  "all_big": {
   "n": 46107,
   "gross": 0.38,
   "t": 2.7,
   "median": 1.25,
   "net": -4.04,
   "win": 0.502
  },
  "z_top": {
   "n": 12483,
   "gross": -0.32,
   "t": -1.1,
   "median": 0.0,
   "net": -4.74,
   "win": 0.491
  },
  "z_bottom": {
   "n": 5220,
   "gross": 0.14,
   "t": 0.3,
   "median": 0.0,
   "net": -4.28,
   "win": 0.49
  },
  "z_top_by_year": {
   "2019": {
    "n": 1686,
    "gross": -0.16,
    "t": -0.4,
    "median": 0.0,
    "net": -4.58,
    "win": 0.483
   },
   "2020": {
    "n": 2933,
    "gross": -0.21,
    "t": -0.2,
    "median": 1.25,
    "net": -4.63,
    "win": 0.503
   },
   "2021": {
    "n": 2670,
    "gross": -0.07,
    "t": -0.2,
    "median": 0.0,
    "net": -4.49,
    "win": 0.488
   },
   "2022": {
    "n": 2515,
    "gross": -0.72,
    "t": -1.0,
    "median": 0.0,
    "net": -5.14,
    "win": 0.496
   },
   "2023": {
    "n": 2679,
    "gross": -0.4,
    "t": -1.0,
    "median": 0.0,
    "net": -4.82,
    "win": 0.482
   }
  }
 },
 "dose_H15": {
  "0": {
   "n": 7238,
   "gross": 0.11,
   "t": 0.3,
   "median": 0.0,
   "net": -4.31,
   "win": 0.489
  },
  "1": {
   "n": 10547,
   "gross": 0.88,
   "t": 2.9,
   "median": 1.25,
   "net": -3.54,
   "win": 0.505
  },
  "2": {
   "n": 12833,
   "gross": 0.64,
   "t": 2.3,
   "median": 1.25,
   "net": -3.78,
   "win": 0.504
  },
  "3": {
   "n": 15053,
   "gross": 0.74,
   "t": 2.6,
   "median": 1.25,
   "net": -3.68,
   "win": 0.507
  },
  "4": {
   "n": 17100,
   "gross": -0.03,
   "t": -0.1,
   "median": 0.0,
   "net": -4.45,
   "win": 0.49
  }
 },
 "rho_z_g30_big": 0.0024,
 "RTH_H30": {
  "all_big": {
   "n": 16664,
   "gross": 0.18,
   "t": 0.4,
   "median": 0.0,
   "net": -4.24,
   "win": 0.49
  },
  "z_top": {
   "n": 4617,
   "gross": 1.03,
   "t": 1.0,
   "median": 0.0,
   "net": -3.39,
   "win": 0.493
  },
  "z_bottom": {
   "n": 2018,
   "gross": -2.73,
   "t": -1.8,
   "median": -2.5,
   "net": -7.15,
   "win": 0.472
  },
  "z_top_by_year": {
   "2019": {
    "n": 713,
    "gross": -0.23,
    "t": -0.2,
    "median": 0.0,
    "net": -4.65,
    "win": 0.487
   },
   "2020": {
    "n": 1159,
    "gross": 2.15,
    "t": 0.7,
    "median": -1.25,
    "net": -2.27,
    "win": 0.487
   },
   "2021": {
    "n": 905,
    "gross": 2.5,
    "t": 1.5,
    "median": 2.5,
    "net": -1.92,
    "win": 0.517
   },
   "2022": {
    "n": 845,
    "gross": 0.7,
    "t": 0.3,
    "median": 0.0,
    "net": -3.72,
    "win": 0.495
   },
   "2023": {
    "n": 995,
    "gross": -0.42,
    "t": -0.3,
    "median": -1.25,
    "net": -4.84,
    "win": 0.48
   }
  }
 },
 "OFF_H30": {
  "all_big": {
   "n": 46107,
   "gross": 0.4,
   "t": 2.1,
   "median": 1.25,
   "net": -4.02,
   "win": 0.501
  },
  "z_top": {
   "n": 12483,
   "gross": -0.33,
   "t": -0.8,
   "median": 0.0,
   "net": -4.75,
   "win": 0.491
  },
  "z_bottom": {
   "n": 5220,
   "gross": 0.03,
   "t": 0.1,
   "median": 0.0,
   "net": -4.39,
   "win": 0.493
  },
  "z_top_by_year": {
   "2019": {
    "n": 1686,
    "gross": -0.04,
    "t": -0.1,
    "median": 1.25,
    "net": -4.46,
    "win": 0.509
   },
   "2020": {
    "n": 2933,
    "gross": -0.43,
    "t": -0.3,
    "median": 0.0,
    "net": -4.85,
    "win": 0.492
   },
   "2021": {
    "n": 2670,
    "gross": -0.07,
    "t": -0.1,
    "median": 0.0,
    "net": -4.49,
    "win": 0.482
   },
   "2022": {
    "n": 2515,
    "gross": -1.04,
    "t": -1.0,
    "median": 0.0,
    "net": -5.46,
    "win": 0.49
   },
   "2023": {
    "n": 2679,
    "gross": -0.02,
    "t": -0.0,
    "median": 0.0,
    "net": -4.44,
    "win": 0.489
   }
  }
 },
 "dose_H30": {
  "0": {
   "n": 7238,
   "gross": -0.74,
   "t": -1.3,
   "median": 0.0,
   "net": -5.16,
   "win": 0.487
  },
  "1": {
   "n": 10547,
   "gross": 0.9,
   "t": 2.1,
   "median": 1.25,
   "net": -3.52,
   "win": 0.506
  },
  "2": {
   "n": 12833,
   "gross": 0.38,
   "t": 1.0,
   "median": 0.0,
   "net": -4.04,
   "win": 0.5
  },
  "3": {
   "n": 15053,
   "gross": 0.79,
   "t": 2.1,
   "median": 1.25,
   "net": -3.63,
   "win": 0.504
  },
  "4": {
   "n": 17100,
   "gross": 0.03,
   "t": 0.1,
   "median": 0.0,
   "net": -4.39,
   "win": 0.492
  }
 },
 "lr_by_year": {
  "2019": -1.644,
  "2020": -0.489,
  "2021": -0.389,
  "2022": -0.174,
  "2023": -0.408
 }
}
{
 "root": "NQ",
 "n5": 313730,
 "n_big": 62748,
 "rho_z_g15_big": 0.0026,
 "RTH_H15": {
  "all_big": {
   "n": 16664,
   "gross": 0.87,
   "t": 1.5,
   "median": 0.0,
   "net": -3.2,
   "win": 0.497
  },
  "z_top": {
   "n": 4117,
   "gross": 2.19,
   "t": 1.7,
   "median": -0.5,
   "net": -1.88,
   "win": 0.494
  },
  "z_bottom": {
   "n": 2337,
   "gross": 0.15,
   "t": 0.1,
   "median": -0.5,
   "net": -3.92,
   "win": 0.492
  },
  "z_top_by_year": {
   "2019": {
    "n": 434,
    "gross": -0.08,
    "t": -0.1,
    "median": 1.5,
    "net": -4.15,
    "win": 0.518
   },
   "2020": {
    "n": 1036,
    "gross": 4.77,
    "t": 1.6,
    "median": -0.75,
    "net": 0.7,
    "win": 0.495
   },
   "2021": {
    "n": 977,
    "gross": 1.46,
    "t": 0.6,
    "median": -2.5,
    "net": -2.61,
    "win": 0.481
   },
   "2022": {
    "n": 821,
    "gross": 4.25,
    "t": 1.1,
    "median": 0.5,
    "net": 0.18,
    "win": 0.503
   },
   "2023": {
    "n": 849,
    "gross": -0.94,
    "t": -0.4,
    "median": -2.5,
    "net": -5.01,
    "win": 0.488
   }
  }
 },
 "OFF_H15": {
  "all_big": {
   "n": 46084,
   "gross": 0.27,
   "t": 1.3,
   "median": 1.0,
   "net": -3.8,
   "win": 0.512
  },
  "z_top": {
   "n": 10972,
   "gross": 0.35,
   "t": 0.8,
   "median": 1.0,
   "net": -3.72,
   "win": 0.511
  },
  "z_bottom": {
   "n": 6634,
   "gross": 0.22,
   "t": 0.4,
   "median": 0.5,
   "net": -3.85,
   "win": 0.509
  },
  "z_top_by_year": {
   "2019": {
    "n": 1358,
    "gross": -0.0,
    "t": -0.0,
    "median": 1.0,
    "net": -4.07,
    "win": 0.529
   },
   "2020": {
    "n": 2985,
    "gross": 0.11,
    "t": 0.1,
    "median": 2.0,
    "net": -3.96,
    "win": 0.515
   },
   "2021": {
    "n": 2321,
    "gross": -0.04,
    "t": -0.0,
    "median": 0.0,
    "net": -4.11,
    "win": 0.499
   },
   "2022": {
    "n": 2024,
    "gross": -0.22,
    "t": -0.2,
    "median": 0.0,
    "net": -4.29,
    "win": 0.499
   },
   "2023": {
    "n": 2284,
    "gross": 1.77,
    "t": 2.4,
    "median": 1.5,
    "net": -2.3,
    "win": 0.52
   }
  }
 },
 "dose_H15": {
  "0": {
   "n": 8971,
   "gross": 0.2,
   "t": 0.4,
   "median": 0.5,
   "net": -3.87,
   "win": 0.504
  },
  "1": {
   "n": 11578,
   "gross": 0.12,
   "t": 0.3,
   "median": 1.0,
   "net": -3.95,
   "win": 0.513
  },
  "2": {
   "n": 12877,
   "gross": 0.47,
   "t": 1.1,
   "median": 1.0,
   "net": -3.6,
   "win": 0.509
  },
  "3": {
   "n": 14233,
   "gross": 0.33,
   "t": 0.8,
   "median": 0.5,
   "net": -3.74,
   "win": 0.508
  },
  "4": {
   "n": 15089,
   "gross": 0.85,
   "t": 1.7,
   "median": 0.5,
   "net": -3.22,
   "win": 0.507
  }
 },
 "rho_z_g30_big": 0.0047,
 "RTH_H30": {
  "all_big": {
   "n": 16664,
   "gross": 0.59,
   "t": 0.7,
   "median": -0.5,
   "net": -3.48,
   "win": 0.497
  },
  "z_top": {
   "n": 4117,
   "gross": 3.48,
   "t": 1.9,
   "median": 1.5,
   "net": -0.59,
   "win": 0.507
  },
  "z_bottom": {
   "n": 2337,
   "gross": -2.51,
   "t": -1.3,
   "median": -1.0,
   "net": -6.58,
   "win": 0.49
  },
  "z_top_by_year": {
   "2019": {
    "n": 434,
    "gross": -1.79,
    "t": -1.0,
    "median": -1.0,
    "net": -5.86,
    "win": 0.482
   },
   "2020": {
    "n": 1036,
    "gross": 9.72,
    "t": 2.4,
    "median": 8.25,
    "net": 5.65,
    "win": 0.536
   },
   "2021": {
    "n": 977,
    "gross": 3.21,
    "t": 0.9,
    "median": 1.0,
    "net": -0.86,
    "win": 0.507
   },
   "2022": {
    "n": 821,
    "gross": 1.34,
    "t": 0.3,
    "median": -1.5,
    "net": -2.73,
    "win": 0.496
   },
   "2023": {
    "n": 849,
    "gross": 0.96,
    "t": 0.3,
    "median": -1.0,
    "net": -3.11,
    "win": 0.495
   }
  }
 },
 "OFF_H30": {
  "all_big": {
   "n": 46084,
   "gross": 0.14,
   "t": 0.5,
   "median": 1.0,
   "net": -3.93,
   "win": 0.507
  },
  "z_top": {
   "n": 10972,
   "gross": 0.13,
   "t": 0.2,
   "median": 0.5,
   "net": -3.94,
   "win": 0.505
  },
  "z_bottom": {
   "n": 6634,
   "gross": 0.12,
   "t": 0.1,
   "median": 1.0,
   "net": -3.95,
   "win": 0.508
  },
  "z_top_by_year": {
   "2019": {
    "n": 1358,
    "gross": 1.22,
    "t": 1.8,
    "median": 1.5,
    "net": -2.85,
    "win": 0.535
   },
   "2020": {
    "n": 2985,
    "gross": -0.81,
    "t": -0.5,
    "median": 0.0,
    "net": -4.88,
    "win": 0.497
   },
   "2021": {
    "n": 2321,
    "gross": -0.39,
    "t": -0.3,
    "median": 0.0,
    "net": -4.46,
    "win": 0.495
   },
   "2022": {
    "n": 2024,
    "gross": -0.78,
    "t": -0.4,
    "median": -1.25,
    "net": -4.85,
    "win": 0.491
   },
   "2023": {
    "n": 2284,
    "gross": 2.03,
    "t": 1.9,
    "median": 2.5,
    "net": -2.04,
    "win": 0.522
   }
  }
 },
 "dose_H30": {
  "0": {
   "n": 8971,
   "gross": -0.57,
   "t": -0.7,
   "median": 0.5,
   "net": -4.64,
   "win": 0.503
  },
  "1": {
   "n": 11578,
   "gross": 0.3,
   "t": 0.5,
   "median": 0.5,
   "net": -3.77,
   "win": 0.503
  },
  "2": {
   "n": 12877,
   "gross": 0.25,
   "t": 0.4,
   "median": 0.5,
   "net": -3.82,
   "win": 0.505
  },
  "3": {
   "n": 14233,
   "gross": -0.07,
   "t": -0.1,
   "median": 0.5,
   "net": -4.14,
   "win": 0.505
  },
  "4": {
   "n": 15089,
   "gross": 1.04,
   "t": 1.5,
   "median": 1.0,
   "net": -3.03,
   "win": 0.506
  }
 },
 "lr_by_year": {
  "2019": -0.853,
  "2020": 0.385,
  "2021": 0.645,
  "2022": 0.906,
  "2023": 0.624
 }
}
