events 396 windows 396
files 53
glbx-mdp3-20190501-20190531.ohlcv-1s.dbn.zst 4486516 7752 0.5
glbx-mdp3-20190601-20190630.ohlcv-1s.dbn.zst 4362466 13411 0.5
glbx-mdp3-20190701-20190731.ohlcv-1s.dbn.zst 3840686 20522 0.4
glbx-mdp3-20190801-20190831.ohlcv-1s.dbn.zst 5685099 31647 0.6
glbx-mdp3-20190901-20190930.ohlcv-1s.dbn.zst 4705044 39897 0.5
glbx-mdp3-20191001-20191031.ohlcv-1s.dbn.zst 4656423 68662 0.5
glbx-mdp3-20191101-20191130.ohlcv-1s.dbn.zst 3475036 11804 0.4
glbx-mdp3-20191201-20191231.ohlcv-1s.dbn.zst 4026691 11698 0.4
glbx-mdp3-20200101-20200131.ohlcv-1s.dbn.zst 5067397 41388 0.8
glbx-mdp3-20200201-20200229.ohlcv-1s.dbn.zst 5822398 58888 1.0
glbx-mdp3-20200301-20200331.ohlcv-1s.dbn.zst 9981677 555413 2.2
glbx-mdp3-20200401-20200430.ohlcv-1s.dbn.zst 7697440 196105 1.5
glbx-mdp3-20200501-20200531.ohlcv-1s.dbn.zst 7205229 33108 1.2
glbx-mdp3-20200601-20200630.ohlcv-1s.dbn.zst 9269053 102959 1.5
glbx-mdp3-20200701-20200731.ohlcv-1s.dbn.zst 7212150 18466 1.0
glbx-mdp3-20200801-20200831.ohlcv-1s.dbn.zst 5636389 30708 0.9
glbx-mdp3-20200901-20200930.ohlcv-1s.dbn.zst 8270817 106808 1.3
glbx-mdp3-20201001-20201031.ohlcv-1s.dbn.zst 6888630 60670 1.2
glbx-mdp3-20201101-20201130.ohlcv-1s.dbn.zst 6857886 108387 1.2
glbx-mdp3-20201201-20201231.ohlcv-1s.dbn.zst 6804083 35063 1.1
glbx-mdp3-20210101-20210131.ohlcv-1s.dbn.zst 6322775 40243 1.0
glbx-mdp3-20210201-20210228.ohlcv-1s.dbn.zst 6136024 42723 1.0
glbx-mdp3-20210301-20210331.ohlcv-1s.dbn.zst 9175989 66676 1.4
glbx-mdp3-20210401-20210430.ohlcv-1s.dbn.zst 5683791 12506 0.9
glbx-mdp3-20210501-20210531.ohlcv-1s.dbn.zst 6162620 85709 1.0
glbx-mdp3-20210601-20210630.ohlcv-1s.dbn.zst 6450795 24161 0.9
glbx-mdp3-20210701-20210731.ohlcv-1s.dbn.zst 6151494 19307 1.0
glbx-mdp3-20210801-20210831.ohlcv-1s.dbn.zst 5660295 8832 0.9
glbx-mdp3-20210901-20210930.ohlcv-1s.dbn.zst 7445807 56257 1.2
glbx-mdp3-20211001-20211031.ohlcv-1s.dbn.zst 6553617 28021 1.1
glbx-mdp3-20211201-20211231.ohlcv-1s.dbn.zst 8221768 18394 1.3
glbx-mdp3-20220101-20220131.ohlcv-1s.dbn.zst 7844449 34269 1.3
glbx-mdp3-20220201-20220228.ohlcv-1s.dbn.zst 7633582 32158 1.2
glbx-mdp3-20220301-20220331.ohlcv-1s.dbn.zst 9772338 55006 1.6
glbx-mdp3-20220401-20220430.ohlcv-1s.dbn.zst 6578514 17937 0.9
glbx-mdp3-20220501-20220531.ohlcv-1s.dbn.zst 7974240 70975 1.3
glbx-mdp3-20220601-20220630.ohlcv-1s.dbn.zst 9206955 110624 1.5
glbx-mdp3-20220701-20220731.ohlcv-1s.dbn.zst 6768757 83505 1.1
glbx-mdp3-20220801-20220831.ohlcv-1s.dbn.zst 7058227 51808 1.1
glbx-mdp3-20220901-20220930.ohlcv-1s.dbn.zst 9000648 118646 1.5
glbx-mdp3-20221001-20221031.ohlcv-1s.dbn.zst 7969432 142937 1.3
glbx-mdp3-20221101-20221130.ohlcv-1s.dbn.zst 7163985 139799 1.2
glbx-mdp3-20221201-20221231.ohlcv-1s.dbn.zst 7845686 189781 1.4
glbx-mdp3-20230101-20230131.ohlcv-1s.dbn.zst 6418914 96207 1.2
glbx-mdp3-20230201-20230228.ohlcv-1s.dbn.zst 6077173 37496 1.0
glbx-mdp3-20230301-20230331.ohlcv-1s.dbn.zst 9310257 88954 1.5
glbx-mdp3-20230401-20230430.ohlcv-1s.dbn.zst 5397782 8960 0.8
glbx-mdp3-20230501-20230531.ohlcv-1s.dbn.zst 6316144 18836 0.9
glbx-mdp3-20230701-20230731.ohlcv-1s.dbn.zst 5253090 2675 0.8
glbx-mdp3-20230801-20230831.ohlcv-1s.dbn.zst 6764728 9466 0.9
glbx-mdp3-20231001-20231031.ohlcv-1s.dbn.zst 6907362 25648 1.0
glbx-mdp3-20231101-20231130.ohlcv-1s.dbn.zst 5700909 45247 0.9
glbx-mdp3-20231201-20231231.ohlcv-1s.dbn.zst 6155998 30051 0.9
rows 3367170 {'ES': 542487, 'M2K': 264885, 'MES': 506809, 'MNQ': 521695, 'MYM': 331047, 'NQ': 494944, 'RTY': 320661, 'YM': 384642}
