secs 12.5 [('glbx-mdp3-20160101-20161231.status.dbn.zst', 1.8), ('glbx-mdp3-20170101-20171231.status.dbn.zst', 1.8), ('glbx-mdp3-20180101-20181231.status.dbn.zst', 2.2), ('glbx-mdp3-20190101-20191231.status.dbn.zst', 2.5), ('glbx-mdp3-20200101-20201231.status.dbn.zst', 2.9), ('glbx-mdp3-20210101-20211231.status.dbn.zst', 2.7), ('glbx-mdp3-20220101-20221231.status.dbn.zst', 2.9), ('glbx-mdp3-20230101-20231231.status.dbn.zst', 2.7)]
root  action  reason
6A    8       6           108
      15      2          9933
6E    1       3            40
      6       3            40
      7       3            40
      8       2            23
              6            89
      15      2         10023
CL    1       3         12060
      6       3         11819
      7       2           134
              3         11942
      8       6           234
      15      2         51678
ES    1       2            30
              3          1237
      6       3          1131
      7       2             1
              3          1270
      8       6             5
      15      2          3398
GC    1       3           279
      6       3           279
      7       2            22
              3           279
      8       6            44
      15      2          8835
HG    1       3           243
      6       3           242
      7       2            40
              3           243
      8       6            80
      15      2         16147
MES   1       2            30
              3           417
      7       3           231
      15      2          1368
MNQ   1       2            24
              3          1510
      6       3           964
      7       3          1394
      15      2          1293
NG    1       3          6086
      6       3          5549
      7       3          5597
      8       6           311
      15      2         62324
NQ    1       2            24
              3          1678
      6       3          1543
      7       3          1850
      8       6             5
      15      2          2590
RTY   1       2            18
              3           501
      6       3           411
      7       3           511
      8       6             5
      15      2          2009
SI    1       3           743
      6       3           741
      7       2            20
              3           742
      8       6            40
      15      2          7878
YM    1       2            20
              3           256
      6       3           201
      7       3           264
      8       6             4
      15      2          1797
ZB    1       2             3
              3            27
      2       3             1
      4       3             1
      6       3             3
      7       3             5
      8       6            13
      15      2          1339
ZN    1       3             5
      2       3             5
      4       3             5
      7       3             6
      8       6            13
      15      2          1333
