  symbols with internal gaps: 134 of 1573
loaded + signals 35s   1573 names x 4,187 bars
effective independent instruments over the panel: 5.44

built 14 books 101s

  cell                     expo     CAGR      SR    maxDD  trades min/sym  be borrow  top name
  S1_short|all           16.52%  -2.45%  -0.757 -35.00%  45,405       1    -11.4%    -2.4%
  S1_short|top10         0.75%  -0.18%  -0.662  -3.09%   5,341       1    -18.9%    27.1%
  S1_short|rnd10         0.75%  -0.31%  -1.792  -5.10%  29,746       1    -32.1%    -7.0%
  S1_short|top25         1.86%  -0.32%  -0.638  -5.65%  11,246       1    -13.4%    13.1%
  S1_short|rnd25         1.86%  -0.58%  -1.528  -9.22%  67,031       1    -24.7%  -136.9%
  S1_short|top50         3.66%  -0.56%  -0.659  -9.30%  19,180       1    -11.6%    15.9%
  S1_short|rnd50         3.66%  -1.16%  -1.623 -17.79% 112,520       1    -25.1%    -5.5%
  S2_short|all           7.72%  -1.13%  -0.519 -17.92%   5,909       1    -11.2%   -56.1%
  S2_short|top10         0.75%  -0.10%  -0.337  -2.37%   1,805       1     -9.5%    15.8%
  S2_short|rnd10         0.75%  -0.23%  -1.198  -3.78%  27,399       1    -24.4%    28.4%
  S2_short|top25         1.85%  -0.21%  -0.414  -4.21%   3,719       1     -8.1%    11.7%
  S2_short|rnd25         1.85%  -0.49%  -1.097  -7.80%  53,855       1    -20.9%    26.1%
  S2_short|top50         3.53%  -0.39%  -0.449  -7.00%   5,645       1     -7.7%    11.5%
  S2_short|rnd50         3.53%  -0.72%  -0.895 -11.25%  69,021       1    -16.0%    25.8%

rotation nulls, 300 draws ...
  S1_short|all           100.0th / 100.0th   207s
  S1_short|top10          63.7th /  42.3th   308s
  S1_short|rnd10          22.0th /  45.7th   412s
  S1_short|top25          99.3th /  91.7th   516s
  S1_short|rnd25          98.0th / 100.0th   615s
  S1_short|top50         100.0th / 100.0th   715s
  S1_short|rnd50          96.7th /  99.0th   819s
  S2_short|all           100.0th /  78.0th   920s
  S2_short|top10          72.7th /  53.7th   1019s
  S2_short|rnd10          94.0th /  92.3th   1119s
  S2_short|top25          97.3th /  84.7th   1219s
  S2_short|rnd25          99.3th /  98.7th   1329s
  S2_short|top50         100.0th /  97.0th   1444s
  S2_short|rnd50         100.0th / 100.0th   1549s

best-of-14 floor: -0.178

  cell                       CAGR      SR  vs random   H   V   C   F  E-prime  ALL
  S1_short|all            -2.45%  -0.757          — YES  no  no  no      YES  no
  S1_short|top10          -0.18%  -0.662     +1.129  no  no YES  no      YES  no
  S1_short|rnd10          -0.31%  -1.792          —  no  no  no  no      YES  no
  S1_short|top25          -0.32%  -0.638     +0.890  no  no YES  no      YES  no
  S1_short|rnd25          -0.58%  -1.528          — YES  no  no  no      YES  no
  S1_short|top50          -0.56%  -0.659     +0.964 YES  no YES  no      YES  no
  S1_short|rnd50          -1.16%  -1.623          — YES  no  no  no      YES  no
  S2_short|all            -1.13%  -0.519          —  no  no  no  no      YES  no
  S2_short|top10          -0.10%  -0.337     +0.861  no  no YES  no      YES  no
  S2_short|rnd10          -0.23%  -1.198          —  no  no  no  no      YES  no
  S2_short|top25          -0.21%  -0.414     +0.683  no  no YES  no      YES  no
  S2_short|rnd25          -0.49%  -1.097          — YES  no  no  no      YES  no
  S2_short|top50          -0.39%  -0.449     +0.446 YES  no YES  no      YES  no
  S2_short|rnd50          -0.72%  -0.895          — YES  no  no  no      YES  no

  SURVIVORS: NONE

wrote data\d279_concentrated_summary.json
