====================================================================================================
1  KNOWN-ANSWER CASES against each case's OWN sign shuffle
====================================================================================================

   case                          cross  shuf  DEV    traverse  shuf   DEV    w/sig  gated
   pure chop, 3 sine cycles         5   3.3  +1.7   1.000   0.753 +0.247  1.13   no
   pure chop, 1 sine cycle          3   3.6  -0.6   1.000   0.653 +0.347  1.94   no
   pure drift, straight line       18   3.5 +14.5   0.947   0.771 +0.176  0.21   YES
   random walk (gaussian)           2   3.0  -1.0   0.400   0.742 -0.342  0.55   no
   random walk (fat tails, t3)      1   2.5  -1.5   0.333   0.698 -0.365  0.67   no
   chop + minor drift               5   3.4  +1.6   1.000   0.744 +0.256  1.13   no
   chop + major drift               5   3.4  +1.6   1.000   0.645 +0.355  1.12   no

   THE FAT-TAIL PROBLEM IS GONE: a gaussian and a t(3) random walk both sit near DEV 0,
   where v1's fixed gaussian benchmark would have scored the t(3) as strongly trending.
   AND THE GATE FIRES ON THE STRAIGHT LINE, which v1 mislabelled as choppy.

====================================================================================================
2  ON REAL DATA -- the label, and does it VARY AND PERSIST?
====================================================================================================

   root   sess   cross_dev   SE     t      traverse_dev   SE     t     gated%
     ES   2573   -0.1995  0.0230  -8.66    -0.0106   0.0042  -2.51   7.8%
     NQ   2560   -0.2476  0.0232 -10.66    -0.0167   0.0044  -3.77   8.2%
     YM   2567   -0.1761  0.0233  -7.54    -0.0075   0.0044  -1.72   8.0%
    RTY   1458   -0.2102  0.0312  -6.73    -0.0159   0.0060  -2.64   8.1%
     GC   2878   -0.2813  0.0212 -13.27    -0.0147   0.0042  -3.47   12.9%
     ZN   2868   -0.2667  0.0218 -12.23    -0.0160   0.0040  -3.95   13.9%
     ZB   2927   -0.2948  0.0216 -13.64    -0.0177   0.0040  -4.45   12.1%
     6E   2796   -0.2073  0.0229  -9.07    -0.0041   0.0042  -0.97   15.7%
     CL   1877   -0.2061  0.0264  -7.81    -0.0081   0.0053  -1.53   8.4%
     HO   1856   -0.2138  0.0271  -7.90    -0.0075   0.0052  -1.43   9.2%

   RELIABILITY of the traverse-deviation label: corr(window W, next window W), within root,
   NON-OVERLAPPING. The scaling exponent scored all-noise here (D526 s8).

   root    W=1     W=5     W=10    W=20    W=60     (pairs)
     ES    -0.028  +0.092  +0.022  -0.201  +0.307   1286 257 128 64 21
     NQ    +0.045  +0.163  +0.075  +0.118  +0.088   1280 256 128 64 21
     YM    -0.049  +0.016  -0.166  +0.016  +0.621   1283 256 128 64 21
    RTY    -0.006  +0.069  +0.290  +0.171  -0.142   729 145 72 36 12
     GC    -0.005  +0.044  -0.030  +0.001  -0.428   1439 287 143 71 23
     ZN    -0.010  +0.033  -0.036  -0.013  -0.034   1434 286 143 71 23
     ZB    +0.013  +0.011  +0.056  -0.107  +0.153   1463 292 146 73 24
     6E    -0.001  +0.033  -0.013  -0.050  +0.311   1397 279 139 69 23
     CL    -0.024  +0.029  +0.032  -0.009  -0.377   938 187 93 46 15
     HO    -0.023  -0.020  +0.107  +0.157  +0.099   927 185 92 46 15

   window   cells  positive   mean     SE at that n   mean/SE
   W=1         10  2/10      -0.009    0.028          -0.32
   W=5         10  9/10      +0.047    0.062          +0.75
   W=10        10  6/10      +0.034    0.089          +0.38
   W=20        10  5/10      +0.008    0.126          +0.07
   W=60        10  6/10      +0.060    0.224          +0.27
